Component: ARM Compiler 5.05 (build 41) Tool: armlink [4d0eb9]

==============================================================================

Section Cross References

    startup_stm32f2xx.o(STACK) refers (Special) to heapauxi.o(.text) for __use_two_region_memory
    startup_stm32f2xx.o(HEAP) refers (Special) to heapauxi.o(.text) for __use_two_region_memory
    startup_stm32f2xx.o(RESET) refers (Special) to heapauxi.o(.text) for __use_two_region_memory
    startup_stm32f2xx.o(RESET) refers to startup_stm32f2xx.o(STACK) for __initial_sp
    startup_stm32f2xx.o(RESET) refers to startup_stm32f2xx.o(.text) for Reset_Handler
    startup_stm32f2xx.o(RESET) refers to igs_uart.o(.text) for DMA1_Stream1_IRQHandler
    startup_stm32f2xx.o(RESET) refers to igs_timer.o(.text) for TIM2_IRQHandler
    startup_stm32f2xx.o(RESET) refers to igs_pwm.o(.text) for TIM3_IRQHandler
    startup_stm32f2xx.o(RESET) refers to driver_timer.o(.text) for TIM7_IRQHandler
    startup_stm32f2xx.o(RESET) refers to igs_spi.o(.text) for DMA2_Stream0_IRQHandler
    startup_stm32f2xx.o(RESET) refers to igs_can.o(.text) for CAN2_RX0_IRQHandler
    startup_stm32f2xx.o(.text) refers (Special) to heapauxi.o(.text) for __use_two_region_memory
    startup_stm32f2xx.o(.text) refers to system_stm32f2xx.o(.text) for SystemInit
    startup_stm32f2xx.o(.text) refers to __main.o(!!!main) for __main
    startup_stm32f2xx.o(.text) refers to startup_stm32f2xx.o(HEAP) for Heap_Mem
    startup_stm32f2xx.o(.text) refers to startup_stm32f2xx.o(STACK) for Stack_Mem
    system_stm32f2xx.o(.text) refers to system_stm32f2xx.o(.data) for SystemCoreClock
    driver_bifgpio.o(.text) refers to stm32f2xx_gpio.o(.text) for GPIO_Init
    driver_bifgpio.o(.text) refers to stm32f2xx_rcc.o(.text) for RCC_AHB1PeriphClockCmd
    driver_bifgpio.o(.text) refers to driver_bifgpio.o(.data) for DRIVER_BIF_GPIO_InitStruct
    driver_led.o(.text) refers to stm32f2xx_gpio.o(.text) for GPIO_ResetBits
    driver_led.o(.text) refers to stm32f2xx_rcc.o(.text) for RCC_AHB1PeriphClockCmd
    driver_timer.o(.text) refers to driver_bifgpio.o(.text) for DRIVER_BIF_Mode_Set
    driver_timer.o(.text) refers to stm32f2xx_rcc.o(.text) for RCC_APB1PeriphClockCmd
    driver_timer.o(.text) refers to stm32f2xx_tim.o(.text) for TIM_TimeBaseInit
    driver_timer.o(.text) refers to misc.o(.text) for NVIC_Init
    driver_timer.o(.text) refers to driver_timer.o(.data) for DRIVER_TIMER_Poll_BusState
    driver_timer.o(.text) refers to driver_timer.o(.bss) for DRIVER_TIMER_Poll_Buffer
    driver_usart.o(.rev16_text) refers (Special) to use_no_semi_2.o(.text) for __use_no_semihosting
    driver_usart.o(.revsh_text) refers (Special) to use_no_semi_2.o(.text) for __use_no_semihosting
    driver_usart.o(.rrx_text) refers (Special) to use_no_semi_2.o(.text) for __use_no_semihosting
    driver_usart.o(.text) refers (Special) to use_no_semi_2.o(.text) for __use_no_semihosting
    driver_usart.o(.text) refers to _printf_percent.o(.ARM.Collect$$_printf_percent$$00000000) for _printf_percent
    driver_usart.o(.text) refers to _printf_c.o(.ARM.Collect$$_printf_percent$$00000013) for _printf_c
    driver_usart.o(.text) refers to _printf_str.o(.text) for _printf_str
    driver_usart.o(.text) refers to stm32f2xx_rcc.o(.text) for RCC_AHB1PeriphClockCmd
    driver_usart.o(.text) refers to stm32f2xx_gpio.o(.text) for GPIO_PinAFConfig
    driver_usart.o(.text) refers to stm32f2xx_usart.o(.text) for USART_Init
    driver_usart.o(.text) refers to misc.o(.text) for NVIC_Init
    driver_usart.o(.text) refers to noretval__2printf.o(.text) for __2printf
    driver_usart.o(.data) refers (Special) to use_no_semi_2.o(.text) for __use_no_semihosting
    stm32f2xx_gpio.o(.text) refers to stm32f2xx_rcc.o(.text) for RCC_AHB1PeriphResetCmd
    stm32f2xx_rcc.o(.text) refers to stm32f2xx_rcc.o(.data) for APBAHBPrescTable
    stm32f2xx_tim.o(.text) refers to stm32f2xx_rcc.o(.text) for RCC_APB2PeriphResetCmd
    stm32f2xx_usart.o(.text) refers to stm32f2xx_rcc.o(.text) for RCC_APB2PeriphResetCmd
    stm32f2xx_spi.o(.text) refers to stm32f2xx_rcc.o(.text) for RCC_APB2PeriphResetCmd
    stm32f2xx_can.o(.text) refers to stm32f2xx_rcc.o(.text) for RCC_APB1PeriphResetCmd
    bif_addr_io.o(.text) refers to bif_driver.o(.text) for bif_send_pkt_only
    bif_addr_io.o(.text) refers to bif_addr_io.o(.data) for ctrl_map_ptr
    bif_driver.o(.text) refers to driver_timer.o(.text) for DRIVER_TIMER_SetTau
    bif_driver.o(.text) refers to bif_protocol.o(.text) for bif_set_parity_bits
    bif_driver.o(.text) refers to rt_memclr_w.o(.text) for __aeabi_memclr4
    bif_driver.o(.text) refers to driver_bifgpio.o(.text) for DRIVER_BIF_Mode_Set
    main.o(.text) refers to system_stm32f2xx.o(.text) for SystemCoreClockUpdate
    main.o(.text) refers to misc.o(.text) for NVIC_PriorityGroupConfig
    main.o(.text) refers to igs_init.o(.text) for igs_init
[...]
    optiga_async_rand_ptr                    0x200000ac   Data           4  optiga_async.o(.data)
    optiga_async_pid_ptr                     0x200000b0   Data           4  optiga_async.o(.data)
    optiga_async_vid_ptr                     0x200000b4   Data           4  optiga_async.o(.data)
    optiga_async_cert_ptr                    0x200000b8   Data           4  optiga_async.o(.data)
    optiga_async_lspan_ptr                   0x200000bc   Data           4  optiga_async.o(.data)
    optiga_async_trans_ptr                   0x200000c0   Data           4  optiga_async.o(.data)
    optiga_async_lock_ofs_ptr                0x200000c4   Data           4  optiga_async.o(.data)
    optiga_async_rsp_ptr                     0x200000c8   Data           4  optiga_async.o(.data)
    optiga_async_mac_ptr                     0x200000cc   Data           4  optiga_async.o(.data)
    optiga_async_process_mac_offset          0x200000d0   Data           2  optiga_async.o(.data)
    optiga_async_process_mac_ptr             0x200000d4   Data           4  optiga_async.o(.data)
    optiga_async_nvm_offset                  0x200000d8   Data           2  optiga_async.o(.data)
    optiga_async_nvm_dataLen                 0x200000da   Data           1  optiga_async.o(.data)
    optiga_async_nvm_dataBuf                 0x200000dc   Data           4  optiga_async.o(.data)
    .data                                    0x200000e0   Section        4  igs_timer.o(.data)
    IGS_TIMER_Ticks                          0x200000e0   Data           4  igs_timer.o(.data)
    .data                                    0x200000e4   Section       24  igs_task.o(.data)
    firstRoutineIntTask                      0x200000e4   Data           4  igs_task.o(.data)
    routineIntTaskIndex                      0x200000e8   Data           4  igs_task.o(.data)
    firstRoutinePollingTask                  0x200000ec   Data           4  igs_task.o(.data)
    routinePollingTaskIndex                  0x200000f0   Data           4  igs_task.o(.data)
    firstPollingTask                         0x200000f4   Data           4  igs_task.o(.data)
    pollingTaskIndex                         0x200000f8   Data           4  igs_task.o(.data)
    .data                                    0x200000fc   Section       29  igs_ikv.o(.data)
    ikv_rand                                 0x20000104   Data           2  igs_ikv.o(.data)
    nvmAddr                                  0x20000106   Data           1  igs_ikv.o(.data)
    optiga_polling_result                    0x20000108   Data           4  igs_ikv.o(.data)
    optiga_polling_cmd                       0x2000010c   Data           4  igs_ikv.o(.data)
    optiga_polling_state                     0x20000110   Data           4  igs_ikv.o(.data)
    led_task_id                              0x20000114   Data           4  igs_ikv.o(.data)
    .data                                    0x2000011c   Section      256  igs_gpio.o(.data)
    .data                                    0x2000021c   Section       10  igs_spi.o(.data)
    RxBuffer                                 0x2000021c   Data           4  igs_spi.o(.data)
    TxBuffer                                 0x20000220   Data           4  igs_spi.o(.data)
    .data                                    0x20000228   Section       12  igs_protocol.o(.data)
    pollingNumber                            0x20000228   Data           1  igs_protocol.o(.data)
    num_of_cmd                               0x2000022c   Data           4  igs_protocol.o(.data)
    time_out                                 0x20000230   Data           4  igs_protocol.o(.data)
    .data                                    0x20000234   Section      160  igs_queue.o(.data)
    queue_IGS_QUEUE_RX_TYPE                  0x20000234   Data          28  igs_queue.o(.data)
    queue_IGS_QUEUE_TX_TYPE                  0x20000250   Data          28  igs_queue.o(.data)
    queue_IGS_QUEUE_IKV_CHALLENGE            0x2000026c   Data          28  igs_queue.o(.data)
    queue_IGS_QUEUE_IKV_NVM_WRITE            0x20000288   Data          28  igs_queue.o(.data)
    queue_IGS_QUEUE_IKV_NVM_READ             0x200002a4   Data          28  igs_queue.o(.data)
    .data                                    0x200002d4   Section       80  igs_uart.o(.data)
    uart_baud_table                          0x200002d4   Data          36  igs_uart.o(.data)
    uart_parity_table                        0x200002f8   Data           6  igs_uart.o(.data)
    uart_stop_bit_table                      0x200002fe   Data           4  igs_uart.o(.data)
    uart_data_length_table                   0x20000302   Data          20  igs_uart.o(.data)
    GPIO_InitStructure                       0x20000318   Data           8  igs_uart.o(.data)
    NVIC_InitStructure                       0x20000320   Data           4  igs_uart.o(.data)
    .data                                    0x20000324   Section       68  igs_pwm.o(.data)
    NVIC_InitStructure                       0x20000324   Data           4  igs_pwm.o(.data)
    .data                                    0x20000368   Section       12  igs_can.o(.data)
    target_id                                0x20000368   Data           1  igs_can.o(.data)
    .data                                    0x20000374   Section       12  igs_marquee.o(.data)
    pattern_top                              0x20000378   Data           4  igs_marquee.o(.data)
    group_top                                0x2000037c   Data           4  igs_marquee.o(.data)
    .data                                    0x20000380   Section        9  igs_adc.o(.data)
    command                                  0x20000381   Data           8  igs_adc.o(.data)
    .bss                                     0x2000038c   Section       76  driver_timer.o(.bss)
    DRIVER_TIMER_Poll_Buffer                 0x2000038c   Data          76  driver_timer.o(.bss)
    .bss                                     0x200003d8   Section       10  optiga_nvm.o(.bss)
    magic                                    0x200003d8   Data          10  optiga_nvm.o(.bss)
    .bss                                     0x200003e2   Section       26  optiga_async.o(.bss)
    optiga_async_auth_data                   0x200003e2   Data          26  optiga_async.o(.bss)
    .bss                                     0x200003fc   Section      688  igs_task.o(.bss)
    routineIntTaskPool                       0x200003fc   Data          48  igs_task.o(.bss)
    routinePollingTaskPool                   0x2000042c   Data         320  igs_task.o(.bss)
    pollingTaskPool                          0x2000056c   Data         320  igs_task.o(.bss)
    .bss                                     0x200006ac   Section      396  igs_ikv.o(.bss)
    auth_session                             0x200006ac   Data         132  igs_ikv.o(.bss)
    chip_id                                  0x20000730   Data          10  igs_ikv.o(.bss)
    chip_odc                                 0x2000073a   Data          78  igs_ikv.o(.bss)
    response                                 0x20000788   Data          22  igs_ikv.o(.bss)
    mac_data                                 0x2000079e   Data          10  igs_ikv.o(.bss)
    dataBuf                                  0x200007a8   Data          16  igs_ikv.o(.bss)
    command                                  0x200007b8   Data         128  igs_ikv.o(.bss)
    .bss                                     0x20000838   Section       32  igs_gpio.o(.bss)
    command                                  0x20000838   Data          32  igs_gpio.o(.bss)
    .bss                                     0x20000858   Section     2560  igs_protocol.o(.bss)
    commands                                 0x20000858   Data        2048  igs_protocol.o(.bss)
    .bss                                     0x20001258   Section     2144  igs_pulsedevice.o(.bss)
    command                                  0x20001258   Data          32  igs_pulsedevice.o(.bss)
    .bss                                     0x20001ab8   Section     4732  igs_queue.o(.bss)
    buf_IGS_QUEUE_RX_TYPE                    0x20001ab8   Data        2048  igs_queue.o(.bss)
    sizeArray_IGS_QUEUE_RX_TYPE              0x200022b8   Data          32  igs_queue.o(.bss)
    buf_IGS_QUEUE_TX_TYPE                    0x200022d8   Data        2048  igs_queue.o(.bss)
    sizeArray_IGS_QUEUE_TX_TYPE              0x20002ad8   Data          32  igs_queue.o(.bss)
    buf_IGS_QUEUE_IKV_CHALLENGE              0x20002af8   Data         320  igs_queue.o(.bss)
    sizeArray_IGS_QUEUE_IKV_CHALLENGE        0x20002c38   Data          40  igs_queue.o(.bss)
    buf_IGS_QUEUE_IKV_NVM_WRITE              0x20002c60   Data          68  igs_queue.o(.bss)
    sizeArray_IGS_QUEUE_IKV_NVM_WRITE        0x20002ca4   Data          16  igs_queue.o(.bss)
    buf_IGS_QUEUE_IKV_NVM_READ               0x20002cb4   Data          25  igs_queue.o(.bss)
    sizeArray_IGS_QUEUE_IKV_NVM_READ         0x20002cd0   Data         100  igs_queue.o(.bss)
    .bss                                     0x20002d34   Section     1988  igs_uart.o(.bss)
    DMA_InitStructure                        0x20002db8   Data          60  igs_uart.o(.bss)
    USART_InitStructure                      0x20002df4   Data          16  igs_uart.o(.bss)
    command                                  0x20002e28   Data         256  igs_uart.o(.bss)
    igs_usart2_tx                            0x20002f28   Data         248  igs_uart.o(.bss)
    igs_usart2_rx                            0x20003020   Data         248  igs_uart.o(.bss)
    igs_usart3_tx                            0x20003118   Data         248  igs_uart.o(.bss)
    igs_usart3_rx                            0x20003210   Data         248  igs_uart.o(.bss)
    igs_uart4_tx                             0x20003308   Data         248  igs_uart.o(.bss)
    igs_uart4_rx                             0x20003400   Data         248  igs_uart.o(.bss)
    .bss                                     0x200034f8   Section       40  igs_pwm.o(.bss)
    command                                  0x200034f8   Data          16  igs_pwm.o(.bss)
    .bss                                     0x20003520   Section       84  igs_can.o(.bss)
    command                                  0x20003520   Data          16  igs_can.o(.bss)
    CAN_InitStructure                        0x20003530   Data          12  igs_can.o(.bss)
    CAN_FilterInitStructure                  0x2000353c   Data          14  igs_can.o(.bss)
    TxMessage                                0x2000354c   Data          20  igs_can.o(.bss)
    RxMessage                                0x20003560   Data          20  igs_can.o(.bss)
    .bss                                     0x20003574   Section    32864  igs_marquee.o(.bss)
    .bss                                     0x2000b5d4   Section       96  libspace.o(.bss)
    HEAP                                     0x2000b638   Section      512  startup_stm32f2xx.o(HEAP)
    Heap_Mem                                 0x2000b638   Data         512  startup_stm32f2xx.o(HEAP)
    STACK                                    0x2000b838   Section     1024  startup_stm32f2xx.o(STACK)
    Stack_Mem                                0x2000b838   Data        1024  startup_stm32f2xx.o(STACK)
    __initial_sp                             0x2000bc38   Data           0  startup_stm32f2xx.o(STACK)

    Global Symbols

    Symbol Name                              Value     Ov Type        Size  Object(Section)

    BuildAttributes$$THM_ISAv4$P$D$K$B$S$PE$A:L22UL41UL21$X:L11$S22US41US21$IEEE1$IW$USESV6$~STKCKD$USESV7$~SHL$OSPACE$ROPI$EBA8$UX$STANDARDLIB$REQ8$PRES8$EABIv2 0x00000000   Number         0  anon$$obj.o ABSOLUTE
    __ARM_use_no_argv                        0x00000000   Number         0  main.o ABSOLUTE
    _printf_flags                            0x00000000   Number         0  printf_stubs.o ABSOLUTE
    _printf_return_value                     0x00000000   Number         0  printf_stubs.o ABSOLUTE
    _printf_sizespec                         0x00000000   Number         0  printf_stubs.o ABSOLUTE
    _printf_widthprec                        0x00000000   Number         0  printf_stubs.o ABSOLUTE
    __ARM_exceptions_init                     - Undefined Weak Reference
    __alloca_initialize                       - Undefined Weak Reference
    __arm_preinit_                            - Undefined Weak Reference
    __cpp_initialize__aeabi_                  - Undefined Weak Reference
    __cxa_finalize                            - Undefined Weak Reference
    __rt_locale                               - Undefined Weak Reference
    __sigvec_lookup                           - Undefined Weak Reference
    _atexit_init                              - Undefined Weak Reference
    _call_atexit_fns                          - Undefined Weak Reference
    _clock_init                               - Undefined Weak Reference
    _fp_trap_init                             - Undefined Weak Reference
    _fp_trap_shutdown                         - Undefined Weak Reference
    _get_lc_collate                           - Undefined Weak Reference
    _get_lc_ctype                             - Undefined Weak Reference
    _get_lc_monetary                          - Undefined Weak Reference
    _get_lc_numeric                           - Undefined Weak Reference
    _get_lc_time                              - Undefined Weak Reference
    _getenv_init                              - Undefined Weak Reference
    _handle_redirection                       - Undefined Weak Reference
    _init_alloc                               - Undefined Weak Reference
    _init_user_alloc                          - Undefined Weak Reference
    _initio                                   - Undefined Weak Reference
    _mutex_acquire                            - Undefined Weak Reference
    _mutex_release                            - Undefined Weak Reference
    _printf_mbtowc                            - Undefined Weak Reference
    _printf_truncate_signed                   - Undefined Weak Reference
    _printf_truncate_unsigned                 - Undefined Weak Reference
    _rand_init                                - Undefined Weak Reference
    _signal_finish                            - Undefined Weak Reference
    _signal_init                              - Undefined Weak Reference
    _terminate_alloc                          - Undefined Weak Reference
    _terminate_user_alloc                     - Undefined Weak Reference
    _terminateio                              - Undefined Weak Reference
    __Vectors_Size                           0x00000184   Number         0  startup_stm32f2xx.o ABSOLUTE
    __Vectors                                0x08000000   Data           4  startup_stm32f2xx.o(RESET)
    __Vectors_End                            0x08000184   Data           0  startup_stm32f2xx.o(RESET)
    __main                                   0x08000185   Thumb Code     8  __main.o(!!!main)
    __scatterload                            0x0800018d   Thumb Code     0  __scatter.o(!!!scatter)
    __scatterload_rt2                        0x0800018d   Thumb Code    44  __scatter.o(!!!scatter)
    __scatterload_rt2_thumb_only             0x0800018d   Thumb Code     0  __scatter.o(!!!scatter)
    __scatterload_null                       0x0800019b   Thumb Code     0  __scatter.o(!!!scatter)
    __decompress                             0x080001c1   Thumb Code    90  __dczerorl2.o(!!dczerorl2)
    __decompress1                            0x080001c1   Thumb Code     0  __dczerorl2.o(!!dczerorl2)
    __scatterload_zeroinit                   0x0800021d   Thumb Code    28  __scatter_zi.o(!!handler_zi)
    _printf_c                                0x08000239   Thumb Code     0  _printf_c.o(.ARM.Collect$$_printf_percent$$00000013)
    _printf_percent                          0x08000239   Thumb Code     0  _printf_percent.o(.ARM.Collect$$_printf_percent$$00000000)
    _printf_percent_end                      0x0800023f   Thumb Code     0  _printf_percent_end.o(.ARM.Collect$$_printf_percent$$00000017)
    __rt_lib_init                            0x08000243   Thumb Code     0  libinit.o(.ARM.Collect$$libinit$$00000000)
    __rt_lib_init_alloca_1                   0x08000245   Thumb Code     0  libinit2.o(.ARM.Collect$$libinit$$0000002E)
    __rt_lib_init_argv_1                     0x08000245   Thumb Code     0  libinit2.o(.ARM.Collect$$libinit$$0000002C)
    __rt_lib_init_atexit_1                   0x08000245   Thumb Code     0  libinit2.o(.ARM.Collect$$libinit$$0000001B)
    __rt_lib_init_clock_1                    0x08000245   Thumb Code     0  libinit2.o(.ARM.Collect$$libinit$$00000021)
    __rt_lib_init_cpp_1                      0x08000245   Thumb Code     0  libinit2.o(.ARM.Collect$$libinit$$00000032)
    __rt_lib_init_exceptions_1               0x08000245   Thumb Code     0  libinit2.o(.ARM.Collect$$libinit$$00000030)
    __rt_lib_init_fp_1                       0x08000245   Thumb Code     0  libinit2.o(.ARM.Collect$$libinit$$00000002)
    __rt_lib_init_fp_trap_1                  0x08000245   Thumb Code     0  libinit2.o(.ARM.Collect$$libinit$$0000001F)
    __rt_lib_init_getenv_1                   0x08000245   Thumb Code     0  libinit2.o(.ARM.Collect$$libinit$$00000023)
    __rt_lib_init_heap_1                     0x08000245   Thumb Code     0  libinit2.o(.ARM.Collect$$libinit$$0000000A)
    __rt_lib_init_lc_collate_1               0x08000245   Thumb Code     0  libinit2.o(.ARM.Collect$$libinit$$00000011)
    __rt_lib_init_lc_ctype_1                 0x08000245   Thumb Code     0  libinit2.o(.ARM.Collect$$libinit$$00000013)
    __rt_lib_init_lc_monetary_1              0x08000245   Thumb Code     0  libinit2.o(.ARM.Collect$$libinit$$00000015)
    __rt_lib_init_lc_numeric_1               0x08000245   Thumb Code     0  libinit2.o(.ARM.Collect$$libinit$$00000017)
    __rt_lib_init_lc_time_1                  0x08000245   Thumb Code     0  libinit2.o(.ARM.Collect$$libinit$$00000019)
    __rt_lib_init_preinit_1                  0x08000245   Thumb Code     0  libinit2.o(.ARM.Collect$$libinit$$00000004)
    __rt_lib_init_rand_1                     0x08000245   Thumb Code     0  libinit2.o(.ARM.Collect$$libinit$$0000000E)
    __rt_lib_init_return                     0x08000245   Thumb Code     0  libinit2.o(.ARM.Collect$$libinit$$00000033)
    __rt_lib_init_signal_1                   0x08000245   Thumb Code     0  libinit2.o(.ARM.Collect$$libinit$$0000001D)
    __rt_lib_init_stdio_1                    0x08000245   Thumb Code     0  libinit2.o(.ARM.Collect$$libinit$$00000025)
    __rt_lib_init_user_alloc_1               0x08000245   Thumb Code     0  libinit2.o(.ARM.Collect$$libinit$$0000000C)
    __rt_lib_shutdown                        0x08000247   Thumb Code     0  libshutdown.o(.ARM.Collect$$libshutdown$$00000000)
    __rt_lib_shutdown_fp_trap_1              0x08000249   Thumb Code     0  libshutdown2.o(.ARM.Collect$$libshutdown$$00000006)
    __rt_lib_shutdown_heap_1                 0x08000249   Thumb Code     0  libshutdown2.o(.ARM.Collect$$libshutdown$$0000000E)
    __rt_lib_shutdown_return                 0x08000249   Thumb Code     0  libshutdown2.o(.ARM.Collect$$libshutdown$$0000000F)
    __rt_lib_shutdown_signal_1               0x08000249   Thumb Code     0  libshutdown2.o(.ARM.Collect$$libshutdown$$00000009)
    __rt_lib_shutdown_stdio_1                0x08000249   Thumb Code     0  libshutdown2.o(.ARM.Collect$$libshutdown$$00000003)
    __rt_lib_shutdown_user_alloc_1           0x08000249   Thumb Code     0  libshutdown2.o(.ARM.Collect$$libshutdown$$0000000B)
    __rt_entry                               0x0800024b   Thumb Code     0  __rtentry.o(.ARM.Collect$$rtentry$$00000000)
    __rt_entry_presh_1                       0x0800024b   Thumb Code     0  __rtentry2.o(.ARM.Collect$$rtentry$$00000002)
    __rt_entry_sh                            0x0800024b   Thumb Code     0  __rtentry4.o(.ARM.Collect$$rtentry$$00000004)
    __rt_entry_li                            0x08000251   Thumb Code     0  __rtentry2.o(.ARM.Collect$$rtentry$$0000000A)
    __rt_entry_postsh_1                      0x08000251   Thumb Code     0  __rtentry2.o(.ARM.Collect$$rtentry$$00000009)
    __rt_entry_main                          0x08000255   Thumb Code     0  __rtentry2.o(.ARM.Collect$$rtentry$$0000000D)
    __rt_entry_postli_1                      0x08000255   Thumb Code     0  __rtentry2.o(.ARM.Collect$$rtentry$$0000000C)
    __rt_exit                                0x0800025d   Thumb Code     0  rtexit.o(.ARM.Collect$$rtexit$$00000000)
    __rt_exit_ls                             0x0800025f   Thumb Code     0  rtexit2.o(.ARM.Collect$$rtexit$$00000003)
    __rt_exit_prels_1                        0x0800025f   Thumb Code     0  rtexit2.o(.ARM.Collect$$rtexit$$00000002)
    __rt_exit_exit                           0x08000263   Thumb Code     0  rtexit2.o(.ARM.Collect$$rtexit$$00000004)
    Reset_Handler                            0x08000269   Thumb Code     8  startup_stm32f2xx.o(.text)
    NMI_Handler                              0x08000271   Thumb Code     2  startup_stm32f2xx.o(.text)
    HardFault_Handler                        0x08000273   Thumb Code     2  startup_stm32f2xx.o(.text)
    MemManage_Handler                        0x08000275   Thumb Code     2  startup_stm32f2xx.o(.text)
    BusFault_Handler                         0x08000277   Thumb Code     2  startup_stm32f2xx.o(.text)
    UsageFault_Handler                       0x08000279   Thumb Code     2  startup_stm32f2xx.o(.text)
    SVC_Handler                              0x0800027b   Thumb Code     2  startup_stm32f2xx.o(.text)
    DebugMon_Handler                         0x0800027d   Thumb Code     2  startup_stm32f2xx.o(.text)
    PendSV_Handler                           0x0800027f   Thumb Code     2  startup_stm32f2xx.o(.text)
    SysTick_Handler                          0x08000281   Thumb Code     2  startup_stm32f2xx.o(.text)
    ADC_IRQHandler                           0x08000283   Thumb Code     0  startup_stm32f2xx.o(.text)
    CAN1_RX0_IRQHandler                      0x08000283   Thumb Code     0  startup_stm32f2xx.o(.text)
    CAN1_RX1_IRQHandler                      0x08000283   Thumb Code     0  startup_stm32f2xx.o(.text)
    CAN1_SCE_IRQHandler                      0x08000283   Thumb Code     0  startup_stm32f2xx.o(.text)
    CAN1_TX_IRQHandler                       0x08000283   Thumb Code     0  startup_stm32f2xx.o(.text)
    CAN2_RX1_IRQHandler                      0x08000283   Thumb Code     0  startup_stm32f2xx.o(.text)
    CAN2_SCE_IRQHandler                      0x08000283   Thumb Code     0  startup_stm32f2xx.o(.text)
    CAN2_TX_IRQHandler                       0x08000283   Thumb Code     0  startup_stm32f2xx.o(.text)
    CRYP_IRQHandler                          0x08000283   Thumb Code     0  startup_stm32f2xx.o(.text)
    DCMI_IRQHandler                          0x08000283   Thumb Code     0  startup_stm32f2xx.o(.text)
    DMA1_Stream0_IRQHandler                  0x08000283   Thumb Code     0  startup_stm32f2xx.o(.text)
    DMA1_Stream7_IRQHandler                  0x08000283   Thumb Code     0  startup_stm32f2xx.o(.text)
    DMA2_Stream1_IRQHandler                  0x08000283   Thumb Code     0  startup_stm32f2xx.o(.text)
    DMA2_Stream2_IRQHandler                  0x08000283   Thumb Code     0  startup_stm32f2xx.o(.text)
    DMA2_Stream4_IRQHandler                  0x08000283   Thumb Code     0  startup_stm32f2xx.o(.text)
    DMA2_Stream5_IRQHandler                  0x08000283   Thumb Code     0  startup_stm32f2xx.o(.text)
    DMA2_Stream6_IRQHandler                  0x08000283   Thumb Code     0  startup_stm32f2xx.o(.text)
    DMA2_Stream7_IRQHandler                  0x08000283   Thumb Code     0  startup_stm32f2xx.o(.text)
    ETH_IRQHandler                           0x08000283   Thumb Code     0  startup_stm32f2xx.o(.text)
    ETH_WKUP_IRQHandler                      0x08000283   Thumb Code     0  startup_stm32f2xx.o(.text)
    EXTI0_IRQHandler                         0x08000283   Thumb Code     0  startup_stm32f2xx.o(.text)
    EXTI15_10_IRQHandler                     0x08000283   Thumb Code     0  startup_stm32f2xx.o(.text)
    EXTI1_IRQHandler                         0x08000283   Thumb Code     0  startup_stm32f2xx.o(.text)
    EXTI2_IRQHandler                         0x08000283   Thumb Code     0  startup_stm32f2xx.o(.text)
    EXTI3_IRQHandler                         0x08000283   Thumb Code     0  startup_stm32f2xx.o(.text)
    EXTI4_IRQHandler                         0x08000283   Thumb Code     0  startup_stm32f2xx.o(.text)
    EXTI9_5_IRQHandler                       0x08000283   Thumb Code     0  startup_stm32f2xx.o(.text)
    FLASH_IRQHandler                         0x08000283   Thumb Code     0  startup_stm32f2xx.o(.text)
    FSMC_IRQHandler                          0x08000283   Thumb Code     0  startup_stm32f2xx.o(.text)
    HASH_RNG_IRQHandler                      0x08000283   Thumb Code     0  startup_stm32f2xx.o(.text)
    I2C1_ER_IRQHandler                       0x08000283   Thumb Code     0  startup_stm32f2xx.o(.text)
    I2C1_EV_IRQHandler                       0x08000283   Thumb Code     0  startup_stm32f2xx.o(.text)
    I2C2_ER_IRQHandler                       0x08000283   Thumb Code     0  startup_stm32f2xx.o(.text)
    I2C2_EV_IRQHandler                       0x08000283   Thumb Code     0  startup_stm32f2xx.o(.text)
    I2C3_ER_IRQHandler                       0x08000283   Thumb Code     0  startup_stm32f2xx.o(.text)
    I2C3_EV_IRQHandler                       0x08000283   Thumb Code     0  startup_stm32f2xx.o(.text)
    OTG_FS_IRQHandler                        0x08000283   Thumb Code     0  startup_stm32f2xx.o(.text)
    OTG_FS_WKUP_IRQHandler                   0x08000283   Thumb Code     0  startup_stm32f2xx.o(.text)
    OTG_HS_EP1_IN_IRQHandler                 0x08000283   Thumb Code     0  startup_stm32f2xx.o(.text)
    OTG_HS_EP1_OUT_IRQHandler                0x08000283   Thumb Code     0  startup_stm32f2xx.o(.text)
    OTG_HS_IRQHandler                        0x08000283   Thumb Code     0  startup_stm32f2xx.o(.text)
    OTG_HS_WKUP_IRQHandler                   0x08000283   Thumb Code     0  startup_stm32f2xx.o(.text)
    PVD_IRQHandler                           0x08000283   Thumb Code     0  startup_stm32f2xx.o(.text)
    RCC_IRQHandler                           0x08000283   Thumb Code     0  startup_stm32f2xx.o(.text)
    RTC_Alarm_IRQHandler                     0x08000283   Thumb Code     0  startup_stm32f2xx.o(.text)
    RTC_WKUP_IRQHandler                      0x08000283   Thumb Code     0  startup_stm32f2xx.o(.text)
    SDIO_IRQHandler                          0x08000283   Thumb Code     0  startup_stm32f2xx.o(.text)
    SPI1_IRQHandler                          0x08000283   Thumb Code     0  startup_stm32f2xx.o(.text)
    SPI2_IRQHandler                          0x08000283   Thumb Code     0  startup_stm32f2xx.o(.text)
    SPI3_IRQHandler                          0x08000283   Thumb Code     0  startup_stm32f2xx.o(.text)
    TAMP_STAMP_IRQHandler                    0x08000283   Thumb Code     0  startup_stm32f2xx.o(.text)
    TIM1_BRK_TIM9_IRQHandler                 0x08000283   Thumb Code     0  startup_stm32f2xx.o(.text)
    TIM1_CC_IRQHandler                       0x08000283   Thumb Code     0  startup_stm32f2xx.o(.text)
    TIM1_TRG_COM_TIM11_IRQHandler            0x08000283   Thumb Code     0  startup_stm32f2xx.o(.text)
    TIM1_UP_TIM10_IRQHandler                 0x08000283   Thumb Code     0  startup_stm32f2xx.o(.text)
    TIM4_IRQHandler                          0x08000283   Thumb Code     0  startup_stm32f2xx.o(.text)
    TIM5_IRQHandler                          0x08000283   Thumb Code     0  startup_stm32f2xx.o(.text)
    TIM6_DAC_IRQHandler                      0x08000283   Thumb Code     0  startup_stm32f2xx.o(.text)
    TIM8_BRK_TIM12_IRQHandler                0x08000283   Thumb Code     0  startup_stm32f2xx.o(.text)
    TIM8_CC_IRQHandler                       0x08000283   Thumb Code     0  startup_stm32f2xx.o(.text)
    TIM8_TRG_COM_TIM14_IRQHandler            0x08000283   Thumb Code     0  startup_stm32f2xx.o(.text)
    TIM8_UP_TIM13_IRQHandler                 0x08000283   Thumb Code     0  startup_stm32f2xx.o(.text)
    UART5_IRQHandler                         0x08000283   Thumb Code     0  startup_stm32f2xx.o(.text)
    USART1_IRQHandler                        0x08000283   Thumb Code     0  startup_stm32f2xx.o(.text)
    USART6_IRQHandler                        0x08000283   Thumb Code     0  startup_stm32f2xx.o(.text)
    WWDG_IRQHandler                          0x08000283   Thumb Code     0  startup_stm32f2xx.o(.text)
    __user_initial_stackheap                 0x08000285   Thumb Code     0  startup_stm32f2xx.o(.text)
    SystemInit                               0x08000369   Thumb Code    74  system_stm32f2xx.o(.text)
    SystemCoreClockUpdate                    0x080003b3   Thumb Code   174  system_stm32f2xx.o(.text)
    DRIVER_BIF_Mode_Set                      0x08000489   Thumb Code    34  driver_bifgpio.o(.text)
    DRIVER_BIF_Config                        0x080004ab   Thumb Code    26  driver_bifgpio.o(.text)
    DRIVER_BIF_SetHigh                       0x080004c5   Thumb Code    14  driver_bifgpio.o(.text)
    DRIVER_BIF_SetLow                        0x080004d3   Thumb Code    14  driver_bifgpio.o(.text)
    DRIVER_BIF_Toggle                        0x080004e1   Thumb Code    14  driver_bifgpio.o(.text)
    DRIVER_BIF_GetValue                      0x080004ef   Thumb Code    14  driver_bifgpio.o(.text)
    DRIVER_LED_On                            0x08000505   Thumb Code    14  driver_led.o(.text)
    DRIVER_LED_Off                           0x08000513   Thumb Code    14  driver_led.o(.text)
    DRIVER_LED_Toggle                        0x08000521   Thumb Code    14  driver_led.o(.text)
    DRIVER_LED_Config                        0x0800052f   Thumb Code    50  driver_led.o(.text)
    DRIVER_TIMER_GetCurrState                0x080005e5   Thumb Code     6  driver_timer.o(.text)
    DRIVER_TIMER_SetTask                     0x080005eb   Thumb Code    92  driver_timer.o(.text)
    DRIVER_BIF_GetPollResults                0x08000647   Thumb Code     4  driver_timer.o(.text)
    DRIVER_TIMER_GetTau                      0x0800064b   Thumb Code     6  driver_timer.o(.text)
    DRIVER_TIMER_SetTau                      0x08000651   Thumb Code    26  driver_timer.o(.text)
    DRIVER_TIMER_Delayus                     0x0800066b   Thumb Code    18  driver_timer.o(.text)
    DRIVER_TIMER_Config                      0x0800067d   Thumb Code    98  driver_timer.o(.text)
    TIM7_IRQHandler                          0x080006df   Thumb Code   266  driver_timer.o(.text)
    DRIVER_USART_Config                      0x08000815   Thumb Code   138  driver_usart.o(.text)
    DRIVER_USART_NVIC_Config                 0x0800089f   Thumb Code    46  driver_usart.o(.text)
    DRIVER_USART_GetChar                     0x080008cd   Thumb Code    26  driver_usart.o(.text)
    DRIVER_USART_GetLine                     0x080008e7   Thumb Code    54  driver_usart.o(.text)
    fputc                                    0x0800091d   Thumb Code    32  driver_usart.o(.text)
    _sys_exit                                0x0800093d   Thumb Code     4  driver_usart.o(.text)
    NVIC_PriorityGroupConfig                 0x08000951   Thumb Code    10  misc.o(.text)
    NVIC_Init                                0x0800095b   Thumb Code   106  misc.o(.text)
    NVIC_SetVectorTable                      0x080009c5   Thumb Code    14  misc.o(.text)
    NVIC_SystemLPConfig                      0x080009d3   Thumb Code    34  misc.o(.text)
    SysTick_CLKSourceConfig                  0x080009f5   Thumb Code    40  misc.o(.text)
    GPIO_DeInit                              0x08000a31   Thumb Code   220  stm32f2xx_gpio.o(.text)
    GPIO_Init                                0x08000b0d   Thumb Code   144  stm32f2xx_gpio.o(.text)
    GPIO_StructInit                          0x08000b9d   Thumb Code    18  stm32f2xx_gpio.o(.text)
    GPIO_PinLockConfig                       0x08000baf   Thumb Code    34  stm32f2xx_gpio.o(.text)
    GPIO_ReadInputDataBit                    0x08000bd1   Thumb Code    18  stm32f2xx_gpio.o(.text)
    GPIO_ReadInputData                       0x08000be3   Thumb Code     8  stm32f2xx_gpio.o(.text)
    GPIO_ReadOutputDataBit                   0x08000beb   Thumb Code    18  stm32f2xx_gpio.o(.text)
    GPIO_ReadOutputData                      0x08000bfd   Thumb Code     8  stm32f2xx_gpio.o(.text)
    GPIO_SetBits                             0x08000c05   Thumb Code     4  stm32f2xx_gpio.o(.text)
    GPIO_ResetBits                           0x08000c09   Thumb Code     4  stm32f2xx_gpio.o(.text)
    GPIO_WriteBit                            0x08000c0d   Thumb Code    10  stm32f2xx_gpio.o(.text)
    GPIO_Write                               0x08000c17   Thumb Code     4  stm32f2xx_gpio.o(.text)
    GPIO_ToggleBits                          0x08000c1b   Thumb Code     8  stm32f2xx_gpio.o(.text)
    GPIO_PinAFConfig                         0x08000c23   Thumb Code    70  stm32f2xx_gpio.o(.text)
    RCC_DeInit                               0x08000c8d   Thumb Code    60  stm32f2xx_rcc.o(.text)
    RCC_HSEConfig                            0x08000cc9   Thumb Code    14  stm32f2xx_rcc.o(.text)
    RCC_GetFlagStatus                        0x08000cd7   Thumb Code    60  stm32f2xx_rcc.o(.text)
    RCC_WaitForHSEStartUp                    0x08000d13   Thumb Code    56  stm32f2xx_rcc.o(.text)
    RCC_AdjustHSICalibrationValue            0x08000d4b   Thumb Code    20  stm32f2xx_rcc.o(.text)
    RCC_HSICmd                               0x08000d5f   Thumb Code     6  stm32f2xx_rcc.o(.text)
    RCC_LSEConfig                            0x08000d65   Thumb Code    46  stm32f2xx_rcc.o(.text)
    RCC_LSICmd                               0x08000d93   Thumb Code     6  stm32f2xx_rcc.o(.text)
    RCC_PLLConfig                            0x08000d99   Thumb Code    32  stm32f2xx_rcc.o(.text)
    RCC_PLLCmd                               0x08000db9   Thumb Code     6  stm32f2xx_rcc.o(.text)
    RCC_PLLI2SConfig                         0x08000dbf   Thumb Code    14  stm32f2xx_rcc.o(.text)
    RCC_PLLI2SCmd                            0x08000dcd   Thumb Code     6  stm32f2xx_rcc.o(.text)
    RCC_ClockSecuritySystemCmd               0x08000dd3   Thumb Code     6  stm32f2xx_rcc.o(.text)
    RCC_MCO1Config                           0x08000dd9   Thumb Code    28  stm32f2xx_rcc.o(.text)
    RCC_MCO2Config                           0x08000df5   Thumb Code    28  stm32f2xx_rcc.o(.text)
    RCC_SYSCLKConfig                         0x08000e11   Thumb Code    20  stm32f2xx_rcc.o(.text)
    RCC_GetSYSCLKSource                      0x08000e25   Thumb Code    12  stm32f2xx_rcc.o(.text)
    RCC_HCLKConfig                           0x08000e31   Thumb Code    20  stm32f2xx_rcc.o(.text)
    RCC_PCLK1Config                          0x08000e45   Thumb Code    20  stm32f2xx_rcc.o(.text)
    RCC_PCLK2Config                          0x08000e59   Thumb Code    22  stm32f2xx_rcc.o(.text)
    RCC_GetClocksFreq                        0x08000e6f   Thumb Code   222  stm32f2xx_rcc.o(.text)
    RCC_RTCCLKConfig                         0x08000f4d   Thumb Code    54  stm32f2xx_rcc.o(.text)
    RCC_RTCCLKCmd                            0x08000f83   Thumb Code     8  stm32f2xx_rcc.o(.text)
    RCC_BackupResetCmd                       0x08000f8b   Thumb Code     8  stm32f2xx_rcc.o(.text)
    RCC_I2SCLKConfig                         0x08000f93   Thumb Code     6  stm32f2xx_rcc.o(.text)
    RCC_AHB1PeriphClockCmd                   0x08000f99   Thumb Code    34  stm32f2xx_rcc.o(.text)
    RCC_AHB2PeriphClockCmd                   0x08000fbb   Thumb Code    34  stm32f2xx_rcc.o(.text)
    RCC_AHB3PeriphClockCmd                   0x08000fdd   Thumb Code    34  stm32f2xx_rcc.o(.text)
    RCC_APB1PeriphClockCmd                   0x08000fff   Thumb Code    34  stm32f2xx_rcc.o(.text)
    RCC_APB2PeriphClockCmd                   0x08001021   Thumb Code    34  stm32f2xx_rcc.o(.text)
    RCC_AHB1PeriphResetCmd                   0x08001043   Thumb Code    34  stm32f2xx_rcc.o(.text)
    RCC_AHB2PeriphResetCmd                   0x08001065   Thumb Code    72  stm32f2xx_rcc.o(.text)
    RCC_AHB3PeriphResetCmd                   0x080010ad   Thumb Code    34  stm32f2xx_rcc.o(.text)
    RCC_APB1PeriphResetCmd                   0x080010cf   Thumb Code    34  stm32f2xx_rcc.o(.text)
    RCC_APB2PeriphResetCmd                   0x080010f1   Thumb Code    34  stm32f2xx_rcc.o(.text)
    RCC_AHB1PeriphClockLPModeCmd             0x08001113   Thumb Code    34  stm32f2xx_rcc.o(.text)
    RCC_AHB2PeriphClockLPModeCmd             0x08001135   Thumb Code    34  stm32f2xx_rcc.o(.text)
    RCC_AHB3PeriphClockLPModeCmd             0x08001157   Thumb Code    34  stm32f2xx_rcc.o(.text)
    RCC_APB1PeriphClockLPModeCmd             0x08001179   Thumb Code    34  stm32f2xx_rcc.o(.text)
    RCC_APB2PeriphClockLPModeCmd             0x0800119b   Thumb Code    34  stm32f2xx_rcc.o(.text)
    RCC_ITConfig                             0x080011bd   Thumb Code    34  stm32f2xx_rcc.o(.text)
    RCC_ClearFlag                            0x080011df   Thumb Code    18  stm32f2xx_rcc.o(.text)
    RCC_GetITStatus                          0x080011f1   Thumb Code    22  stm32f2xx_rcc.o(.text)
    RCC_ClearITPendingBit                    0x08001207   Thumb Code     8  stm32f2xx_rcc.o(.text)
    TIM_DeInit                               0x08001215   Thumb Code   346  stm32f2xx_tim.o(.text)
    TIM_TimeBaseInit                         0x0800136f   Thumb Code   104  stm32f2xx_tim.o(.text)
    TIM_TimeBaseStructInit                   0x080013d7   Thumb Code    18  stm32f2xx_tim.o(.text)
    TIM_PrescalerConfig                      0x080013e9   Thumb Code     6  stm32f2xx_tim.o(.text)
    TIM_CounterModeConfig                    0x080013ef   Thumb Code    18  stm32f2xx_tim.o(.text)
    TIM_SetCounter                           0x08001401   Thumb Code     4  stm32f2xx_tim.o(.text)
    TIM_SetAutoreload                        0x08001405   Thumb Code     4  stm32f2xx_tim.o(.text)
    TIM_GetCounter                           0x08001409   Thumb Code     6  stm32f2xx_tim.o(.text)
    TIM_GetPrescaler                         0x0800140f   Thumb Code     6  stm32f2xx_tim.o(.text)
    TIM_UpdateDisableConfig                  0x08001415   Thumb Code    24  stm32f2xx_tim.o(.text)
    TIM_UpdateRequestConfig                  0x0800142d   Thumb Code    24  stm32f2xx_tim.o(.text)
    TIM_ARRPreloadConfig                     0x08001445   Thumb Code    24  stm32f2xx_tim.o(.text)
    TIM_SelectOnePulseMode                   0x0800145d   Thumb Code    18  stm32f2xx_tim.o(.text)
    TIM_SetClockDivision                     0x0800146f   Thumb Code    18  stm32f2xx_tim.o(.text)
    TIM_Cmd                                  0x08001481   Thumb Code    24  stm32f2xx_tim.o(.text)
    TIM_OC1Init                              0x08001499   Thumb Code   114  stm32f2xx_tim.o(.text)
    TIM_OC2Init                              0x0800150b   Thumb Code   154  stm32f2xx_tim.o(.text)
    TIM_OC3Init                              0x080015a5   Thumb Code   204  stm32f2xx_tim.o(.text)
    TIM_OC4Init                              0x08001671   Thumb Code   112  stm32f2xx_tim.o(.text)
    TIM_OCStructInit                         0x080016e1   Thumb Code    20  stm32f2xx_tim.o(.text)
    TIM_SelectOCxM                           0x080016f5   Thumb Code    86  stm32f2xx_tim.o(.text)
    TIM_SetCompare1                          0x0800174b   Thumb Code     4  stm32f2xx_tim.o(.text)
    TIM_SetCompare2                          0x0800174f   Thumb Code     4  stm32f2xx_tim.o(.text)
    TIM_SetCompare3                          0x08001753   Thumb Code     4  stm32f2xx_tim.o(.text)
    TIM_SetCompare4                          0x08001757   Thumb Code     4  stm32f2xx_tim.o(.text)
    TIM_ForcedOC1Config                      0x0800175b   Thumb Code    18  stm32f2xx_tim.o(.text)
    TIM_ForcedOC2Config                      0x0800176d   Thumb Code    26  stm32f2xx_tim.o(.text)
    TIM_ForcedOC3Config                      0x08001787   Thumb Code    18  stm32f2xx_tim.o(.text)
    TIM_ForcedOC4Config                      0x08001799   Thumb Code    26  stm32f2xx_tim.o(.text)
    TIM_OC1PreloadConfig                     0x080017b3   Thumb Code    18  stm32f2xx_tim.o(.text)
    TIM_OC2PreloadConfig                     0x080017c5   Thumb Code    26  stm32f2xx_tim.o(.text)
    TIM_OC3PreloadConfig                     0x080017df   Thumb Code    18  stm32f2xx_tim.o(.text)
    TIM_OC4PreloadConfig                     0x080017f1   Thumb Code    26  stm32f2xx_tim.o(.text)
    TIM_OC1FastConfig                        0x0800180b   Thumb Code    18  stm32f2xx_tim.o(.text)
    TIM_OC2FastConfig                        0x0800181d   Thumb Code    26  stm32f2xx_tim.o(.text)
    TIM_OC3FastConfig                        0x08001837   Thumb Code    18  stm32f2xx_tim.o(.text)
    TIM_OC4FastConfig                        0x08001849   Thumb Code    26  stm32f2xx_tim.o(.text)
    TIM_ClearOC1Ref                          0x08001863   Thumb Code    18  stm32f2xx_tim.o(.text)
    TIM_ClearOC2Ref                          0x08001875   Thumb Code    24  stm32f2xx_tim.o(.text)
    TIM_ClearOC3Ref                          0x0800188d   Thumb Code    18  stm32f2xx_tim.o(.text)
    TIM_ClearOC4Ref                          0x0800189f   Thumb Code    24  stm32f2xx_tim.o(.text)
    TIM_OC1PolarityConfig                    0x080018b7   Thumb Code    18  stm32f2xx_tim.o(.text)
    TIM_OC1NPolarityConfig                   0x080018c9   Thumb Code    18  stm32f2xx_tim.o(.text)
    TIM_OC2PolarityConfig                    0x080018db   Thumb Code    26  stm32f2xx_tim.o(.text)
    TIM_OC2NPolarityConfig                   0x080018f5   Thumb Code    26  stm32f2xx_tim.o(.text)
    TIM_OC3PolarityConfig                    0x0800190f   Thumb Code    26  stm32f2xx_tim.o(.text)
    TIM_OC3NPolarityConfig                   0x08001929   Thumb Code    26  stm32f2xx_tim.o(.text)
    TIM_OC4PolarityConfig                    0x08001943   Thumb Code    26  stm32f2xx_tim.o(.text)
    TIM_CCxCmd                               0x0800195d   Thumb Code    30  stm32f2xx_tim.o(.text)
    TIM_CCxNCmd                              0x0800197b   Thumb Code    30  stm32f2xx_tim.o(.text)
    TIM_SetIC4Prescaler                      0x08001999   Thumb Code    26  stm32f2xx_tim.o(.text)
    TIM_SetIC3Prescaler                      0x08001a03   Thumb Code    18  stm32f2xx_tim.o(.text)
    TIM_SetIC2Prescaler                      0x08001a5d   Thumb Code    26  stm32f2xx_tim.o(.text)
    TIM_SetIC1Prescaler                      0x08001ad1   Thumb Code    18  stm32f2xx_tim.o(.text)
    TIM_ICInit                               0x08001b1d   Thumb Code   110  stm32f2xx_tim.o(.text)
    TIM_ICStructInit                         0x08001b8b   Thumb Code    18  stm32f2xx_tim.o(.text)
    TIM_PWMIConfig                           0x08001b9d   Thumb Code   124  stm32f2xx_tim.o(.text)
    TIM_GetCapture1                          0x08001c19   Thumb Code     6  stm32f2xx_tim.o(.text)
    TIM_GetCapture2                          0x08001c1f   Thumb Code     6  stm32f2xx_tim.o(.text)
    TIM_GetCapture3                          0x08001c25   Thumb Code     6  stm32f2xx_tim.o(.text)
    TIM_GetCapture4                          0x08001c2b   Thumb Code     6  stm32f2xx_tim.o(.text)
    TIM_BDTRConfig                           0x08001c31   Thumb Code    32  stm32f2xx_tim.o(.text)
    TIM_BDTRStructInit                       0x08001c51   Thumb Code    18  stm32f2xx_tim.o(.text)
    TIM_CtrlPWMOutputs                       0x08001c63   Thumb Code    30  stm32f2xx_tim.o(.text)
    TIM_SelectCOM                            0x08001c81   Thumb Code    24  stm32f2xx_tim.o(.text)
    TIM_CCPreloadControl                     0x08001c99   Thumb Code    24  stm32f2xx_tim.o(.text)
    TIM_ITConfig                             0x08001cb1   Thumb Code    18  stm32f2xx_tim.o(.text)
    TIM_GenerateEvent                        0x08001cc3   Thumb Code     4  stm32f2xx_tim.o(.text)
    TIM_GetFlagStatus                        0x08001cc7   Thumb Code    18  stm32f2xx_tim.o(.text)
    TIM_ClearFlag                            0x08001cd9   Thumb Code     6  stm32f2xx_tim.o(.text)
    TIM_GetITStatus                          0x08001cdf   Thumb Code    34  stm32f2xx_tim.o(.text)
    TIM_ClearITPendingBit                    0x08001d01   Thumb Code     6  stm32f2xx_tim.o(.text)
    TIM_DMAConfig                            0x08001d07   Thumb Code    10  stm32f2xx_tim.o(.text)
    TIM_DMACmd                               0x08001d11   Thumb Code    18  stm32f2xx_tim.o(.text)
    TIM_SelectCCDMA                          0x08001d23   Thumb Code    24  stm32f2xx_tim.o(.text)
    TIM_InternalClockConfig                  0x08001d3b   Thumb Code    12  stm32f2xx_tim.o(.text)
    TIM_SelectInputTrigger                   0x08001d47   Thumb Code    18  stm32f2xx_tim.o(.text)
    TIM_ITRxExternalClockConfig              0x08001d59   Thumb Code    24  stm32f2xx_tim.o(.text)
    TIM_TIxExternalClockConfig               0x08001d71   Thumb Code    62  stm32f2xx_tim.o(.text)
    TIM_ETRConfig                            0x08001daf   Thumb Code    28  stm32f2xx_tim.o(.text)
    TIM_ETRClockMode1Config                  0x08001dcb   Thumb Code    54  stm32f2xx_tim.o(.text)
    TIM_ETRClockMode2Config                  0x08001e01   Thumb Code    32  stm32f2xx_tim.o(.text)
    TIM_SelectOutputTrigger                  0x08001e21   Thumb Code    18  stm32f2xx_tim.o(.text)
    TIM_SelectSlaveMode                      0x08001e33   Thumb Code    18  stm32f2xx_tim.o(.text)
    TIM_SelectMasterSlaveMode                0x08001e45   Thumb Code    18  stm32f2xx_tim.o(.text)
    TIM_EncoderInterfaceConfig               0x08001e57   Thumb Code    66  stm32f2xx_tim.o(.text)
    TIM_SelectHallSensor                     0x08001e99   Thumb Code    24  stm32f2xx_tim.o(.text)
    TIM_RemapConfig                          0x08001eb1   Thumb Code     6  stm32f2xx_tim.o(.text)
    USART_DeInit                             0x08001eb9   Thumb Code   156  stm32f2xx_usart.o(.text)
    USART_Init                               0x08001f55   Thumb Code   204  stm32f2xx_usart.o(.text)
    USART_StructInit                         0x08002021   Thumb Code    24  stm32f2xx_usart.o(.text)
    USART_ClockInit                          0x08002039   Thumb Code    32  stm32f2xx_usart.o(.text)
    USART_ClockStructInit                    0x08002059   Thumb Code    12  stm32f2xx_usart.o(.text)
    USART_Cmd                                0x08002065   Thumb Code    24  stm32f2xx_usart.o(.text)
    USART_SetPrescaler                       0x0800207d   Thumb Code    16  stm32f2xx_usart.o(.text)
    USART_OverSampling8Cmd                   0x0800208d   Thumb Code    22  stm32f2xx_usart.o(.text)
    USART_OneBitMethodCmd                    0x080020a3   Thumb Code    24  stm32f2xx_usart.o(.text)
    USART_SendData                           0x080020bb   Thumb Code     8  stm32f2xx_usart.o(.text)
    USART_ReceiveData                        0x080020c3   Thumb Code    10  stm32f2xx_usart.o(.text)
    USART_SetAddress                         0x080020cd   Thumb Code    18  stm32f2xx_usart.o(.text)
    USART_ReceiverWakeUpCmd                  0x080020df   Thumb Code    24  stm32f2xx_usart.o(.text)
    USART_WakeUpConfig                       0x080020f7   Thumb Code    18  stm32f2xx_usart.o(.text)
    USART_LINBreakDetectLengthConfig         0x08002109   Thumb Code    18  stm32f2xx_usart.o(.text)
    USART_LINCmd                             0x0800211b   Thumb Code    24  stm32f2xx_usart.o(.text)
    USART_SendBreak                          0x08002133   Thumb Code    10  stm32f2xx_usart.o(.text)
    USART_HalfDuplexCmd                      0x0800213d   Thumb Code    24  stm32f2xx_usart.o(.text)
    USART_SetGuardTime                       0x08002155   Thumb Code    16  stm32f2xx_usart.o(.text)
    USART_SmartCardCmd                       0x08002165   Thumb Code    24  stm32f2xx_usart.o(.text)
    USART_SmartCardNACKCmd                   0x0800217d   Thumb Code    24  stm32f2xx_usart.o(.text)
    USART_IrDAConfig                         0x08002195   Thumb Code    18  stm32f2xx_usart.o(.text)
    USART_IrDACmd                            0x080021a7   Thumb Code    24  stm32f2xx_usart.o(.text)
    USART_DMACmd                             0x080021bf   Thumb Code    18  stm32f2xx_usart.o(.text)
    USART_ITConfig                           0x080021d1   Thumb Code    74  stm32f2xx_usart.o(.text)
    USART_GetFlagStatus                      0x0800221b   Thumb Code    26  stm32f2xx_usart.o(.text)
    USART_ClearFlag                          0x08002235   Thumb Code    18  stm32f2xx_usart.o(.text)
    USART_GetITStatus                        0x08002247   Thumb Code   110  stm32f2xx_usart.o(.text)
    USART_ClearITPendingBit                  0x080022b5   Thumb Code    30  stm32f2xx_usart.o(.text)
    SPI_I2S_DeInit                           0x080022d5   Thumb Code    76  stm32f2xx_spi.o(.text)
    SPI_Init                                 0x08002321   Thumb Code    60  stm32f2xx_spi.o(.text)
    I2S_Init                                 0x0800235d   Thumb Code   350  stm32f2xx_spi.o(.text)
    SPI_StructInit                           0x080024bb   Thumb Code    24  stm32f2xx_spi.o(.text)
    I2S_StructInit                           0x080024d3   Thumb Code    20  stm32f2xx_spi.o(.text)
    SPI_Cmd                                  0x080024e7   Thumb Code    24  stm32f2xx_spi.o(.text)
    I2S_Cmd                                  0x080024ff   Thumb Code    24  stm32f2xx_spi.o(.text)
    SPI_DataSizeConfig                       0x08002517   Thumb Code    18  stm32f2xx_spi.o(.text)
    SPI_BiDirectionalLineConfig              0x08002529   Thumb Code    28  stm32f2xx_spi.o(.text)
    SPI_NSSInternalSoftwareConfig            0x08002545   Thumb Code    30  stm32f2xx_spi.o(.text)
    SPI_SSOutputCmd                          0x08002563   Thumb Code    24  stm32f2xx_spi.o(.text)
    SPI_TIModeCmd                            0x0800257b   Thumb Code    24  stm32f2xx_spi.o(.text)
    SPI_I2S_ReceiveData                      0x08002593   Thumb Code     6  stm32f2xx_spi.o(.text)
    SPI_I2S_SendData                         0x08002599   Thumb Code     4  stm32f2xx_spi.o(.text)
    SPI_CalculateCRC                         0x0800259d   Thumb Code    24  stm32f2xx_spi.o(.text)
    SPI_TransmitCRC                          0x080025b5   Thumb Code    10  stm32f2xx_spi.o(.text)
    SPI_GetCRC                               0x080025bf   Thumb Code    16  stm32f2xx_spi.o(.text)
    SPI_GetCRCPolynomial                     0x080025cf   Thumb Code     6  stm32f2xx_spi.o(.text)
    SPI_I2S_DMACmd                           0x080025d5   Thumb Code    18  stm32f2xx_spi.o(.text)
    SPI_I2S_ITConfig                         0x080025e7   Thumb Code    32  stm32f2xx_spi.o(.text)
    SPI_I2S_GetFlagStatus                    0x08002607   Thumb Code    18  stm32f2xx_spi.o(.text)
    SPI_I2S_ClearFlag                        0x08002619   Thumb Code     6  stm32f2xx_spi.o(.text)
    SPI_I2S_GetITStatus                      0x0800261f   Thumb Code    52  stm32f2xx_spi.o(.text)
    SPI_I2S_ClearITPendingBit                0x08002653   Thumb Code    20  stm32f2xx_spi.o(.text)
    DMA_DeInit                               0x0800267d   Thumb Code   324  stm32f2xx_dma.o(.text)
    DMA_Init                                 0x080027c1   Thumb Code    82  stm32f2xx_dma.o(.text)
    DMA_StructInit                           0x08002813   Thumb Code    34  stm32f2xx_dma.o(.text)
    DMA_Cmd                                  0x08002835   Thumb Code    22  stm32f2xx_dma.o(.text)
    DMA_PeriphIncOffsetSizeConfig            0x0800284b   Thumb Code    22  stm32f2xx_dma.o(.text)
    DMA_FlowControllerConfig                 0x08002861   Thumb Code    22  stm32f2xx_dma.o(.text)
    DMA_SetCurrDataCounter                   0x08002877   Thumb Code     4  stm32f2xx_dma.o(.text)
    DMA_GetCurrDataCounter                   0x0800287b   Thumb Code     8  stm32f2xx_dma.o(.text)
    DMA_DoubleBufferModeConfig               0x08002883   Thumb Code    24  stm32f2xx_dma.o(.text)
    DMA_DoubleBufferModeCmd                  0x0800289b   Thumb Code    22  stm32f2xx_dma.o(.text)
    DMA_MemoryTargetConfig                   0x080028b1   Thumb Code    10  stm32f2xx_dma.o(.text)
    DMA_GetCurrentMemoryTarget               0x080028bb   Thumb Code    20  stm32f2xx_dma.o(.text)
    DMA_GetCmdStatus                         0x080028cf   Thumb Code    20  stm32f2xx_dma.o(.text)
    DMA_GetFIFOStatus                        0x080028e3   Thumb Code    12  stm32f2xx_dma.o(.text)
    DMA_GetFlagStatus                        0x080028ef   Thumb Code    56  stm32f2xx_dma.o(.text)
    DMA_ClearFlag                            0x08002927   Thumb Code    40  stm32f2xx_dma.o(.text)
    DMA_ITConfig                             0x0800294f   Thumb Code    58  stm32f2xx_dma.o(.text)
    DMA_GetITStatus                          0x08002989   Thumb Code    84  stm32f2xx_dma.o(.text)
    DMA_ClearITPendingBit                    0x080029dd   Thumb Code    40  stm32f2xx_dma.o(.text)
    CAN_DeInit                               0x08002a25   Thumb Code    50  stm32f2xx_can.o(.text)
    CAN_Init                                 0x08002a57   Thumb Code   276  stm32f2xx_can.o(.text)
    CAN_FilterInit                           0x08002b6b   Thumb Code   258  stm32f2xx_can.o(.text)
    CAN_StructInit                           0x08002c6d   Thumb Code    32  stm32f2xx_can.o(.text)
    CAN_SlaveStartBank                       0x08002c8d   Thumb Code    48  stm32f2xx_can.o(.text)
    CAN_DBGFreeze                            0x08002cbd   Thumb Code    22  stm32f2xx_can.o(.text)
    CAN_TTComModeCmd                         0x08002cd3   Thumb Code   118  stm32f2xx_can.o(.text)
    CAN_Transmit                             0x08002d49   Thumb Code   304  stm32f2xx_can.o(.text)
    CAN_TransmitStatus                       0x08002e79   Thumb Code   138  stm32f2xx_can.o(.text)
    CAN_CancelTransmit                       0x08002f03   Thumb Code    48  stm32f2xx_can.o(.text)
    CAN_Receive                              0x08002f33   Thumb Code   240  stm32f2xx_can.o(.text)
    CAN_FIFORelease                          0x08003023   Thumb Code    22  stm32f2xx_can.o(.text)
    CAN_MessagePending                       0x08003039   Thumb Code    30  stm32f2xx_can.o(.text)
    CAN_OperatingModeRequest                 0x08003057   Thumb Code   162  stm32f2xx_can.o(.text)
    CAN_Sleep                                0x080030f9   Thumb Code    30  stm32f2xx_can.o(.text)
    CAN_WakeUp                               0x08003117   Thumb Code    48  stm32f2xx_can.o(.text)
    CAN_GetLastErrorCode                     0x08003147   Thumb Code    12  stm32f2xx_can.o(.text)
    CAN_GetReceiveErrorCounter               0x08003153   Thumb Code    10  stm32f2xx_can.o(.text)
    CAN_GetLSBTransmitErrorCounter           0x0800315d   Thumb Code    12  stm32f2xx_can.o(.text)
    CAN_ITConfig                             0x08003169   Thumb Code    18  stm32f2xx_can.o(.text)
    CAN_GetFlagStatus                        0x0800317b   Thumb Code   120  stm32f2xx_can.o(.text)
    CAN_ClearFlag                            0x080031f3   Thumb Code    52  stm32f2xx_can.o(.text)
    CAN_GetITStatus                          0x08003239   Thumb Code   310  stm32f2xx_can.o(.text)
    CAN_ClearITPendingBit                    0x0800336f   Thumb Code   162  stm32f2xx_can.o(.text)
    bif_reverse_byte_order                   0x08003415   Thumb Code    40  bif_addr_io.o(.text)
    bif_write_addr_space                     0x0800343d   Thumb Code    78  bif_addr_io.o(.text)
    bif_read_addr_space                      0x0800348b   Thumb Code   174  bif_addr_io.o(.text)
    bif_read_addr_reverse                    0x08003539   Thumb Code    56  bif_addr_io.o(.text)
    bif_read_registers                       0x08003571   Thumb Code    70  bif_addr_io.o(.text)
    bif_write_registers                      0x080035b7   Thumb Code    34  bif_addr_io.o(.text)
    bif_set_tau                              0x080035dd   Thumb Code    12  bif_driver.o(.text)
    bif_get_tau                              0x080035e9   Thumb Code     8  bif_driver.o(.text)
    bif_guard_delay                          0x080036ed   Thumb Code    18  bif_driver.o(.text)
    bif_send_pkt_only                        0x080036ff   Thumb Code    58  bif_driver.o(.text)
    bif_send_pkt_poll_int                    0x08003739   Thumb Code    58  bif_driver.o(.text)
    bif_check_pkt                            0x08003773   Thumb Code   468  bif_driver.o(.text)
    bif_send_pkt_poll_pkt                    0x08003947   Thumb Code   112  bif_driver.o(.text)
    bif_shutdown                             0x080039b7   Thumb Code    32  bif_driver.o(.text)
    bif_reset_delay                          0x080039d7   Thumb Code    12  bif_driver.o(.text)
    bif_treat_invert_flag                    0x080039e3   Thumb Code    64  bif_protocol.o(.text)
    bif_set_parity_bits                      0x08003a23   Thumb Code   370  bif_protocol.o(.text)
    bif_check_parity_bit                     0x08003b95   Thumb Code   358  bif_protocol.o(.text)
    bif_check_bit_inversion                  0x08003cfb   Thumb Code   142  bif_protocol.o(.text)
    main                                     0x08003d89   Thumb Code    52  main.o(.text)
    optiga_get_vendor_info                   0x08003dc1   Thumb Code    82  optiga.o(.text)
    optiga_get_special_counters              0x08003e13   Thumb Code    54  optiga.o(.text)
    optiga_set_bif_tau                       0x08003e49   Thumb Code    12  optiga.o(.text)
    optiga_get_bif_tau                       0x08003e55   Thumb Code     8  optiga.o(.text)
    optiga_get_lockofs                       0x08003f25   Thumb Code    40  optiga_nvm.o(.text)
    optiga_update_lockofs                    0x08003f4d   Thumb Code    60  optiga_nvm.o(.text)
    optiga_read_nvm                          0x08003f89   Thumb Code    30  optiga_nvm.o(.text)
    optiga_async_init                        0x08003fed   Thumb Code    46  optiga_async.o(.text)
    optiga_async_get_vendor_info             0x0800401b   Thumb Code    46  optiga_async.o(.text)
    optiga_async_get_odc                     0x08004049   Thumb Code    56  optiga_async.o(.text)
    optiga_async_get_special_counters        0x08004081   Thumb Code    46  optiga_async.o(.text)
    optiga_async_get_lockofs                 0x080040af   Thumb Code    42  optiga_async.o(.text)
    optiga_async_process_challenge_response  0x080040d9   Thumb Code   146  optiga_async.o(.text)
    optiga_async_process_mac                 0x0800416b   Thumb Code    62  optiga_async.o(.text)
    optiga_async_write_nvm                   0x080041a9   Thumb Code    70  optiga_async.o(.text)
    optiga_async_read_nvm                    0x080041ef   Thumb Code    52  optiga_async.o(.text)
    optiga_async_reset_bif                   0x08004223   Thumb Code    42  optiga_async.o(.text)
    optiga_async_pooling_bif                 0x0800424d   Thumb Code  2076  optiga_async.o(.text)
    igs_timer_init                           0x08004a91   Thumb Code   102  igs_timer.o(.text)
    TIM2_IRQHandler                          0x08004af7   Thumb Code    28  igs_timer.o(.text)
    igs_get_time_tick                        0x08004b13   Thumb Code     6  igs_timer.o(.text)
    igs_init                                 0x08004b1d   Thumb Code    56  igs_init.o(.text)
    igs_task_init                            0x08004b55   Thumb Code    64  igs_task.o(.text)
    igs_task_add                             0x08004b95   Thumb Code   176  igs_task.o(.text)
    igs_task_set_task                        0x08004c45   Thumb Code    46  igs_task.o(.text)
    igs_task_main                            0x08004c73   Thumb Code    76  igs_task.o(.text)
    igs_ikv_polling                          0x08004e77   Thumb Code   298  igs_ikv.o(.text)
    igs_ikv_init                             0x08005151   Thumb Code    90  igs_ikv.o(.text)
    igs_gpio_toggle_led1                     0x080051f5   Thumb Code    14  igs_gpio.o(.text)
    igs_gpio_toggle_led2                     0x08005203   Thumb Code    14  igs_gpio.o(.text)
    igs_gpio_toggle_led3                     0x08005211   Thumb Code    14  igs_gpio.o(.text)
    igs_gpio_set_led3                        0x0800521f   Thumb Code    14  igs_gpio.o(.text)
    igs_gpio_set_out_buf                     0x0800522d   Thumb Code    62  igs_gpio.o(.text)
    igs_gpio_init                            0x080054b7   Thumb Code   284  igs_gpio.o(.text)
    igs_gpio_set_input_mask                  0x080055d3   Thumb Code   118  igs_gpio.o(.text)
    igs_gpio_set_switch_mask                 0x08005649   Thumb Code    56  igs_gpio.o(.text)
    igs_gpio_set_output_mask                 0x08005681   Thumb Code    56  igs_gpio.o(.text)
    igs_gpio_get_in_buf                      0x080056b9   Thumb Code    50  igs_gpio.o(.text)
    igs_gpio_get_switch_buf                  0x080056eb   Thumb Code    50  igs_gpio.o(.text)
    igs_gpio_set_out_real                    0x0800571d   Thumb Code    40  igs_gpio.o(.text)
    igs_gpio_get_in_real                     0x08005745   Thumb Code    38  igs_gpio.o(.text)
    igs_spi_init                             0x08005789   Thumb Code   442  igs_spi.o(.text)
    igs_spi_trigger                          0x08005943   Thumb Code    22  igs_spi.o(.text)
    igs_spi_check_rx                         0x08005959   Thumb Code    34  igs_spi.o(.text)
    DMA2_Stream0_IRQHandler                  0x0800597b   Thumb Code    28  igs_spi.o(.text)
    DMA2_Stream3_IRQHandler                  0x08005997   Thumb Code    32  igs_spi.o(.text)
    igs_protocol_init                        0x08005bb9   Thumb Code    62  igs_protocol.o(.text)
    igs_protocol_command_register            0x08005bf7   Thumb Code    32  igs_protocol.o(.text)
    igs_pulseDevice_init                     0x080067a7   Thumb Code    48  igs_pulsedevice.o(.text)
    igs_queue_init                           0x080067f5   Thumb Code     2  igs_queue.o(.text)
    igs_queue_push                           0x080067f7   Thumb Code   270  igs_queue.o(.text)
    igs_queue_pop                            0x08006905   Thumb Code   238  igs_queue.o(.text)
    igs_uart_init                            0x080074df   Thumb Code   300  igs_uart.o(.text)
    DMA1_Stream6_IRQHandler                  0x0800760b   Thumb Code    34  igs_uart.o(.text)
    DMA1_Stream5_IRQHandler                  0x0800762d   Thumb Code   172  igs_uart.o(.text)
    USART2_IRQHandler                        0x080076d9   Thumb Code    32  igs_uart.o(.text)
    DMA1_Stream3_IRQHandler                  0x080076f9   Thumb Code    28  igs_uart.o(.text)
    DMA1_Stream1_IRQHandler                  0x08007715   Thumb Code    34  igs_uart.o(.text)
    USART3_IRQHandler                        0x08007737   Thumb Code    30  igs_uart.o(.text)
    DMA1_Stream4_IRQHandler                  0x08007755   Thumb Code    34  igs_uart.o(.text)
    DMA1_Stream2_IRQHandler                  0x08007777   Thumb Code    34  igs_uart.o(.text)
    UART4_IRQHandler                         0x08007799   Thumb Code    64  igs_uart.o(.text)
    igs_pwm_init                             0x08007b67   Thumb Code   462  igs_pwm.o(.text)
    TIM3_IRQHandler                          0x08007d35   Thumb Code    78  igs_pwm.o(.text)
    igs_can_init                             0x08007f29   Thumb Code   166  igs_can.o(.text)
    CAN2_RX0_IRQHandler                      0x08007fcf   Thumb Code    38  igs_can.o(.text)
    igs_marquee_init                         0x0800864d   Thumb Code    22  igs_marquee.o(.text)
    igs_adc_init                             0x080086bb   Thumb Code    24  igs_adc.o(.text)
    __use_no_semihosting                     0x080086e5   Thumb Code     2  use_no_semi_2.o(.text)
    __2printf                                0x080086e9   Thumb Code    20  noretval__2printf.o(.text)
    _printf_str                              0x08008701   Thumb Code    82  _printf_str.o(.text)
    __printf                                 0x08008755   Thumb Code   308  __printf_flags_wp.o(.text)
    __aeabi_memcpy                           0x0800888d   Thumb Code     0  rt_memcpy_v6.o(.text)
    __rt_memcpy                              0x0800888d   Thumb Code   138  rt_memcpy_v6.o(.text)
    _memcpy_lastbytes                        0x080088f3   Thumb Code     0  rt_memcpy_v6.o(.text)
    __aeabi_memcpy4                          0x08008917   Thumb Code     0  rt_memcpy_w.o(.text)
    __aeabi_memcpy8                          0x08008917   Thumb Code     0  rt_memcpy_w.o(.text)
    __rt_memcpy_w                            0x08008917   Thumb Code   100  rt_memcpy_w.o(.text)
    _memcpy_lastbytes_aligned                0x0800895f   Thumb Code     0  rt_memcpy_w.o(.text)
    __aeabi_memclr                           0x0800897b   Thumb Code     0  rt_memclr.o(.text)
    __rt_memclr                              0x0800897b   Thumb Code    68  rt_memclr.o(.text)
    _memset                                  0x0800897f   Thumb Code     0  rt_memclr.o(.text)
    __aeabi_memclr4                          0x080089bf   Thumb Code     0  rt_memclr_w.o(.text)
    __aeabi_memclr8                          0x080089bf   Thumb Code     0  rt_memclr_w.o(.text)
    __rt_memclr_w                            0x080089bf   Thumb Code    78  rt_memclr_w.o(.text)
    _memset_w                                0x080089c3   Thumb Code     0  rt_memclr_w.o(.text)
    __use_two_region_memory                  0x08008a0d   Thumb Code     2  heapauxi.o(.text)
    __rt_heap_escrow$2region                 0x08008a0f   Thumb Code     2  heapauxi.o(.text)
    __rt_heap_expand$2region                 0x08008a11   Thumb Code     2  heapauxi.o(.text)
    __I$use$semihosting                      0x08008a13   Thumb Code     0  use_no_semi.o(.text)
    __use_no_semihosting_swi                 0x08008a13   Thumb Code     2  use_no_semi.o(.text)
    _printf_cs_common                        0x08008a15   Thumb Code    20  _printf_char.o(.text)
    _printf_char                             0x08008a29   Thumb Code    16  _printf_char.o(.text)
    _printf_string                           0x08008a39   Thumb Code     8  _printf_char.o(.text)
    _printf_char_file                        0x08008a41   Thumb Code    32  _printf_char_file.o(.text)
    _printf_char_common                      0x08008a6f   Thumb Code    32  _printf_char_common.o(.text)
    ferror                                   0x08008a95   Thumb Code     8  ferror.o(.text)
    __user_setup_stackheap                   0x08008a9d   Thumb Code    74  sys_stackheap_outer.o(.text)
    exit                                     0x08008ae7   Thumb Code    12  exit.o(.text)
    __user_libspace                          0x08008af5   Thumb Code     8  libspace.o(.text)
    __user_perproc_libspace                  0x08008af5   Thumb Code     0  libspace.o(.text)
    __user_perthread_libspace                0x08008af5   Thumb Code     0  libspace.o(.text)
    _is_digit                                0x08008afd   Thumb Code    14  __printf_wp.o(i._is_digit)
    Region$$Table$$Base                      0x08008b1c   Number         0  anon$$obj.o(Region$$Table)
    Region$$Table$$Limit                     0x08008b3c   Number         0  anon$$obj.o(Region$$Table)
    SystemCoreClock                          0x20000000   Data           4  system_stm32f2xx.o(.data)
    AHBPrescTable                            0x20000004   Data          16  system_stm32f2xx.o(.data)
    __stdout                                 0x20000030   Data           4  driver_usart.o(.data)
    ikv_device_IsEnable                      0x200000fc   Data           1  igs_ikv.o(.data)
    pid                                      0x200000fe   Data           2  igs_ikv.o(.data)
    vid                                      0x20000100   Data           2  igs_ikv.o(.data)
    lock_ofs                                 0x20000102   Data           2  igs_ikv.o(.data)
    ikvCommandState                          0x20000118   Data           1  igs_ikv.o(.data)
    input_map                                0x2000011c   Data          64  igs_gpio.o(.data)
    switch_map                               0x2000015c   Data          64  igs_gpio.o(.data)
    output_map                               0x2000019c   Data         120  igs_gpio.o(.data)
    igs_gpio_in_buf                          0x20000214   Data           1  igs_gpio.o(.data)
    igs_switch_buf                           0x20000215   Data           1  igs_gpio.o(.data)
    igs_gpio_out_buf                         0x20000216   Data           2  igs_gpio.o(.data)
    out_buf_mask                             0x20000218   Data           2  igs_gpio.o(.data)
    switch_buf_mask                          0x2000021a   Data           1  igs_gpio.o(.data)
    in_buf_mask                              0x2000021b   Data           1  igs_gpio.o(.data)
    igs_rx_ok                                0x20000224   Data           1  igs_spi.o(.data)
    igs_tx_ok                                0x20000225   Data           1  igs_spi.o(.data)
    queue_table                              0x200002c0   Data          20  igs_queue.o(.data)
    pwm_out_table                            0x20000328   Data          36  igs_pwm.o(.data)
    pwm_in_device                            0x2000034c   Data          28  igs_pwm.o(.data)
    can_device                               0x2000036c   Data           8  igs_can.o(.data)
    pattern_memory_pool_prt                  0x20000374   Data           4  igs_marquee.o(.data)
    battery_device                           0x20000380   Data           1  igs_adc.o(.data)
    igs_protocol_rx_buffer                   0x20001058   Data         256  igs_protocol.o(.bss)
    igs_protocol_tx_buffer                   0x20001158   Data         256  igs_protocol.o(.bss)
    PulseInDevice                            0x20001278   Data         576  igs_pulsedevice.o(.bss)
    PulseOutDevice                           0x200014b8   Data        1088  igs_pulsedevice.o(.bss)
    Counter                                  0x200018f8   Data         448  igs_pulsedevice.o(.bss)
    uartDevice                               0x20002d34   Data         132  igs_uart.o(.bss)
    uartHandler                              0x20002e04   Data          36  igs_uart.o(.bss)
    pwm_out_device                           0x20003508   Data          24  igs_pwm.o(.bss)
    pattern_memory_pool                      0x20003574   Data       32768  igs_marquee.o(.bss)
    marquee_device                           0x2000b574   Data          96  igs_marquee.o(.bss)
    __libspace_start                         0x2000b5d4   Data          96  libspace.o(.bss)
    __temporary_stack_top$libspace           0x2000b634   Data           0  libspace.o(.bss)



==============================================================================

Memory Map of the image

  Image Entry point : 0x08000185

  Load Region LR_IROM1 (Base: 0x08000000, Size: 0x00008ec8, Max: 0x00100000, ABSOLUTE, COMPRESSED[0x00008cb0])

    Execution Region ER_IROM1 (Base: 0x08000000, Size: 0x00008b3c, Max: 0x00100000, ABSOLUTE)

    Base Addr    Size         Type   Attr      Idx    E Section Name        Object

    0x08000000   0x00000184   Data   RO            3    RESET               startup_stm32f2xx.o
    0x08000184   0x00000008   Code   RO         1392  * !!!main             c_w.l(__main.o)
    0x0800018c   0x00000034   Code   RO         1563    !!!scatter          c_w.l(__scatter.o)
    0x080001c0   0x0000005a   Code   RO         1561    !!dczerorl2         c_w.l(__dczerorl2.o)
    0x0800021a   0x00000002   PAD
    0x0800021c   0x0000001c   Code   RO         1565    !!handler_zi        c_w.l(__scatter_zi.o)
    0x08000238   0x00000000   Code   RO         1381    .ARM.Collect$$_printf_percent$$00000000  c_w.l(_printf_percent.o)
    0x08000238   0x00000006   Code   RO         1378    .ARM.Collect$$_printf_percent$$00000013  c_w.l(_printf_c.o)
    0x0800023e   0x00000004   Code   RO         1403    .ARM.Collect$$_printf_percent$$00000017  c_w.l(_printf_percent_end.o)
    0x08000242   0x00000002   Code   RO         1436    .ARM.Collect$$libinit$$00000000  c_w.l(libinit.o)
    0x08000244   0x00000000   Code   RO         1443    .ARM.Collect$$libinit$$00000002  c_w.l(libinit2.o)
    0x08000244   0x00000000   Code   RO         1445    .ARM.Collect$$libinit$$00000004  c_w.l(libinit2.o)
    0x08000244   0x00000000   Code   RO         1448    .ARM.Collect$$libinit$$0000000A  c_w.l(libinit2.o)
    0x08000244   0x00000000   Code   RO         1450    .ARM.Collect$$libinit$$0000000C  c_w.l(libinit2.o)
    0x08000244   0x00000000   Code   RO         1452    .ARM.Collect$$libinit$$0000000E  c_w.l(libinit2.o)
    0x08000244   0x00000000   Code   RO         1455    .ARM.Collect$$libinit$$00000011  c_w.l(libinit2.o)
    0x08000244   0x00000000   Code   RO         1457    .ARM.Collect$$libinit$$00000013  c_w.l(libinit2.o)
    0x08000244   0x00000000   Code   RO         1459    .ARM.Collect$$libinit$$00000015  c_w.l(libinit2.o)
    0x08000244   0x00000000   Code   RO         1461    .ARM.Collect$$libinit$$00000017  c_w.l(libinit2.o)
    0x08000244   0x00000000   Code   RO         1463    .ARM.Collect$$libinit$$00000019  c_w.l(libinit2.o)
    0x08000244   0x00000000   Code   RO         1465    .ARM.Collect$$libinit$$0000001B  c_w.l(libinit2.o)
    0x08000244   0x00000000   Code   RO         1467    .ARM.Collect$$libinit$$0000001D  c_w.l(libinit2.o)
    0x08000244   0x00000000   Code   RO         1469    .ARM.Collect$$libinit$$0000001F  c_w.l(libinit2.o)
    0x08000244   0x00000000   Code   RO         1471    .ARM.Collect$$libinit$$00000021  c_w.l(libinit2.o)
    0x08000244   0x00000000   Code   RO         1473    .ARM.Collect$$libinit$$00000023  c_w.l(libinit2.o)
    0x08000244   0x00000000   Code   RO         1475    .ARM.Collect$$libinit$$00000025  c_w.l(libinit2.o)
    0x08000244   0x00000000   Code   RO         1479    .ARM.Collect$$libinit$$0000002C  c_w.l(libinit2.o)
    0x08000244   0x00000000   Code   RO         1481    .ARM.Collect$$libinit$$0000002E  c_w.l(libinit2.o)
    0x08000244   0x00000000   Code   RO         1483    .ARM.Collect$$libinit$$00000030  c_w.l(libinit2.o)
    0x08000244   0x00000000   Code   RO         1485    .ARM.Collect$$libinit$$00000032  c_w.l(libinit2.o)
    0x08000244   0x00000002   Code   RO         1486    .ARM.Collect$$libinit$$00000033  c_w.l(libinit2.o)
    0x08000246   0x00000002   Code   RO         1504    .ARM.Collect$$libshutdown$$00000000  c_w.l(libshutdown.o)
    0x08000248   0x00000000   Code   RO         1515    .ARM.Collect$$libshutdown$$00000003  c_w.l(libshutdown2.o)
    0x08000248   0x00000000   Code   RO         1518    .ARM.Collect$$libshutdown$$00000006  c_w.l(libshutdown2.o)
    0x08000248   0x00000000   Code   RO         1521    .ARM.Collect$$libshutdown$$00000009  c_w.l(libshutdown2.o)
    0x08000248   0x00000000   Code   RO         1523    .ARM.Collect$$libshutdown$$0000000B  c_w.l(libshutdown2.o)
    0x08000248   0x00000000   Code   RO         1526    .ARM.Collect$$libshutdown$$0000000E  c_w.l(libshutdown2.o)
    0x08000248   0x00000002   Code   RO         1527    .ARM.Collect$$libshutdown$$0000000F  c_w.l(libshutdown2.o)
    0x0800024a   0x00000000   Code   RO         1396    .ARM.Collect$$rtentry$$00000000  c_w.l(__rtentry.o)
    0x0800024a   0x00000000   Code   RO         1405    .ARM.Collect$$rtentry$$00000002  c_w.l(__rtentry2.o)
    0x0800024a   0x00000006   Code   RO         1417    .ARM.Collect$$rtentry$$00000004  c_w.l(__rtentry4.o)
    0x08000250   0x00000000   Code   RO         1407    .ARM.Collect$$rtentry$$00000009  c_w.l(__rtentry2.o)
    0x08000250   0x00000004   Code   RO         1408    .ARM.Collect$$rtentry$$0000000A  c_w.l(__rtentry2.o)
    0x08000254   0x00000000   Code   RO         1410    .ARM.Collect$$rtentry$$0000000C  c_w.l(__rtentry2.o)
    0x08000254   0x00000008   Code   RO         1411    .ARM.Collect$$rtentry$$0000000D  c_w.l(__rtentry2.o)
    0x0800025c   0x00000002   Code   RO         1440    .ARM.Collect$$rtexit$$00000000  c_w.l(rtexit.o)
    0x0800025e   0x00000000   Code   RO         1488    .ARM.Collect$$rtexit$$00000002  c_w.l(rtexit2.o)
    0x0800025e   0x00000004   Code   RO         1489    .ARM.Collect$$rtexit$$00000003  c_w.l(rtexit2.o)
    0x08000262   0x00000006   Code   RO         1490    .ARM.Collect$$rtexit$$00000004  c_w.l(rtexit2.o)
    0x08000268   0x00000040   Code   RO            4    .text               startup_stm32f2xx.o
    0x080002a8   0x000001e0   Code   RO           13    .text               system_stm32f2xx.o
    0x08000488   0x0000007c   Code   RO          141    .text               driver_bifgpio.o
    0x08000504   0x00000060   Code   RO          181    .text               driver_led.o
    0x08000564   0x000002b0   Code   RO          208    .text               driver_timer.o
    0x08000814   0x0000013c   Code   RO          235    .text               driver_usart.o
    0x08000950   0x000000e0   Code   RO          269    .text               misc.o
    0x08000a30   0x0000025c   Code   RO          293    .text               stm32f2xx_gpio.o
    0x08000c8c   0x00000588   Code   RO          317    .text               stm32f2xx_rcc.o
    0x08001214   0x00000ca2   Code   RO          343    .text               stm32f2xx_tim.o
    0x08001eb6   0x00000002   PAD
    0x08001eb8   0x0000041a   Code   RO          367    .text               stm32f2xx_usart.o
    0x080022d2   0x00000002   PAD
    0x080022d4   0x000003a8   Code   RO          391    .text               stm32f2xx_spi.o
    0x0800267c   0x000003a8   Code   RO          415    .text               stm32f2xx_dma.o
    0x08002a24   0x000009f0   Code   RO          439    .text               stm32f2xx_can.o
    0x08003414   0x000001c8   Code   RO          460    .text               bif_addr_io.o
    0x080035dc   0x00000406   Code   RO          489    .text               bif_driver.o
    0x080039e2   0x000003a6   Code   RO          516    .text               bif_protocol.o
    0x08003d88   0x00000038   Code   RO          537    .text               main.o
    0x08003dc0   0x0000009c   Code   RO          635    .text               optiga.o
    0x08003e5c   0x00000150   Code   RO          725    .text               optiga_nvm.o
    0x08003fac   0x00000ae4   Code   RO          739    .text               optiga_async.o
    0x08004a90   0x0000008c   Code   RO          781    .text               igs_timer.o
    0x08004b1c   0x00000038   Code   RO          813    .text               igs_init.o
    0x08004b54   0x00000190   Code   RO          834    .text               igs_task.o
    0x08004ce4   0x000004e0   Code   RO          852    .text               igs_ikv.o
    0x080051c4   0x000005c4   Code   RO          886    .text               igs_gpio.o
    0x08005788   0x00000254   Code   RO          921    .text               igs_spi.o
    0x080059dc   0x00000260   Code   RO          948    .text               igs_protocol.o
    0x08005c3c   0x00000bb8   Code   RO          979    .text               igs_pulsedevice.o
    0x080067f4   0x00000204   Code   RO         1006    .text               igs_queue.o
    0x080069f8   0x00000e08   Code   RO         1034    .text               igs_uart.o
    0x08007800   0x000005a4   Code   RO         1062    .text               igs_pwm.o
    0x08007da4   0x00000280   Code   RO         1090    .text               igs_can.o
    0x08008024   0x0000064c   Code   RO         1118    .text               igs_marquee.o
    0x08008670   0x00000074   Code   RO         1146    .text               igs_adc.o
    0x080086e4   0x00000002   Code   RO         1323    .text               c_w.l(use_no_semi_2.o)
    0x080086e6   0x00000002   PAD
    0x080086e8   0x00000018   Code   RO         1327    .text               c_w.l(noretval__2printf.o)
    0x08008700   0x00000052   Code   RO         1333    .text               c_w.l(_printf_str.o)
    0x08008752   0x00000002   PAD
    0x08008754   0x00000138   Code   RO         1370    .text               c_w.l(__printf_flags_wp.o)
    0x0800888c   0x0000008a   Code   RO         1382    .text               c_w.l(rt_memcpy_v6.o)
    0x08008916   0x00000064   Code   RO         1384    .text               c_w.l(rt_memcpy_w.o)
    0x0800897a   0x00000044   Code   RO         1386    .text               c_w.l(rt_memclr.o)
    0x080089be   0x0000004e   Code   RO         1388    .text               c_w.l(rt_memclr_w.o)
    0x08008a0c   0x00000006   Code   RO         1390    .text               c_w.l(heapauxi.o)
    0x08008a12   0x00000002   Code   RO         1394    .text               c_w.l(use_no_semi.o)
    0x08008a14   0x0000002c   Code   RO         1399    .text               c_w.l(_printf_char.o)
    0x08008a40   0x00000024   Code   RO         1401    .text               c_w.l(_printf_char_file.o)
    0x08008a64   0x00000030   Code   RO         1419    .text               c_w.l(_printf_char_common.o)
    0x08008a94   0x00000008   Code   RO         1421    .text               c_w.l(ferror.o)
    0x08008a9c   0x0000004a   Code   RO         1425    .text               c_w.l(sys_stackheap_outer.o)
    0x08008ae6   0x0000000c   Code   RO         1429    .text               c_w.l(exit.o)
    0x08008af2   0x00000002   PAD
    0x08008af4   0x00000008   Code   RO         1437    .text               c_w.l(libspace.o)
    0x08008afc   0x0000000e   Code   RO         1368    i._is_digit         c_w.l(__printf_wp.o)
    0x08008b0a   0x00000011   Data   RO         1371    .constdata          c_w.l(__printf_flags_wp.o)
    0x08008b1b   0x00000001   PAD
    0x08008b1c   0x00000020   Data   RO         1559    Region$$Table       anon$$obj.o


    Execution Region RW_IRAM1 (Base: 0x20000000, Size: 0x0000bc38, Max: 0x00010000, ABSOLUTE, COMPRESSED[0x00000174])

    Base Addr    Size         Type   Attr      Idx    E Section Name        Object

    0x20000000   0x00000014   Data   RW           14    .data               system_stm32f2xx.o
    0x20000014   0x00000008   Data   RW          142    .data               driver_bifgpio.o
    0x2000001c   0x00000012   Data   RW          210    .data               driver_timer.o
    0x2000002e   0x00000002   PAD
    0x20000030   0x00000004   Data   RW          236    .data               driver_usart.o
    0x20000034   0x00000010   Data   RW          318    .data               stm32f2xx_rcc.o
    0x20000044   0x00000054   Data   RW          461    .data               bif_addr_io.o
    0x20000098   0x00000004   Data   RW          538    .data               main.o
    0x2000009c   0x00000044   Data   RW          741    .data               optiga_async.o
    0x200000e0   0x00000004   Data   RW          782    .data               igs_timer.o
    0x200000e4   0x00000018   Data   RW          836    .data               igs_task.o
    0x200000fc   0x0000001d   Data   RW          854    .data               igs_ikv.o
    0x20000119   0x00000003   PAD
    0x2000011c   0x00000100   Data   RW          888    .data               igs_gpio.o
    0x2000021c   0x0000000a   Data   RW          922    .data               igs_spi.o
    0x20000226   0x00000002   PAD
    0x20000228   0x0000000c   Data   RW          950    .data               igs_protocol.o
    0x20000234   0x000000a0   Data   RW         1008    .data               igs_queue.o
    0x200002d4   0x00000050   Data   RW         1036    .data               igs_uart.o
    0x20000324   0x00000044   Data   RW         1064    .data               igs_pwm.o
    0x20000368   0x0000000c   Data   RW         1092    .data               igs_can.o
    0x20000374   0x0000000c   Data   RW         1120    .data               igs_marquee.o
    0x20000380   0x00000009   Data   RW         1147    .data               igs_adc.o
    0x20000389   0x00000003   PAD
    0x2000038c   0x0000004c   Zero   RW          209    .bss                driver_timer.o
    0x200003d8   0x0000000a   Zero   RW          726    .bss                optiga_nvm.o
    0x200003e2   0x0000001a   Zero   RW          740    .bss                optiga_async.o
    0x200003fc   0x000002b0   Zero   RW          835    .bss                igs_task.o
    0x200006ac   0x0000018c   Zero   RW          853    .bss                igs_ikv.o
    0x20000838   0x00000020   Zero   RW          887    .bss                igs_gpio.o
    0x20000858   0x00000a00   Zero   RW          949    .bss                igs_protocol.o
    0x20001258   0x00000860   Zero   RW          980    .bss                igs_pulsedevice.o
    0x20001ab8   0x0000127c   Zero   RW         1007    .bss                igs_queue.o
    0x20002d34   0x000007c4   Zero   RW         1035    .bss                igs_uart.o
    0x200034f8   0x00000028   Zero   RW         1063    .bss                igs_pwm.o
    0x20003520   0x00000054   Zero   RW         1091    .bss                igs_can.o
    0x20003574   0x00008060   Zero   RW         1119    .bss                igs_marquee.o
    0x2000b5d4   0x00000060   Zero   RW         1438    .bss                c_w.l(libspace.o)
    0x2000b634   0x00000004   PAD
    0x2000b638   0x00000200   Zero   RW            2    HEAP                startup_stm32f2xx.o
    0x2000b838   0x00000400   Zero   RW            1    STACK               startup_stm32f2xx.o


==============================================================================

Image component sizes


      Code (inc. data)   RO Data    RW Data    ZI Data      Debug   Object Name

       456          4          0         84          0       9675   bif_addr_io.o
      1030          0          0          0          0       7227   bif_driver.o
       934          0          0          0          0       2097   bif_protocol.o
       124          8          0          8          0       1903   driver_bifgpio.o
        96          4          0          0          0        847   driver_led.o
       688         50          0         18         76       3460   driver_timer.o
       316         16          0          4          0       3211   driver_usart.o
       116         18          0          9          0       1396   igs_adc.o
       640         48          0         12         84       2880   igs_can.o
      1476         92          0        256         32       7958   igs_gpio.o
      1248        126          0         29        396       4410   igs_ikv.o
        56          0          0          0          0        455   igs_init.o
      1612         34          0         12      32864       6820   igs_marquee.o
       608         38          0         12       2560       3302   igs_protocol.o
      3000         58          0          0       2144       6686   igs_pulsedevice.o
      1444         68          0         68         40       4080   igs_pwm.o
       516          6          0        160       4732       3276   igs_queue.o
       596         38          0         10          0       2806   igs_spi.o
       400         38          0         24        688       2441   igs_task.o
       140          4          0          4          0       1291   igs_timer.o
      3592        284          0         80       1988      10686   igs_uart.o
        56          4          0          4          0       9916   main.o
       224         20          0          0          0       1841   misc.o
       156          0          0          0          0       3843   optiga.o
      2788        266          0         68         26       6391   optiga_async.o
         0          0          0          0          0        376   optiga_auth.o
       336          6          0          0         10       2395   optiga_nvm.o
        64         26        388          0       1536        832   startup_stm32f2xx.o
      2544         38          0          0          0       7844   stm32f2xx_can.o
       936         32          0          0          0       6269   stm32f2xx_dma.o
       604         36          0          0          0       3937   stm32f2xx_gpio.o
      1416         48          0         16          0      10895   stm32f2xx_rcc.o
       936         22          0          0          0       6328   stm32f2xx_spi.o
      3234         60          0          0          0      22172   stm32f2xx_tim.o
      1050         26          0          0          0       7648   stm32f2xx_usart.o
       480         40          0         20          0     284131   system_stm32f2xx.o

    ----------------------------------------------------------------------
     33916       1558        420        908      47176     461725   Object Totals
         0          0         32          0          0          0   (incl. Generated)
         4          0          0         10          0          0   (incl. Padding)

    ----------------------------------------------------------------------

      Code (inc. data)   RO Data    RW Data    ZI Data      Debug   Library Member Name

        90          0          0          0          0          0   __dczerorl2.o
         8          0          0          0          0         68   __main.o
       312          4         17          0          0         92   __printf_flags_wp.o
        14          0          0          0          0         68   __printf_wp.o
         0          0          0          0          0          0   __rtentry.o
        12          0          0          0          0          0   __rtentry2.o
         6          0          0          0          0          0   __rtentry4.o
        52          8          0          0          0          0   __scatter.o
        28          0          0          0          0          0   __scatter_zi.o
         6          0          0          0          0          0   _printf_c.o
        44          0          0          0          0        108   _printf_char.o
        48          6          0          0          0         96   _printf_char_common.o
        36          4          0          0          0         80   _printf_char_file.o
         0          0          0          0          0          0   _printf_percent.o
         4          0          0          0          0          0   _printf_percent_end.o
        82          0          0          0          0         80   _printf_str.o
        12          0          0          0          0         72   exit.o
         8          0          0          0          0         68   ferror.o
         6          0          0          0          0        152   heapauxi.o
         2          0          0          0          0          0   libinit.o
         2          0          0          0          0          0   libinit2.o
         2          0          0          0          0          0   libshutdown.o
         2          0          0          0          0          0   libshutdown2.o
         8          4          0          0         96         68   libspace.o
        24          4          0          0          0         84   noretval__2printf.o
        68          0          0          0          0         68   rt_memclr.o
        78          0          0          0          0         80   rt_memclr_w.o
       138          0          0          0          0         68   rt_memcpy_v6.o
       100          0          0          0          0         80   rt_memcpy_w.o
         2          0          0          0          0          0   rtexit.o
        10          0          0          0          0          0   rtexit2.o
        74          0          0          0          0         80   sys_stackheap_outer.o
         2          0          0          0          0         68   use_no_semi.o
         2          0          0          0          0         68   use_no_semi_2.o

    ----------------------------------------------------------------------
      1290         30         18          0        100       1548   Library Totals
         8          0          1          0          4          0   (incl. Padding)

    ----------------------------------------------------------------------

      Code (inc. data)   RO Data    RW Data    ZI Data      Debug   Library Name

      1282         30         17          0         96       1548   c_w.l

    ----------------------------------------------------------------------
      1290         30         18          0        100       1548   Library Totals

    ----------------------------------------------------------------------

==============================================================================


      Code (inc. data)   RO Data    RW Data    ZI Data      Debug   

     35206       1588        438        908      47276     459733   Grand Totals
     35206       1588        438        372      47276     459733   ELF Image Totals (compressed)
     35206       1588        438        372          0          0   ROM Totals

==============================================================================

    Total RO  Size (Code + RO Data)                35644 (  34.81kB)
    Total RW  Size (RW Data + ZI Data)             48184 (  47.05kB)
    Total ROM Size (Code + RO Data + RW Data)      36016 (  35.17kB)

==============================================================================

