Component: ARM Compiler 5.05 update 1 (build 106) Tool: armlink [4d0efa]

==============================================================================

Section Cross References

    startup_stm32f2xx.o(STACK) refers (Special) to heapauxi.o(.text) for __use_two_region_memory
    startup_stm32f2xx.o(HEAP) refers (Special) to heapauxi.o(.text) for __use_two_region_memory
    startup_stm32f2xx.o(RESET) refers (Special) to heapauxi.o(.text) for __use_two_region_memory
    startup_stm32f2xx.o(RESET) refers to startup_stm32f2xx.o(STACK) for __initial_sp
    startup_stm32f2xx.o(RESET) refers to startup_stm32f2xx.o(.text) for Reset_Handler
    startup_stm32f2xx.o(RESET) refers to igs_uart.o(.text) for DMA1_Stream1_IRQHandler
    startup_stm32f2xx.o(RESET) refers to igs_fan.o(.text) for TIM1_CC_IRQHandler
    startup_stm32f2xx.o(RESET) refers to igs_timer.o(.text) for TIM2_IRQHandler
    startup_stm32f2xx.o(RESET) refers to igs_pwm.o(.text) for TIM3_IRQHandler
    startup_stm32f2xx.o(RESET) refers to igs_stm32_iap_app.o(.text) for USART1_IRQHandler
    startup_stm32f2xx.o(RESET) refers to driver_timer.o(.text) for TIM7_IRQHandler
    startup_stm32f2xx.o(RESET) refers to igs_spi.o(.text) for DMA2_Stream0_IRQHandler
    startup_stm32f2xx.o(RESET) refers to igs_can.o(.text) for CAN2_RX0_IRQHandler
    startup_stm32f2xx.o(.text) refers (Special) to heapauxi.o(.text) for __use_two_region_memory
    startup_stm32f2xx.o(.text) refers to system_stm32f2xx.o(.text) for SystemInit
    startup_stm32f2xx.o(.text) refers to __main.o(!!!main) for __main
    startup_stm32f2xx.o(.text) refers to startup_stm32f2xx.o(HEAP) for Heap_Mem
    startup_stm32f2xx.o(.text) refers to startup_stm32f2xx.o(STACK) for Stack_Mem
    system_stm32f2xx.o(.text) refers to system_stm32f2xx.o(.data) for .data
    driver_bifgpio.o(.text) refers to stm32f2xx_gpio.o(.text) for GPIO_Init
    driver_bifgpio.o(.text) refers to stm32f2xx_rcc.o(.text) for RCC_AHB1PeriphClockCmd
    driver_bifgpio.o(.text) refers to driver_bifgpio.o(.data) for .data
    driver_led.o(.text) refers to stm32f2xx_gpio.o(.text) for GPIO_ResetBits
    driver_led.o(.text) refers to stm32f2xx_rcc.o(.text) for RCC_AHB1PeriphClockCmd
    driver_timer.o(.text) refers to driver_bifgpio.o(.text) for DRIVER_BIF_Toggle
    driver_timer.o(.text) refers to stm32f2xx_rcc.o(.text) for RCC_APB1PeriphClockCmd
    driver_timer.o(.text) refers to stm32f2xx_tim.o(.text) for TIM_TimeBaseInit
    driver_timer.o(.text) refers to misc.o(.text) for NVIC_Init
    driver_timer.o(.text) refers to driver_timer.o(.data) for .data
    driver_timer.o(.text) refers to driver_timer.o(.bss) for .bss
    driver_usart.o(.rev16_text) refers (Special) to use_no_semi_2.o(.text) for __use_no_semihosting
    driver_usart.o(.revsh_text) refers (Special) to use_no_semi_2.o(.text) for __use_no_semihosting
    driver_usart.o(.rrx_text) refers (Special) to use_no_semi_2.o(.text) for __use_no_semihosting
    driver_usart.o(.text) refers (Special) to use_no_semi_2.o(.text) for __use_no_semihosting
    driver_usart.o(.text) refers to _printf_percent.o(.ARM.Collect$$_printf_percent$$00000000) for _printf_percent
    driver_usart.o(.text) refers to _printf_c.o(.ARM.Collect$$_printf_percent$$00000013) for _printf_c
    driver_usart.o(.text) refers to _printf_str.o(.text) for _printf_str
    driver_usart.o(.text) refers to stm32f2xx_rcc.o(.text) for RCC_AHB1PeriphClockCmd
    driver_usart.o(.text) refers to stm32f2xx_gpio.o(.text) for GPIO_PinAFConfig
    driver_usart.o(.text) refers to stm32f2xx_usart.o(.text) for USART_Init
    driver_usart.o(.text) refers to misc.o(.text) for NVIC_Init
    driver_usart.o(.text) refers to noretval__2printf.o(.text) for __2printf
    driver_usart.o(.data) refers (Special) to use_no_semi_2.o(.text) for __use_no_semihosting
    stm32f2xx_gpio.o(.text) refers to stm32f2xx_rcc.o(.text) for RCC_AHB1PeriphResetCmd
    stm32f2xx_rcc.o(.text) refers to stm32f2xx_rcc.o(.data) for .data
    stm32f2xx_tim.o(.text) refers to stm32f2xx_rcc.o(.text) for RCC_APB2PeriphResetCmd
    stm32f2xx_usart.o(.text) refers to stm32f2xx_rcc.o(.text) for RCC_APB2PeriphResetCmd
    stm32f2xx_spi.o(.text) refers to stm32f2xx_rcc.o(.text) for RCC_APB2PeriphResetCmd
    stm32f2xx_adc.o(.text) refers to stm32f2xx_rcc.o(.text) for RCC_APB2PeriphResetCmd
    stm32f2xx_can.o(.text) refers to stm32f2xx_rcc.o(.text) for RCC_APB1PeriphResetCmd
    bif_addr_io.o(.text) refers to bif_driver.o(.text) for bif_send_pkt_only
    bif_addr_io.o(.text) refers to bif_addr_io.o(.data) for .data
    bif_driver.o(.text) refers to driver_timer.o(.text) for DRIVER_TIMER_SetTau
    bif_driver.o(.text) refers to bif_protocol.o(.text) for bif_set_parity_bits
    bif_driver.o(.text) refers to rt_memclr_w.o(.text) for __aeabi_memclr4
    bif_driver.o(.text) refers to driver_bifgpio.o(.text) for DRIVER_BIF_Mode_Set
    optiga.o(.text) refers to bif_addr_io.o(.text) for bif_read_addr_space
[...]
    __rt_lib_init_alloca_1                   0x08005245   Thumb Code     0  libinit2.o(.ARM.Collect$$libinit$$0000002E)
    __rt_lib_init_argv_1                     0x08005245   Thumb Code     0  libinit2.o(.ARM.Collect$$libinit$$0000002C)
    __rt_lib_init_atexit_1                   0x08005245   Thumb Code     0  libinit2.o(.ARM.Collect$$libinit$$0000001B)
    __rt_lib_init_clock_1                    0x08005245   Thumb Code     0  libinit2.o(.ARM.Collect$$libinit$$00000021)
    __rt_lib_init_cpp_1                      0x08005245   Thumb Code     0  libinit2.o(.ARM.Collect$$libinit$$00000032)
    __rt_lib_init_exceptions_1               0x08005245   Thumb Code     0  libinit2.o(.ARM.Collect$$libinit$$00000030)
    __rt_lib_init_fp_1                       0x08005245   Thumb Code     0  libinit2.o(.ARM.Collect$$libinit$$00000002)
    __rt_lib_init_fp_trap_1                  0x08005245   Thumb Code     0  libinit2.o(.ARM.Collect$$libinit$$0000001F)
    __rt_lib_init_getenv_1                   0x08005245   Thumb Code     0  libinit2.o(.ARM.Collect$$libinit$$00000023)
    __rt_lib_init_heap_1                     0x08005245   Thumb Code     0  libinit2.o(.ARM.Collect$$libinit$$0000000A)
    __rt_lib_init_lc_collate_1               0x08005245   Thumb Code     0  libinit2.o(.ARM.Collect$$libinit$$00000011)
    __rt_lib_init_lc_ctype_1                 0x08005245   Thumb Code     0  libinit2.o(.ARM.Collect$$libinit$$00000013)
    __rt_lib_init_lc_monetary_1              0x08005245   Thumb Code     0  libinit2.o(.ARM.Collect$$libinit$$00000015)
    __rt_lib_init_lc_numeric_1               0x08005245   Thumb Code     0  libinit2.o(.ARM.Collect$$libinit$$00000017)
    __rt_lib_init_lc_time_1                  0x08005245   Thumb Code     0  libinit2.o(.ARM.Collect$$libinit$$00000019)
    __rt_lib_init_preinit_1                  0x08005245   Thumb Code     0  libinit2.o(.ARM.Collect$$libinit$$00000004)
    __rt_lib_init_rand_1                     0x08005245   Thumb Code     0  libinit2.o(.ARM.Collect$$libinit$$0000000E)
    __rt_lib_init_return                     0x08005245   Thumb Code     0  libinit2.o(.ARM.Collect$$libinit$$00000033)
    __rt_lib_init_signal_1                   0x08005245   Thumb Code     0  libinit2.o(.ARM.Collect$$libinit$$0000001D)
    __rt_lib_init_stdio_1                    0x08005245   Thumb Code     0  libinit2.o(.ARM.Collect$$libinit$$00000025)
    __rt_lib_init_user_alloc_1               0x08005245   Thumb Code     0  libinit2.o(.ARM.Collect$$libinit$$0000000C)
    __rt_lib_shutdown                        0x08005247   Thumb Code     0  libshutdown.o(.ARM.Collect$$libshutdown$$00000000)
    __rt_lib_shutdown_fp_trap_1              0x08005249   Thumb Code     0  libshutdown2.o(.ARM.Collect$$libshutdown$$00000006)
    __rt_lib_shutdown_heap_1                 0x08005249   Thumb Code     0  libshutdown2.o(.ARM.Collect$$libshutdown$$0000000E)
    __rt_lib_shutdown_return                 0x08005249   Thumb Code     0  libshutdown2.o(.ARM.Collect$$libshutdown$$0000000F)
    __rt_lib_shutdown_signal_1               0x08005249   Thumb Code     0  libshutdown2.o(.ARM.Collect$$libshutdown$$00000009)
    __rt_lib_shutdown_stdio_1                0x08005249   Thumb Code     0  libshutdown2.o(.ARM.Collect$$libshutdown$$00000003)
    __rt_lib_shutdown_user_alloc_1           0x08005249   Thumb Code     0  libshutdown2.o(.ARM.Collect$$libshutdown$$0000000B)
    __rt_entry                               0x0800524b   Thumb Code     0  __rtentry.o(.ARM.Collect$$rtentry$$00000000)
    __rt_entry_presh_1                       0x0800524b   Thumb Code     0  __rtentry2.o(.ARM.Collect$$rtentry$$00000002)
    __rt_entry_sh                            0x0800524b   Thumb Code     0  __rtentry4.o(.ARM.Collect$$rtentry$$00000004)
    __rt_entry_li                            0x08005251   Thumb Code     0  __rtentry2.o(.ARM.Collect$$rtentry$$0000000A)
    __rt_entry_postsh_1                      0x08005251   Thumb Code     0  __rtentry2.o(.ARM.Collect$$rtentry$$00000009)
    __rt_entry_main                          0x08005255   Thumb Code     0  __rtentry2.o(.ARM.Collect$$rtentry$$0000000D)
    __rt_entry_postli_1                      0x08005255   Thumb Code     0  __rtentry2.o(.ARM.Collect$$rtentry$$0000000C)
    __rt_exit                                0x0800525d   Thumb Code     0  rtexit.o(.ARM.Collect$$rtexit$$00000000)
    __rt_exit_ls                             0x0800525f   Thumb Code     0  rtexit2.o(.ARM.Collect$$rtexit$$00000003)
    __rt_exit_prels_1                        0x0800525f   Thumb Code     0  rtexit2.o(.ARM.Collect$$rtexit$$00000002)
    __rt_exit_exit                           0x08005263   Thumb Code     0  rtexit2.o(.ARM.Collect$$rtexit$$00000004)
    Reset_Handler                            0x08005269   Thumb Code     8  startup_stm32f2xx.o(.text)
    NMI_Handler                              0x08005271   Thumb Code     2  startup_stm32f2xx.o(.text)
    HardFault_Handler                        0x08005273   Thumb Code     2  startup_stm32f2xx.o(.text)
    MemManage_Handler                        0x08005275   Thumb Code     2  startup_stm32f2xx.o(.text)
    BusFault_Handler                         0x08005277   Thumb Code     2  startup_stm32f2xx.o(.text)
    UsageFault_Handler                       0x08005279   Thumb Code     2  startup_stm32f2xx.o(.text)
    SVC_Handler                              0x0800527b   Thumb Code     2  startup_stm32f2xx.o(.text)
    DebugMon_Handler                         0x0800527d   Thumb Code     2  startup_stm32f2xx.o(.text)
    PendSV_Handler                           0x0800527f   Thumb Code     2  startup_stm32f2xx.o(.text)
    SysTick_Handler                          0x08005281   Thumb Code     2  startup_stm32f2xx.o(.text)
    ADC_IRQHandler                           0x08005283   Thumb Code     0  startup_stm32f2xx.o(.text)
    CAN1_RX0_IRQHandler                      0x08005283   Thumb Code     0  startup_stm32f2xx.o(.text)
    CAN1_RX1_IRQHandler                      0x08005283   Thumb Code     0  startup_stm32f2xx.o(.text)
    CAN1_SCE_IRQHandler                      0x08005283   Thumb Code     0  startup_stm32f2xx.o(.text)
    CAN1_TX_IRQHandler                       0x08005283   Thumb Code     0  startup_stm32f2xx.o(.text)
    CAN2_RX1_IRQHandler                      0x08005283   Thumb Code     0  startup_stm32f2xx.o(.text)
    CAN2_SCE_IRQHandler                      0x08005283   Thumb Code     0  startup_stm32f2xx.o(.text)
    CAN2_TX_IRQHandler                       0x08005283   Thumb Code     0  startup_stm32f2xx.o(.text)
    CRYP_IRQHandler                          0x08005283   Thumb Code     0  startup_stm32f2xx.o(.text)
    DCMI_IRQHandler                          0x08005283   Thumb Code     0  startup_stm32f2xx.o(.text)
    DMA1_Stream0_IRQHandler                  0x08005283   Thumb Code     0  startup_stm32f2xx.o(.text)
    DMA1_Stream5_IRQHandler                  0x08005283   Thumb Code     0  startup_stm32f2xx.o(.text)
    DMA1_Stream6_IRQHandler                  0x08005283   Thumb Code     0  startup_stm32f2xx.o(.text)
    DMA1_Stream7_IRQHandler                  0x08005283   Thumb Code     0  startup_stm32f2xx.o(.text)
    DMA2_Stream1_IRQHandler                  0x08005283   Thumb Code     0  startup_stm32f2xx.o(.text)
    DMA2_Stream2_IRQHandler                  0x08005283   Thumb Code     0  startup_stm32f2xx.o(.text)
    DMA2_Stream4_IRQHandler                  0x08005283   Thumb Code     0  startup_stm32f2xx.o(.text)
    DMA2_Stream5_IRQHandler                  0x08005283   Thumb Code     0  startup_stm32f2xx.o(.text)
    DMA2_Stream6_IRQHandler                  0x08005283   Thumb Code     0  startup_stm32f2xx.o(.text)
    ETH_IRQHandler                           0x08005283   Thumb Code     0  startup_stm32f2xx.o(.text)
    ETH_WKUP_IRQHandler                      0x08005283   Thumb Code     0  startup_stm32f2xx.o(.text)
    EXTI0_IRQHandler                         0x08005283   Thumb Code     0  startup_stm32f2xx.o(.text)
    EXTI15_10_IRQHandler                     0x08005283   Thumb Code     0  startup_stm32f2xx.o(.text)
    EXTI1_IRQHandler                         0x08005283   Thumb Code     0  startup_stm32f2xx.o(.text)
    EXTI2_IRQHandler                         0x08005283   Thumb Code     0  startup_stm32f2xx.o(.text)
    EXTI3_IRQHandler                         0x08005283   Thumb Code     0  startup_stm32f2xx.o(.text)
    EXTI4_IRQHandler                         0x08005283   Thumb Code     0  startup_stm32f2xx.o(.text)
    EXTI9_5_IRQHandler                       0x08005283   Thumb Code     0  startup_stm32f2xx.o(.text)
    FLASH_IRQHandler                         0x08005283   Thumb Code     0  startup_stm32f2xx.o(.text)
    FSMC_IRQHandler                          0x08005283   Thumb Code     0  startup_stm32f2xx.o(.text)
    HASH_RNG_IRQHandler                      0x08005283   Thumb Code     0  startup_stm32f2xx.o(.text)
    I2C1_ER_IRQHandler                       0x08005283   Thumb Code     0  startup_stm32f2xx.o(.text)
    I2C1_EV_IRQHandler                       0x08005283   Thumb Code     0  startup_stm32f2xx.o(.text)
    I2C2_ER_IRQHandler                       0x08005283   Thumb Code     0  startup_stm32f2xx.o(.text)
    I2C2_EV_IRQHandler                       0x08005283   Thumb Code     0  startup_stm32f2xx.o(.text)
    I2C3_ER_IRQHandler                       0x08005283   Thumb Code     0  startup_stm32f2xx.o(.text)
    I2C3_EV_IRQHandler                       0x08005283   Thumb Code     0  startup_stm32f2xx.o(.text)
    OTG_FS_IRQHandler                        0x08005283   Thumb Code     0  startup_stm32f2xx.o(.text)
    OTG_FS_WKUP_IRQHandler                   0x08005283   Thumb Code     0  startup_stm32f2xx.o(.text)
    OTG_HS_EP1_IN_IRQHandler                 0x08005283   Thumb Code     0  startup_stm32f2xx.o(.text)
    OTG_HS_EP1_OUT_IRQHandler                0x08005283   Thumb Code     0  startup_stm32f2xx.o(.text)
    OTG_HS_IRQHandler                        0x08005283   Thumb Code     0  startup_stm32f2xx.o(.text)
    OTG_HS_WKUP_IRQHandler                   0x08005283   Thumb Code     0  startup_stm32f2xx.o(.text)
    PVD_IRQHandler                           0x08005283   Thumb Code     0  startup_stm32f2xx.o(.text)
    RCC_IRQHandler                           0x08005283   Thumb Code     0  startup_stm32f2xx.o(.text)
    RTC_Alarm_IRQHandler                     0x08005283   Thumb Code     0  startup_stm32f2xx.o(.text)
    RTC_WKUP_IRQHandler                      0x08005283   Thumb Code     0  startup_stm32f2xx.o(.text)
    SDIO_IRQHandler                          0x08005283   Thumb Code     0  startup_stm32f2xx.o(.text)
    SPI1_IRQHandler                          0x08005283   Thumb Code     0  startup_stm32f2xx.o(.text)
    SPI2_IRQHandler                          0x08005283   Thumb Code     0  startup_stm32f2xx.o(.text)
    SPI3_IRQHandler                          0x08005283   Thumb Code     0  startup_stm32f2xx.o(.text)
    TAMP_STAMP_IRQHandler                    0x08005283   Thumb Code     0  startup_stm32f2xx.o(.text)
    TIM1_BRK_TIM9_IRQHandler                 0x08005283   Thumb Code     0  startup_stm32f2xx.o(.text)
    TIM1_TRG_COM_TIM11_IRQHandler            0x08005283   Thumb Code     0  startup_stm32f2xx.o(.text)
    TIM1_UP_TIM10_IRQHandler                 0x08005283   Thumb Code     0  startup_stm32f2xx.o(.text)
    TIM4_IRQHandler                          0x08005283   Thumb Code     0  startup_stm32f2xx.o(.text)
    TIM5_IRQHandler                          0x08005283   Thumb Code     0  startup_stm32f2xx.o(.text)
    TIM6_DAC_IRQHandler                      0x08005283   Thumb Code     0  startup_stm32f2xx.o(.text)
    TIM8_BRK_TIM12_IRQHandler                0x08005283   Thumb Code     0  startup_stm32f2xx.o(.text)
    TIM8_CC_IRQHandler                       0x08005283   Thumb Code     0  startup_stm32f2xx.o(.text)
    TIM8_TRG_COM_TIM14_IRQHandler            0x08005283   Thumb Code     0  startup_stm32f2xx.o(.text)
    TIM8_UP_TIM13_IRQHandler                 0x08005283   Thumb Code     0  startup_stm32f2xx.o(.text)
    UART5_IRQHandler                         0x08005283   Thumb Code     0  startup_stm32f2xx.o(.text)
    USART2_IRQHandler                        0x08005283   Thumb Code     0  startup_stm32f2xx.o(.text)
    USART6_IRQHandler                        0x08005283   Thumb Code     0  startup_stm32f2xx.o(.text)
    WWDG_IRQHandler                          0x08005283   Thumb Code     0  startup_stm32f2xx.o(.text)
    __user_initial_stackheap                 0x08005285   Thumb Code     0  startup_stm32f2xx.o(.text)
    SystemInit                               0x080052a9   Thumb Code    62  system_stm32f2xx.o(.text)
    SystemCoreClockUpdate                    0x080052e7   Thumb Code   108  system_stm32f2xx.o(.text)
    DRIVER_BIF_Mode_Set                      0x08005401   Thumb Code    18  driver_bifgpio.o(.text)
    DRIVER_BIF_Config                        0x08005413   Thumb Code    26  driver_bifgpio.o(.text)
    DRIVER_BIF_SetHigh                       0x0800542d   Thumb Code    10  driver_bifgpio.o(.text)
    DRIVER_BIF_SetLow                        0x08005437   Thumb Code    10  driver_bifgpio.o(.text)
    DRIVER_BIF_Toggle                        0x08005441   Thumb Code    10  driver_bifgpio.o(.text)
    DRIVER_BIF_GetValue                      0x0800544b   Thumb Code    10  driver_bifgpio.o(.text)
    DRIVER_LED_On                            0x0800545d   Thumb Code    10  driver_led.o(.text)
    DRIVER_LED_Off                           0x08005467   Thumb Code    10  driver_led.o(.text)
    DRIVER_LED_Toggle                        0x08005471   Thumb Code    10  driver_led.o(.text)
    DRIVER_LED_Config                        0x0800547b   Thumb Code    48  driver_led.o(.text)
    DRIVER_TIMER_GetCurrState                0x080054f9   Thumb Code     6  driver_timer.o(.text)
    DRIVER_TIMER_SetTask                     0x080054ff   Thumb Code    58  driver_timer.o(.text)
    DRIVER_BIF_GetPollResults                0x08005539   Thumb Code     4  driver_timer.o(.text)
    DRIVER_TIMER_GetTau                      0x0800553d   Thumb Code     6  driver_timer.o(.text)
    DRIVER_TIMER_SetTau                      0x08005543   Thumb Code    22  driver_timer.o(.text)
    DRIVER_TIMER_Delayus                     0x08005559   Thumb Code    14  driver_timer.o(.text)
    DRIVER_TIMER_Config                      0x08005567   Thumb Code    94  driver_timer.o(.text)
    TIM7_IRQHandler                          0x080055c5   Thumb Code   188  driver_timer.o(.text)
    DRIVER_USART_Config                      0x0800568d   Thumb Code   136  driver_usart.o(.text)
    DRIVER_USART_NVIC_Config                 0x08005715   Thumb Code    44  driver_usart.o(.text)
    DRIVER_USART_GetChar                     0x08005741   Thumb Code    26  driver_usart.o(.text)
    DRIVER_USART_GetLine                     0x0800575b   Thumb Code    50  driver_usart.o(.text)
    fputc                                    0x0800578d   Thumb Code    30  driver_usart.o(.text)
    _sys_exit                                0x080057ab   Thumb Code     2  driver_usart.o(.text)
    NVIC_PriorityGroupConfig                 0x080057bd   Thumb Code    10  misc.o(.text)
    NVIC_Init                                0x080057c7   Thumb Code    96  misc.o(.text)
    NVIC_SetVectorTable                      0x08005827   Thumb Code    14  misc.o(.text)
    NVIC_SystemLPConfig                      0x08005835   Thumb Code    20  misc.o(.text)
    SysTick_CLKSourceConfig                  0x08005849   Thumb Code    24  misc.o(.text)
    GPIO_DeInit                              0x0800586d   Thumb Code   192  stm32f2xx_gpio.o(.text)
    GPIO_Init                                0x0800592d   Thumb Code   162  stm32f2xx_gpio.o(.text)
    GPIO_StructInit                          0x080059cf   Thumb Code    18  stm32f2xx_gpio.o(.text)
    GPIO_PinLockConfig                       0x080059e1   Thumb Code    24  stm32f2xx_gpio.o(.text)
    GPIO_ReadInputDataBit                    0x080059f9   Thumb Code    14  stm32f2xx_gpio.o(.text)
    GPIO_ReadInputData                       0x08005a07   Thumb Code     6  stm32f2xx_gpio.o(.text)
    GPIO_ReadOutputDataBit                   0x08005a0d   Thumb Code    14  stm32f2xx_gpio.o(.text)
    GPIO_ReadOutputData                      0x08005a1b   Thumb Code     6  stm32f2xx_gpio.o(.text)
    GPIO_SetBits                             0x08005a21   Thumb Code     4  stm32f2xx_gpio.o(.text)
    GPIO_ResetBits                           0x08005a25   Thumb Code     4  stm32f2xx_gpio.o(.text)
    GPIO_WriteBit                            0x08005a29   Thumb Code    10  stm32f2xx_gpio.o(.text)
    GPIO_Write                               0x08005a33   Thumb Code     4  stm32f2xx_gpio.o(.text)
    GPIO_ToggleBits                          0x08005a37   Thumb Code     8  stm32f2xx_gpio.o(.text)
    GPIO_PinAFConfig                         0x08005a3f   Thumb Code    32  stm32f2xx_gpio.o(.text)
    RCC_DeInit                               0x08005a85   Thumb Code    48  stm32f2xx_rcc.o(.text)
    RCC_HSEConfig                            0x08005ab5   Thumb Code    12  stm32f2xx_rcc.o(.text)
    RCC_GetFlagStatus                        0x08005ac1   Thumb Code    46  stm32f2xx_rcc.o(.text)
    RCC_WaitForHSEStartUp                    0x08005aef   Thumb Code    44  stm32f2xx_rcc.o(.text)
    RCC_AdjustHSICalibrationValue            0x08005b1b   Thumb Code    16  stm32f2xx_rcc.o(.text)
    RCC_HSICmd                               0x08005b2b   Thumb Code     6  stm32f2xx_rcc.o(.text)
    RCC_LSEConfig                            0x08005b31   Thumb Code    24  stm32f2xx_rcc.o(.text)
    RCC_LSICmd                               0x08005b49   Thumb Code     6  stm32f2xx_rcc.o(.text)
    RCC_PLLConfig                            0x08005b4f   Thumb Code    32  stm32f2xx_rcc.o(.text)
    RCC_PLLCmd                               0x08005b6f   Thumb Code     6  stm32f2xx_rcc.o(.text)
    RCC_PLLI2SConfig                         0x08005b75   Thumb Code    14  stm32f2xx_rcc.o(.text)
    RCC_PLLI2SCmd                            0x08005b83   Thumb Code     6  stm32f2xx_rcc.o(.text)
    RCC_ClockSecuritySystemCmd               0x08005b89   Thumb Code     6  stm32f2xx_rcc.o(.text)
    RCC_MCO1Config                           0x08005b8f   Thumb Code    18  stm32f2xx_rcc.o(.text)
    RCC_MCO2Config                           0x08005ba1   Thumb Code    18  stm32f2xx_rcc.o(.text)
    RCC_SYSCLKConfig                         0x08005bb3   Thumb Code    16  stm32f2xx_rcc.o(.text)
    RCC_GetSYSCLKSource                      0x08005bc3   Thumb Code    12  stm32f2xx_rcc.o(.text)
    RCC_HCLKConfig                           0x08005bcf   Thumb Code    16  stm32f2xx_rcc.o(.text)
    RCC_PCLK1Config                          0x08005bdf   Thumb Code    16  stm32f2xx_rcc.o(.text)
    RCC_PCLK2Config                          0x08005bef   Thumb Code    18  stm32f2xx_rcc.o(.text)
    RCC_GetClocksFreq                        0x08005c01   Thumb Code   134  stm32f2xx_rcc.o(.text)
    RCC_RTCCLKConfig                         0x08005c87   Thumb Code    42  stm32f2xx_rcc.o(.text)
    RCC_RTCCLKCmd                            0x08005cb1   Thumb Code     8  stm32f2xx_rcc.o(.text)
    RCC_BackupResetCmd                       0x08005cb9   Thumb Code     8  stm32f2xx_rcc.o(.text)
    RCC_I2SCLKConfig                         0x08005cc1   Thumb Code     8  stm32f2xx_rcc.o(.text)
    RCC_AHB1PeriphClockCmd                   0x08005cc9   Thumb Code    20  stm32f2xx_rcc.o(.text)
    RCC_AHB2PeriphClockCmd                   0x08005cdd   Thumb Code    20  stm32f2xx_rcc.o(.text)
    RCC_AHB3PeriphClockCmd                   0x08005cf1   Thumb Code    20  stm32f2xx_rcc.o(.text)
    RCC_APB1PeriphClockCmd                   0x08005d05   Thumb Code    20  stm32f2xx_rcc.o(.text)
    RCC_APB2PeriphClockCmd                   0x08005d19   Thumb Code    20  stm32f2xx_rcc.o(.text)
    RCC_AHB1PeriphResetCmd                   0x08005d2d   Thumb Code    20  stm32f2xx_rcc.o(.text)
    RCC_AHB2PeriphResetCmd                   0x08005d41   Thumb Code    20  stm32f2xx_rcc.o(.text)
    RCC_AHB3PeriphResetCmd                   0x08005d55   Thumb Code    20  stm32f2xx_rcc.o(.text)
    RCC_APB1PeriphResetCmd                   0x08005d69   Thumb Code    20  stm32f2xx_rcc.o(.text)
    RCC_APB2PeriphResetCmd                   0x08005d7d   Thumb Code    20  stm32f2xx_rcc.o(.text)
    RCC_AHB1PeriphClockLPModeCmd             0x08005d91   Thumb Code    20  stm32f2xx_rcc.o(.text)
    RCC_AHB2PeriphClockLPModeCmd             0x08005da5   Thumb Code    20  stm32f2xx_rcc.o(.text)
    RCC_AHB3PeriphClockLPModeCmd             0x08005db9   Thumb Code    20  stm32f2xx_rcc.o(.text)
    RCC_APB1PeriphClockLPModeCmd             0x08005dcd   Thumb Code    20  stm32f2xx_rcc.o(.text)
    RCC_APB2PeriphClockLPModeCmd             0x08005de1   Thumb Code    20  stm32f2xx_rcc.o(.text)
    RCC_ITConfig                             0x08005df5   Thumb Code    20  stm32f2xx_rcc.o(.text)
    RCC_ClearFlag                            0x08005e09   Thumb Code    14  stm32f2xx_rcc.o(.text)
    RCC_GetITStatus                          0x08005e17   Thumb Code    18  stm32f2xx_rcc.o(.text)
    RCC_ClearITPendingBit                    0x08005e29   Thumb Code     8  stm32f2xx_rcc.o(.text)
    TIM_DeInit                               0x08005e55   Thumb Code   284  stm32f2xx_tim.o(.text)
    TIM_TimeBaseInit                         0x08005f71   Thumb Code    96  stm32f2xx_tim.o(.text)
    TIM_TimeBaseStructInit                   0x08005fd1   Thumb Code    18  stm32f2xx_tim.o(.text)
    TIM_PrescalerConfig                      0x08005fe3   Thumb Code     6  stm32f2xx_tim.o(.text)
    TIM_CounterModeConfig                    0x08005fe9   Thumb Code    12  stm32f2xx_tim.o(.text)
    TIM_SetCounter                           0x08005ff5   Thumb Code     4  stm32f2xx_tim.o(.text)
    TIM_SetAutoreload                        0x08005ff9   Thumb Code     4  stm32f2xx_tim.o(.text)
    TIM_GetCounter                           0x08005ffd   Thumb Code     4  stm32f2xx_tim.o(.text)
    TIM_GetPrescaler                         0x08006001   Thumb Code     4  stm32f2xx_tim.o(.text)
    TIM_UpdateDisableConfig                  0x08006005   Thumb Code    20  stm32f2xx_tim.o(.text)
    TIM_UpdateRequestConfig                  0x08006019   Thumb Code    20  stm32f2xx_tim.o(.text)
    TIM_ARRPreloadConfig                     0x0800602d   Thumb Code    20  stm32f2xx_tim.o(.text)
    TIM_SelectOnePulseMode                   0x08006041   Thumb Code    16  stm32f2xx_tim.o(.text)
    TIM_SetClockDivision                     0x08006051   Thumb Code    16  stm32f2xx_tim.o(.text)
    TIM_Cmd                                  0x08006061   Thumb Code    20  stm32f2xx_tim.o(.text)
    TIM_OC1Init                              0x08006075   Thumb Code    88  stm32f2xx_tim.o(.text)
    TIM_OC2Init                              0x080060cd   Thumb Code   120  stm32f2xx_tim.o(.text)
    TIM_OC3Init                              0x08006145   Thumb Code   116  stm32f2xx_tim.o(.text)
    TIM_OC4Init                              0x080061b9   Thumb Code    88  stm32f2xx_tim.o(.text)
    TIM_OCStructInit                         0x08006211   Thumb Code    20  stm32f2xx_tim.o(.text)
    TIM_SelectOCxM                           0x08006225   Thumb Code   130  stm32f2xx_tim.o(.text)
    TIM_SetCompare1                          0x080062a7   Thumb Code     4  stm32f2xx_tim.o(.text)
    TIM_SetCompare2                          0x080062ab   Thumb Code     4  stm32f2xx_tim.o(.text)
    TIM_SetCompare3                          0x080062af   Thumb Code     4  stm32f2xx_tim.o(.text)
    TIM_SetCompare4                          0x080062b3   Thumb Code     4  stm32f2xx_tim.o(.text)
    TIM_ForcedOC1Config                      0x080062b7   Thumb Code    12  stm32f2xx_tim.o(.text)
    TIM_ForcedOC2Config                      0x080062c3   Thumb Code    20  stm32f2xx_tim.o(.text)
    TIM_ForcedOC3Config                      0x080062d7   Thumb Code    12  stm32f2xx_tim.o(.text)
    TIM_ForcedOC4Config                      0x080062e3   Thumb Code    20  stm32f2xx_tim.o(.text)
    TIM_OC1PreloadConfig                     0x080062f7   Thumb Code    12  stm32f2xx_tim.o(.text)
    TIM_OC2PreloadConfig                     0x08006303   Thumb Code    20  stm32f2xx_tim.o(.text)
    TIM_OC3PreloadConfig                     0x08006317   Thumb Code    12  stm32f2xx_tim.o(.text)
    TIM_OC4PreloadConfig                     0x08006323   Thumb Code    20  stm32f2xx_tim.o(.text)
    TIM_OC1FastConfig                        0x08006337   Thumb Code    12  stm32f2xx_tim.o(.text)
    TIM_OC2FastConfig                        0x08006343   Thumb Code    20  stm32f2xx_tim.o(.text)
    TIM_OC3FastConfig                        0x08006357   Thumb Code    12  stm32f2xx_tim.o(.text)
    TIM_OC4FastConfig                        0x08006363   Thumb Code    20  stm32f2xx_tim.o(.text)
    TIM_ClearOC1Ref                          0x08006377   Thumb Code    12  stm32f2xx_tim.o(.text)
    TIM_ClearOC2Ref                          0x08006383   Thumb Code    20  stm32f2xx_tim.o(.text)
    TIM_ClearOC3Ref                          0x08006397   Thumb Code    12  stm32f2xx_tim.o(.text)
    TIM_ClearOC4Ref                          0x080063a3   Thumb Code    20  stm32f2xx_tim.o(.text)
    TIM_OC1PolarityConfig                    0x080063b7   Thumb Code    12  stm32f2xx_tim.o(.text)
    TIM_OC1NPolarityConfig                   0x080063c3   Thumb Code    12  stm32f2xx_tim.o(.text)
    TIM_OC2PolarityConfig                    0x080063cf   Thumb Code    20  stm32f2xx_tim.o(.text)
    TIM_OC2NPolarityConfig                   0x080063e3   Thumb Code    20  stm32f2xx_tim.o(.text)
    TIM_OC3PolarityConfig                    0x080063f7   Thumb Code    20  stm32f2xx_tim.o(.text)
    TIM_OC3NPolarityConfig                   0x0800640b   Thumb Code    20  stm32f2xx_tim.o(.text)
    TIM_OC4PolarityConfig                    0x0800641f   Thumb Code    20  stm32f2xx_tim.o(.text)
    TIM_CCxCmd                               0x08006433   Thumb Code    22  stm32f2xx_tim.o(.text)
    TIM_CCxNCmd                              0x08006449   Thumb Code    22  stm32f2xx_tim.o(.text)
    TIM_SetIC4Prescaler                      0x0800645f   Thumb Code    24  stm32f2xx_tim.o(.text)
    TIM_SetIC3Prescaler                      0x08006477   Thumb Code    16  stm32f2xx_tim.o(.text)
    TIM_SetIC2Prescaler                      0x08006487   Thumb Code    24  stm32f2xx_tim.o(.text)
    TIM_SetIC1Prescaler                      0x080064d5   Thumb Code    16  stm32f2xx_tim.o(.text)
    TIM_ICInit                               0x080064e5   Thumb Code   164  stm32f2xx_tim.o(.text)
    TIM_ICStructInit                         0x08006589   Thumb Code    16  stm32f2xx_tim.o(.text)
    TIM_PWMIConfig                           0x08006599   Thumb Code   104  stm32f2xx_tim.o(.text)
    TIM_GetCapture1                          0x08006601   Thumb Code     4  stm32f2xx_tim.o(.text)
    TIM_GetCapture2                          0x08006605   Thumb Code     4  stm32f2xx_tim.o(.text)
    TIM_GetCapture3                          0x08006609   Thumb Code     4  stm32f2xx_tim.o(.text)
    TIM_GetCapture4                          0x0800660d   Thumb Code     4  stm32f2xx_tim.o(.text)
    TIM_BDTRConfig                           0x08006611   Thumb Code    34  stm32f2xx_tim.o(.text)
    TIM_BDTRStructInit                       0x08006633   Thumb Code    18  stm32f2xx_tim.o(.text)
    TIM_CtrlPWMOutputs                       0x08006645   Thumb Code    22  stm32f2xx_tim.o(.text)
    TIM_SelectCOM                            0x0800665b   Thumb Code    20  stm32f2xx_tim.o(.text)
    TIM_CCPreloadControl                     0x0800666f   Thumb Code    20  stm32f2xx_tim.o(.text)
    TIM_ITConfig                             0x08006683   Thumb Code    16  stm32f2xx_tim.o(.text)
    TIM_GenerateEvent                        0x08006693   Thumb Code     4  stm32f2xx_tim.o(.text)
    TIM_GetFlagStatus                        0x08006697   Thumb Code    14  stm32f2xx_tim.o(.text)
    TIM_ClearFlag                            0x080066a5   Thumb Code     6  stm32f2xx_tim.o(.text)
    TIM_GetITStatus                          0x080066ab   Thumb Code    24  stm32f2xx_tim.o(.text)
    TIM_ClearITPendingBit                    0x080066c3   Thumb Code     6  stm32f2xx_tim.o(.text)
    TIM_DMAConfig                            0x080066c9   Thumb Code     8  stm32f2xx_tim.o(.text)
    TIM_DMACmd                               0x080066d1   Thumb Code    16  stm32f2xx_tim.o(.text)
    TIM_SelectCCDMA                          0x080066e1   Thumb Code    20  stm32f2xx_tim.o(.text)
    TIM_InternalClockConfig                  0x080066f5   Thumb Code    10  stm32f2xx_tim.o(.text)
    TIM_SelectInputTrigger                   0x080066ff   Thumb Code    12  stm32f2xx_tim.o(.text)
    TIM_ITRxExternalClockConfig              0x0800670b   Thumb Code    18  stm32f2xx_tim.o(.text)
    TIM_TIxExternalClockConfig               0x0800671d   Thumb Code    46  stm32f2xx_tim.o(.text)
    TIM_ETRConfig                            0x0800674b   Thumb Code    24  stm32f2xx_tim.o(.text)
    TIM_ETRClockMode1Config                  0x08006763   Thumb Code    18  stm32f2xx_tim.o(.text)
    TIM_ETRClockMode2Config                  0x08006775   Thumb Code    18  stm32f2xx_tim.o(.text)
    TIM_SelectOutputTrigger                  0x08006787   Thumb Code    16  stm32f2xx_tim.o(.text)
    TIM_SelectSlaveMode                      0x08006797   Thumb Code    16  stm32f2xx_tim.o(.text)
    TIM_SelectMasterSlaveMode                0x080067a7   Thumb Code    16  stm32f2xx_tim.o(.text)
    TIM_EncoderInterfaceConfig               0x080067b7   Thumb Code    50  stm32f2xx_tim.o(.text)
    TIM_SelectHallSensor                     0x080067e9   Thumb Code    20  stm32f2xx_tim.o(.text)
    TIM_RemapConfig                          0x080067fd   Thumb Code     6  stm32f2xx_tim.o(.text)
    USART_DeInit                             0x08006831   Thumb Code   114  stm32f2xx_usart.o(.text)
    USART_Init                               0x080068a3   Thumb Code   164  stm32f2xx_usart.o(.text)
    USART_StructInit                         0x08006947   Thumb Code    22  stm32f2xx_usart.o(.text)
    USART_ClockInit                          0x0800695d   Thumb Code    28  stm32f2xx_usart.o(.text)
    USART_ClockStructInit                    0x08006979   Thumb Code    12  stm32f2xx_usart.o(.text)
    USART_Cmd                                0x08006985   Thumb Code    20  stm32f2xx_usart.o(.text)
    USART_SetPrescaler                       0x08006999   Thumb Code    16  stm32f2xx_usart.o(.text)
    USART_OverSampling8Cmd                   0x080069a9   Thumb Code    20  stm32f2xx_usart.o(.text)
    USART_OneBitMethodCmd                    0x080069bd   Thumb Code    20  stm32f2xx_usart.o(.text)
    USART_SendData                           0x080069d1   Thumb Code     8  stm32f2xx_usart.o(.text)
    USART_ReceiveData                        0x080069d9   Thumb Code     8  stm32f2xx_usart.o(.text)
    USART_SetAddress                         0x080069e1   Thumb Code    16  stm32f2xx_usart.o(.text)
    USART_ReceiverWakeUpCmd                  0x080069f1   Thumb Code    20  stm32f2xx_usart.o(.text)
    USART_WakeUpConfig                       0x08006a05   Thumb Code    16  stm32f2xx_usart.o(.text)
    USART_LINBreakDetectLengthConfig         0x08006a15   Thumb Code    16  stm32f2xx_usart.o(.text)
    USART_LINCmd                             0x08006a25   Thumb Code    20  stm32f2xx_usart.o(.text)
    USART_SendBreak                          0x08006a39   Thumb Code    10  stm32f2xx_usart.o(.text)
    USART_HalfDuplexCmd                      0x08006a43   Thumb Code    20  stm32f2xx_usart.o(.text)
    USART_SetGuardTime                       0x08006a57   Thumb Code    16  stm32f2xx_usart.o(.text)
    USART_SmartCardCmd                       0x08006a67   Thumb Code    20  stm32f2xx_usart.o(.text)
    USART_SmartCardNACKCmd                   0x08006a7b   Thumb Code    20  stm32f2xx_usart.o(.text)
    USART_IrDAConfig                         0x08006a8f   Thumb Code    16  stm32f2xx_usart.o(.text)
    USART_IrDACmd                            0x08006a9f   Thumb Code    20  stm32f2xx_usart.o(.text)
    USART_DMACmd                             0x08006ab3   Thumb Code    16  stm32f2xx_usart.o(.text)
    USART_ITConfig                           0x08006ac3   Thumb Code    48  stm32f2xx_usart.o(.text)
    USART_GetFlagStatus                      0x08006af3   Thumb Code    14  stm32f2xx_usart.o(.text)
    USART_ClearFlag                          0x08006b01   Thumb Code     6  stm32f2xx_usart.o(.text)
    USART_GetITStatus                        0x08006b07   Thumb Code    62  stm32f2xx_usart.o(.text)
    USART_ClearITPendingBit                  0x08006b45   Thumb Code    12  stm32f2xx_usart.o(.text)
    SPI_I2S_DeInit                           0x08006b69   Thumb Code    72  stm32f2xx_spi.o(.text)
    SPI_Init                                 0x08006bb1   Thumb Code    56  stm32f2xx_spi.o(.text)
    I2S_Init                                 0x08006be9   Thumb Code   190  stm32f2xx_spi.o(.text)
    SPI_StructInit                           0x08006ca7   Thumb Code    24  stm32f2xx_spi.o(.text)
    I2S_StructInit                           0x08006cbf   Thumb Code    18  stm32f2xx_spi.o(.text)
    SPI_Cmd                                  0x08006cd1   Thumb Code    20  stm32f2xx_spi.o(.text)
    I2S_Cmd                                  0x08006ce5   Thumb Code    20  stm32f2xx_spi.o(.text)
    SPI_DataSizeConfig                       0x08006cf9   Thumb Code    16  stm32f2xx_spi.o(.text)
    SPI_BiDirectionalLineConfig              0x08006d09   Thumb Code    22  stm32f2xx_spi.o(.text)
    SPI_NSSInternalSoftwareConfig            0x08006d1f   Thumb Code    24  stm32f2xx_spi.o(.text)
    SPI_SSOutputCmd                          0x08006d37   Thumb Code    20  stm32f2xx_spi.o(.text)
    SPI_TIModeCmd                            0x08006d4b   Thumb Code    20  stm32f2xx_spi.o(.text)
    SPI_I2S_ReceiveData                      0x08006d5f   Thumb Code     4  stm32f2xx_spi.o(.text)
    SPI_I2S_SendData                         0x08006d63   Thumb Code     4  stm32f2xx_spi.o(.text)
    SPI_CalculateCRC                         0x08006d67   Thumb Code    20  stm32f2xx_spi.o(.text)
    SPI_TransmitCRC                          0x08006d7b   Thumb Code    10  stm32f2xx_spi.o(.text)
    SPI_GetCRC                               0x08006d85   Thumb Code    12  stm32f2xx_spi.o(.text)
    SPI_GetCRCPolynomial                     0x08006d91   Thumb Code     4  stm32f2xx_spi.o(.text)
    SPI_I2S_DMACmd                           0x08006d95   Thumb Code    16  stm32f2xx_spi.o(.text)
    SPI_I2S_ITConfig                         0x08006da5   Thumb Code    24  stm32f2xx_spi.o(.text)
    SPI_I2S_GetFlagStatus                    0x08006dbd   Thumb Code    14  stm32f2xx_spi.o(.text)
    SPI_I2S_ClearFlag                        0x08006dcb   Thumb Code     6  stm32f2xx_spi.o(.text)
    SPI_I2S_GetITStatus                      0x08006dd1   Thumb Code    42  stm32f2xx_spi.o(.text)
    SPI_I2S_ClearITPendingBit                0x08006dfb   Thumb Code    14  stm32f2xx_spi.o(.text)
    ADC_DeInit                               0x08006e1d   Thumb Code    24  stm32f2xx_adc.o(.text)
    ADC_Init                                 0x08006e35   Thumb Code    66  stm32f2xx_adc.o(.text)
    ADC_StructInit                           0x08006e77   Thumb Code    20  stm32f2xx_adc.o(.text)
    ADC_CommonInit                           0x08006e8b   Thumb Code    34  stm32f2xx_adc.o(.text)
    ADC_CommonStructInit                     0x08006ead   Thumb Code    12  stm32f2xx_adc.o(.text)
    ADC_Cmd                                  0x08006eb9   Thumb Code    20  stm32f2xx_adc.o(.text)
    ADC_AnalogWatchdogCmd                    0x08006ecd   Thumb Code    12  stm32f2xx_adc.o(.text)
    ADC_AnalogWatchdogThresholdsConfig       0x08006ed9   Thumb Code     6  stm32f2xx_adc.o(.text)
    ADC_AnalogWatchdogSingleChannelConfig    0x08006edf   Thumb Code    12  stm32f2xx_adc.o(.text)
    ADC_TempSensorVrefintCmd                 0x08006eeb   Thumb Code    26  stm32f2xx_adc.o(.text)
    ADC_VBATCmd                              0x08006f05   Thumb Code    26  stm32f2xx_adc.o(.text)
    ADC_RegularChannelConfig                 0x08006f1f   Thumb Code   116  stm32f2xx_adc.o(.text)
    ADC_SoftwareStartConv                    0x08006f93   Thumb Code    10  stm32f2xx_adc.o(.text)
    ADC_GetSoftwareStartConvStatus           0x08006f9d   Thumb Code    14  stm32f2xx_adc.o(.text)
    ADC_EOCOnEachRegularChannelCmd           0x08006fab   Thumb Code    20  stm32f2xx_adc.o(.text)
    ADC_ContinuousModeCmd                    0x08006fbf   Thumb Code    20  stm32f2xx_adc.o(.text)
    ADC_DiscModeChannelCountConfig           0x08006fd3   Thumb Code    16  stm32f2xx_adc.o(.text)
    ADC_DiscModeCmd                          0x08006fe3   Thumb Code    20  stm32f2xx_adc.o(.text)
    ADC_GetConversionValue                   0x08006ff7   Thumb Code     6  stm32f2xx_adc.o(.text)
    ADC_GetMultiModeConversionValue          0x08006ffd   Thumb Code     8  stm32f2xx_adc.o(.text)
    ADC_DMACmd                               0x08007005   Thumb Code    20  stm32f2xx_adc.o(.text)
    ADC_DMARequestAfterLastTransferCmd       0x08007019   Thumb Code    20  stm32f2xx_adc.o(.text)
    ADC_MultiModeDMARequestAfterLastTransferCmd 0x0800702d   Thumb Code    26  stm32f2xx_adc.o(.text)
    ADC_InjectedChannelConfig                0x08007047   Thumb Code    74  stm32f2xx_adc.o(.text)
    ADC_InjectedSequencerLengthConfig        0x08007091   Thumb Code    16  stm32f2xx_adc.o(.text)
    ADC_SetInjectedOffset                    0x080070a1   Thumb Code    10  stm32f2xx_adc.o(.text)
    ADC_ExternalTrigInjectedConvConfig       0x080070ab   Thumb Code    12  stm32f2xx_adc.o(.text)
    ADC_ExternalTrigInjectedConvEdgeConfig   0x080070b7   Thumb Code    12  stm32f2xx_adc.o(.text)
    ADC_SoftwareStartInjectedConv            0x080070c3   Thumb Code    10  stm32f2xx_adc.o(.text)
    ADC_GetSoftwareStartInjectedConvCmdStatus 0x080070cd   Thumb Code    14  stm32f2xx_adc.o(.text)
    ADC_AutoInjectedConvCmd                  0x080070db   Thumb Code    20  stm32f2xx_adc.o(.text)
    ADC_InjectedDiscModeCmd                  0x080070ef   Thumb Code    20  stm32f2xx_adc.o(.text)
    ADC_GetInjectedConversionValue           0x08007103   Thumb Code    14  stm32f2xx_adc.o(.text)
    ADC_ITConfig                             0x08007111   Thumb Code    18  stm32f2xx_adc.o(.text)
    ADC_GetFlagStatus                        0x08007123   Thumb Code    14  stm32f2xx_adc.o(.text)
    ADC_ClearFlag                            0x08007131   Thumb Code     6  stm32f2xx_adc.o(.text)
    ADC_GetITStatus                          0x08007137   Thumb Code    30  stm32f2xx_adc.o(.text)
    ADC_ClearITPendingBit                    0x08007155   Thumb Code     8  stm32f2xx_adc.o(.text)
    CAN_DeInit                               0x08007171   Thumb Code    38  stm32f2xx_can.o(.text)
    CAN_Init                                 0x08007197   Thumb Code   232  stm32f2xx_can.o(.text)
    CAN_FilterInit                           0x0800727f   Thumb Code   194  stm32f2xx_can.o(.text)
    CAN_StructInit                           0x08007341   Thumb Code    32  stm32f2xx_can.o(.text)
    CAN_SlaveStartBank                       0x08007361   Thumb Code    38  stm32f2xx_can.o(.text)
    CAN_DBGFreeze                            0x08007387   Thumb Code    20  stm32f2xx_can.o(.text)
    CAN_TTComModeCmd                         0x0800739b   Thumb Code    90  stm32f2xx_can.o(.text)
    CAN_Transmit                             0x080073f5   Thumb Code   164  stm32f2xx_can.o(.text)
    CAN_TransmitStatus                       0x08007499   Thumb Code    88  stm32f2xx_can.o(.text)
    CAN_CancelTransmit                       0x080074f1   Thumb Code    36  stm32f2xx_can.o(.text)
    CAN_Receive                              0x08007515   Thumb Code   178  stm32f2xx_can.o(.text)
    CAN_FIFORelease                          0x080075c7   Thumb Code    22  stm32f2xx_can.o(.text)
    CAN_MessagePending                       0x080075dd   Thumb Code    22  stm32f2xx_can.o(.text)
    CAN_OperatingModeRequest                 0x080075f3   Thumb Code   140  stm32f2xx_can.o(.text)
    CAN_Sleep                                0x0800767f   Thumb Code    30  stm32f2xx_can.o(.text)
    CAN_WakeUp                               0x0800769d   Thumb Code    40  stm32f2xx_can.o(.text)
    CAN_GetLastErrorCode                     0x080076c5   Thumb Code    10  stm32f2xx_can.o(.text)
    CAN_GetReceiveErrorCounter               0x080076cf   Thumb Code     6  stm32f2xx_can.o(.text)
    CAN_GetLSBTransmitErrorCounter           0x080076d5   Thumb Code     8  stm32f2xx_can.o(.text)
    CAN_ITConfig                             0x080076dd   Thumb Code    16  stm32f2xx_can.o(.text)
    CAN_GetFlagStatus                        0x080076ed   Thumb Code    52  stm32f2xx_can.o(.text)
    CAN_ClearFlag                            0x08007721   Thumb Code    44  stm32f2xx_can.o(.text)
    CAN_GetITStatus                          0x0800774d   Thumb Code   162  stm32f2xx_can.o(.text)
    CAN_ClearITPendingBit                    0x080077ef   Thumb Code   116  stm32f2xx_can.o(.text)
    FLASH_SetLatency                         0x08007879   Thumb Code     6  stm32f2xx_flash.o(.text)
    FLASH_PrefetchBufferCmd                  0x0800787f   Thumb Code    22  stm32f2xx_flash.o(.text)
    FLASH_InstructionCacheCmd                0x08007895   Thumb Code    22  stm32f2xx_flash.o(.text)
    FLASH_DataCacheCmd                       0x080078ab   Thumb Code    22  stm32f2xx_flash.o(.text)
    FLASH_InstructionCacheReset              0x080078c1   Thumb Code    12  stm32f2xx_flash.o(.text)
    FLASH_DataCacheReset                     0x080078cd   Thumb Code    12  stm32f2xx_flash.o(.text)
    FLASH_Unlock                             0x080078d9   Thumb Code    24  stm32f2xx_flash.o(.text)
    FLASH_Lock                               0x080078f1   Thumb Code    14  stm32f2xx_flash.o(.text)
    FLASH_GetStatus                          0x080078ff   Thumb Code    48  stm32f2xx_flash.o(.text)
    FLASH_WaitForLastOperation               0x0800792f   Thumb Code    32  stm32f2xx_flash.o(.text)
    FLASH_EraseSector                        0x0800794f   Thumb Code   106  stm32f2xx_flash.o(.text)
    FLASH_EraseAllSectors                    0x080079b9   Thumb Code    88  stm32f2xx_flash.o(.text)
    FLASH_ProgramDoubleWord                  0x08007a11   Thumb Code    62  stm32f2xx_flash.o(.text)
    FLASH_ProgramWord                        0x08007a4f   Thumb Code    58  stm32f2xx_flash.o(.text)
    FLASH_ProgramHalfWord                    0x08007a89   Thumb Code    58  stm32f2xx_flash.o(.text)
    FLASH_ProgramByte                        0x08007ac3   Thumb Code    54  stm32f2xx_flash.o(.text)
    FLASH_OB_Unlock                          0x08007af9   Thumb Code    24  stm32f2xx_flash.o(.text)
    FLASH_OB_Lock                            0x08007b11   Thumb Code    14  stm32f2xx_flash.o(.text)
    FLASH_OB_WRPConfig                       0x08007b1f   Thumb Code    32  stm32f2xx_flash.o(.text)
    FLASH_OB_RDPConfig                       0x08007b3f   Thumb Code    20  stm32f2xx_flash.o(.text)
    FLASH_OB_UserConfig                      0x08007b53   Thumb Code    36  stm32f2xx_flash.o(.text)
    FLASH_OB_BORConfig                       0x08007b77   Thumb Code    20  stm32f2xx_flash.o(.text)
    FLASH_OB_Launch                          0x08007b8b   Thumb Code    14  stm32f2xx_flash.o(.text)
    FLASH_OB_GetUser                         0x08007b99   Thumb Code    12  stm32f2xx_flash.o(.text)
    FLASH_OB_GetWRP                          0x08007ba5   Thumb Code     8  stm32f2xx_flash.o(.text)
    FLASH_OB_GetRDP                          0x08007bad   Thumb Code    16  stm32f2xx_flash.o(.text)
    FLASH_OB_GetBOR                          0x08007bbd   Thumb Code    12  stm32f2xx_flash.o(.text)
    FLASH_ITConfig                           0x08007bc9   Thumb Code    20  stm32f2xx_flash.o(.text)
    FLASH_GetFlagStatus                      0x08007bdd   Thumb Code    18  stm32f2xx_flash.o(.text)
    FLASH_ClearFlag                          0x08007bef   Thumb Code     8  stm32f2xx_flash.o(.text)
    DMA_DeInit                               0x08007c0d   Thumb Code   272  stm32f2xx_dma.o(.text)
    DMA_Init                                 0x08007d1d   Thumb Code    80  stm32f2xx_dma.o(.text)
    DMA_StructInit                           0x08007d6d   Thumb Code    34  stm32f2xx_dma.o(.text)
    DMA_Cmd                                  0x08007d8f   Thumb Code    20  stm32f2xx_dma.o(.text)
    DMA_PeriphIncOffsetSizeConfig            0x08007da3   Thumb Code    20  stm32f2xx_dma.o(.text)
    DMA_FlowControllerConfig                 0x08007db7   Thumb Code    20  stm32f2xx_dma.o(.text)
    DMA_SetCurrDataCounter                   0x08007dcb   Thumb Code     4  stm32f2xx_dma.o(.text)
    DMA_GetCurrDataCounter                   0x08007dcf   Thumb Code     6  stm32f2xx_dma.o(.text)
    DMA_DoubleBufferModeConfig               0x08007dd5   Thumb Code    22  stm32f2xx_dma.o(.text)
    DMA_DoubleBufferModeCmd                  0x08007deb   Thumb Code    20  stm32f2xx_dma.o(.text)
    DMA_MemoryTargetConfig                   0x08007dff   Thumb Code    10  stm32f2xx_dma.o(.text)
    DMA_GetCurrentMemoryTarget               0x08007e09   Thumb Code    14  stm32f2xx_dma.o(.text)
    DMA_GetCmdStatus                         0x08007e17   Thumb Code    14  stm32f2xx_dma.o(.text)
    DMA_GetFIFOStatus                        0x08007e25   Thumb Code     8  stm32f2xx_dma.o(.text)
    DMA_GetFlagStatus                        0x08007e2d   Thumb Code    42  stm32f2xx_dma.o(.text)
    DMA_ClearFlag                            0x08007e57   Thumb Code    34  stm32f2xx_dma.o(.text)
    DMA_ITConfig                             0x08007e79   Thumb Code    44  stm32f2xx_dma.o(.text)
    DMA_GetITStatus                          0x08007ea5   Thumb Code    70  stm32f2xx_dma.o(.text)
    DMA_ClearITPendingBit                    0x08007eeb   Thumb Code    34  stm32f2xx_dma.o(.text)
    bif_reverse_byte_order                   0x08007f2d   Thumb Code    32  bif_addr_io.o(.text)
    bif_write_addr_space                     0x08007f4d   Thumb Code    50  bif_addr_io.o(.text)
    bif_read_addr_space                      0x08007f7f   Thumb Code   114  bif_addr_io.o(.text)
    bif_read_addr_reverse                    0x08007ff1   Thumb Code    42  bif_addr_io.o(.text)
    bif_read_registers                       0x0800801b   Thumb Code    56  bif_addr_io.o(.text)
    bif_write_registers                      0x08008053   Thumb Code    20  bif_addr_io.o(.text)
    bif_set_tau                              0x0800806d   Thumb Code     4  bif_driver.o(.text)
    bif_get_tau                              0x08008071   Thumb Code     4  bif_driver.o(.text)
    bif_guard_delay                          0x08008125   Thumb Code    18  bif_driver.o(.text)
    bif_send_pkt_only                        0x08008137   Thumb Code    52  bif_driver.o(.text)
    bif_send_pkt_poll_int                    0x0800816b   Thumb Code    52  bif_driver.o(.text)
    bif_check_pkt                            0x0800819f   Thumb Code   408  bif_driver.o(.text)
    bif_send_pkt_poll_pkt                    0x08008337   Thumb Code   102  bif_driver.o(.text)
    bif_shutdown                             0x0800839d   Thumb Code    34  bif_driver.o(.text)
    bif_reset_delay                          0x080083bf   Thumb Code     8  bif_driver.o(.text)
    bif_treat_invert_flag                    0x080083c7   Thumb Code    54  bif_protocol.o(.text)
    bif_set_parity_bits                      0x080083fd   Thumb Code   178  bif_protocol.o(.text)
    bif_check_parity_bit                     0x080084af   Thumb Code   150  bif_protocol.o(.text)
    bif_check_bit_inversion                  0x08008545   Thumb Code    98  bif_protocol.o(.text)
    optiga_get_vendor_info                   0x080085a7   Thumb Code    74  optiga.o(.text)
    optiga_get_special_counters              0x080085f1   Thumb Code    44  optiga.o(.text)
    optiga_set_bif_tau                       0x0800861d   Thumb Code     4  optiga.o(.text)
    optiga_get_bif_tau                       0x08008621   Thumb Code     4  optiga.o(.text)
    optiga_get_lockofs                       0x08008625   Thumb Code    38  optiga_nvm.o(.text)
    optiga_update_lockofs                    0x0800864b   Thumb Code    48  optiga_nvm.o(.text)
    optiga_read_nvm                          0x0800867b   Thumb Code    10  optiga_nvm.o(.text)
    optiga_async_init                        0x0800877b   Thumb Code    34  optiga_async.o(.text)
    optiga_async_get_vendor_info             0x0800879d   Thumb Code    34  optiga_async.o(.text)
    optiga_async_get_odc                     0x080087bf   Thumb Code    44  optiga_async.o(.text)
    optiga_async_get_special_counters        0x080087eb   Thumb Code    34  optiga_async.o(.text)
    optiga_async_get_lockofs                 0x0800880d   Thumb Code    30  optiga_async.o(.text)
    optiga_async_process_challenge_response  0x0800882b   Thumb Code    98  optiga_async.o(.text)
    optiga_async_process_mac                 0x0800888d   Thumb Code    46  optiga_async.o(.text)
    optiga_async_write_nvm                   0x080088bb   Thumb Code    50  optiga_async.o(.text)
    optiga_async_read_nvm                    0x080088ed   Thumb Code    36  optiga_async.o(.text)
    optiga_async_reset_bif                   0x08008911   Thumb Code    36  optiga_async.o(.text)
    optiga_async_pooling_bif                 0x08008935   Thumb Code  1092  optiga_async.o(.text)
    main                                     0x08008d99   Thumb Code    54  main.o(.text)
    igs_timer_init                           0x08008dd5   Thumb Code    98  igs_timer.o(.text)
    TIM2_IRQHandler                          0x08008e37   Thumb Code    26  igs_timer.o(.text)
    igs_get_time_tick                        0x08008e51   Thumb Code     6  igs_timer.o(.text)
    igs_init                                 0x08008e5d   Thumb Code    78  igs_init.o(.text)
    igs_task_init                            0x08008ead   Thumb Code    12  igs_task.o(.text)
    igs_task_add                             0x08008eb9   Thumb Code   112  igs_task.o(.text)
    igs_task_set_task                        0x08008f29   Thumb Code    52  igs_task.o(.text)
    igs_task_main                            0x08008f5d   Thumb Code    54  igs_task.o(.text)
    igs_ikv_polling                          0x08009053   Thumb Code   270  igs_ikv.o(.text)
    igs_ikv_init                             0x080091eb   Thumb Code    92  igs_ikv.o(.text)
    igs_gpio_toggle_led1                     0x08009367   Thumb Code    10  igs_gpio.o(.text)
    igs_gpio_toggle_led2                     0x08009371   Thumb Code    10  igs_gpio.o(.text)
    igs_gpio_toggle_led3                     0x0800937b   Thumb Code    10  igs_gpio.o(.text)
    igs_gpio_set_led3                        0x08009385   Thumb Code    10  igs_gpio.o(.text)
    igs_gpio_set_out_buf                     0x0800938f   Thumb Code    44  igs_gpio.o(.text)
    igs_gpio_init                            0x08009551   Thumb Code   352  igs_gpio.o(.text)
    igs_gpio_set_input_mask                  0x080096b1   Thumb Code    38  igs_gpio.o(.text)
    igs_gpio_set_switch_mask                 0x080096d7   Thumb Code    38  igs_gpio.o(.text)
    igs_gpio_set_output_mask                 0x080096fd   Thumb Code    36  igs_gpio.o(.text)
    igs_gpio_get_in_buf                      0x08009721   Thumb Code    80  igs_gpio.o(.text)
    igs_gpio_get_switch_buf                  0x08009771   Thumb Code    42  igs_gpio.o(.text)
    igs_gpio_set_out_real                    0x0800979b   Thumb Code    44  igs_gpio.o(.text)
    igs_gpio_get_in_real                     0x080097c7   Thumb Code    40  igs_gpio.o(.text)
    igs_spi_init                             0x080098f1   Thumb Code   424  igs_spi.o(.text)
    igs_spi_trigger                          0x08009a99   Thumb Code    24  igs_spi.o(.text)
    igs_spi_check_rx                         0x08009ab1   Thumb Code    28  igs_spi.o(.text)
    DMA2_Stream0_IRQHandler                  0x08009acd   Thumb Code    34  igs_spi.o(.text)
    DMA2_Stream3_IRQHandler                  0x08009aef   Thumb Code    36  igs_spi.o(.text)
    igs_protocol_init                        0x08009bad   Thumb Code    48  igs_protocol.o(.text)
    igs_protocol_command_register            0x08009bdd   Thumb Code    24  igs_protocol.o(.text)
    pulseDevicePinSet                        0x08009cf9   Thumb Code    24  igs_pulsedevice.o(.text)
    igs_dispenser_init                       0x0800a053   Thumb Code    24  igs_dispenser.o(.text)
    igs_dispenser_reset                      0x0800a06b   Thumb Code    46  igs_dispenser.o(.text)
    igs_acceptor_init                        0x0800a32f   Thumb Code    24  igs_acceptor.o(.text)
    igs_counter_init                         0x0800a4f9   Thumb Code    24  igs_counter.o(.text)
    igs_counter_reset                        0x0800a511   Thumb Code    38  igs_counter.o(.text)
    igs_queue_init                           0x0800a5a1   Thumb Code     2  igs_queue.o(.text)
    igs_queue_push                           0x0800a5a3   Thumb Code   158  igs_queue.o(.text)
    igs_queue_pop                            0x0800a641   Thumb Code   122  igs_queue.o(.text)
    igs_uart_init                            0x0800acb7   Thumb Code   236  igs_uart.o(.text)
    DMA1_Stream3_IRQHandler                  0x0800ada3   Thumb Code    38  igs_uart.o(.text)
    DMA1_Stream1_IRQHandler                  0x0800adc9   Thumb Code    38  igs_uart.o(.text)
    USART3_IRQHandler                        0x0800adef   Thumb Code    36  igs_uart.o(.text)
    DMA1_Stream4_IRQHandler                  0x0800ae13   Thumb Code    40  igs_uart.o(.text)
    DMA1_Stream2_IRQHandler                  0x0800ae3b   Thumb Code    40  igs_uart.o(.text)
    UART4_IRQHandler                         0x0800ae63   Thumb Code    72  igs_uart.o(.text)
    igs_pwm_init                             0x0800b0f7   Thumb Code   386  igs_pwm.o(.text)
    TIM3_IRQHandler                          0x0800b279   Thumb Code    76  igs_pwm.o(.text)
    igs_can_init                             0x0800b383   Thumb Code   168  igs_can.o(.text)
    CAN2_RX0_IRQHandler                      0x0800b42b   Thumb Code    44  igs_can.o(.text)
    igs_marquee_init                         0x0800b7c1   Thumb Code    24  igs_marquee.o(.text)
    igs_adc_init                             0x0800b91d   Thumb Code   232  igs_adc.o(.text)
    igs_fan_set_speed                        0x0800ba35   Thumb Code    32  igs_fan.o(.text)
    igs_fan_init                             0x0800ba85   Thumb Code   342  igs_fan.o(.text)
    TIM1_CC_IRQHandler                       0x0800bbdb   Thumb Code    44  igs_fan.o(.text)
    igs_malloc                               0x0800bc89   Thumb Code    42  igs_malloc.o(.text)
    igs_scanKey_init                         0x0800be4d   Thumb Code    24  igs_scankey.o(.text)
    marquee_chip_init                        0x0800c169   Thumb Code    36  igs_marquee_driver.o(.text)
    marquee_chip_set                         0x0800c18d   Thumb Code    88  igs_marquee_driver.o(.text)
    igs_command_add_buf                      0x0800c26d   Thumb Code    46  igs_command.o(.text)
    igs_command_add_dat                      0x0800c29b   Thumb Code    24  igs_command.o(.text)
    igs_command_rst                          0x0800c2b3   Thumb Code    16  igs_command.o(.text)
    igs_command_insert                       0x0800c2c3   Thumb Code    54  igs_command.o(.text)
    igs_command_get                          0x0800c2f9   Thumb Code    36  igs_command.o(.text)
    igs_handler_init                         0x0800c4d7   Thumb Code    24  igs_handler.o(.text)
    FLASH_If_Init                            0x0800c5a5   Thumb Code    16  flash_if.o(.text)
    FLASH_If_Erase                           0x0800c647   Thumb Code    38  flash_if.o(.text)
    FLASH_If_Write                           0x0800c66d   Thumb Code    74  flash_if.o(.text)
    FLASH_If_GetWriteProtectionStatus        0x0800c6b7   Thumb Code    38  flash_if.o(.text)
    FLASH_If_DisableWriteProtection          0x0800c6dd   Thumb Code    54  flash_if.o(.text)
    USART1_IRQHandler                        0x0800c745   Thumb Code    98  igs_stm32_iap_app.o(.text)
    IAP_Init                                 0x0800c7a7   Thumb Code   320  igs_stm32_iap_app.o(.text)
    DMA2_Stream7_IRQHandler                  0x0800c8e7   Thumb Code    32  igs_stm32_iap_app.o(.text)
    __use_no_semihosting                     0x0800c92d   Thumb Code     2  use_no_semi_2.o(.text)
    __2printf                                0x0800c931   Thumb Code    20  noretval__2printf.o(.text)
    _printf_str                              0x0800c949   Thumb Code    82  _printf_str.o(.text)
    __printf                                 0x0800c99d   Thumb Code   308  __printf_flags_wp.o(.text)
    __aeabi_memcpy                           0x0800cad5   Thumb Code     0  rt_memcpy_v6.o(.text)
    __rt_memcpy                              0x0800cad5   Thumb Code   138  rt_memcpy_v6.o(.text)
    _memcpy_lastbytes                        0x0800cb3b   Thumb Code     0  rt_memcpy_v6.o(.text)
    __aeabi_memcpy4                          0x0800cb5f   Thumb Code     0  rt_memcpy_w.o(.text)
    __aeabi_memcpy8                          0x0800cb5f   Thumb Code     0  rt_memcpy_w.o(.text)
    __rt_memcpy_w                            0x0800cb5f   Thumb Code   100  rt_memcpy_w.o(.text)
    _memcpy_lastbytes_aligned                0x0800cba7   Thumb Code     0  rt_memcpy_w.o(.text)
    __aeabi_memclr                           0x0800cbc3   Thumb Code     0  rt_memclr.o(.text)
    __rt_memclr                              0x0800cbc3   Thumb Code    68  rt_memclr.o(.text)
    _memset                                  0x0800cbc7   Thumb Code     0  rt_memclr.o(.text)
    __aeabi_memclr4                          0x0800cc07   Thumb Code     0  rt_memclr_w.o(.text)
    __aeabi_memclr8                          0x0800cc07   Thumb Code     0  rt_memclr_w.o(.text)
    __rt_memclr_w                            0x0800cc07   Thumb Code    78  rt_memclr_w.o(.text)
    _memset_w                                0x0800cc0b   Thumb Code     0  rt_memclr_w.o(.text)
    __use_two_region_memory                  0x0800cc55   Thumb Code     2  heapauxi.o(.text)
    __rt_heap_escrow$2region                 0x0800cc57   Thumb Code     2  heapauxi.o(.text)
    __rt_heap_expand$2region                 0x0800cc59   Thumb Code     2  heapauxi.o(.text)
    __I$use$semihosting                      0x0800cc5b   Thumb Code     0  use_no_semi.o(.text)
    __use_no_semihosting_swi                 0x0800cc5b   Thumb Code     2  use_no_semi.o(.text)
    _printf_cs_common                        0x0800cc5d   Thumb Code    20  _printf_char.o(.text)
    _printf_char                             0x0800cc71   Thumb Code    16  _printf_char.o(.text)
    _printf_string                           0x0800cc81   Thumb Code     8  _printf_char.o(.text)
    _printf_char_file                        0x0800cc89   Thumb Code    32  _printf_char_file.o(.text)
    _printf_char_common                      0x0800ccb7   Thumb Code    32  _printf_char_common.o(.text)
    ferror                                   0x0800ccdd   Thumb Code     8  ferror.o(.text)
    __user_setup_stackheap                   0x0800cce5   Thumb Code    74  sys_stackheap_outer.o(.text)
    exit                                     0x0800cd2f   Thumb Code    12  exit.o(.text)
    __user_libspace                          0x0800cd3d   Thumb Code     8  libspace.o(.text)
    __user_perproc_libspace                  0x0800cd3d   Thumb Code     0  libspace.o(.text)
    __user_perthread_libspace                0x0800cd3d   Thumb Code     0  libspace.o(.text)
    _is_digit                                0x0800cd45   Thumb Code    14  __printf_wp.o(i._is_digit)
    __fpl_dcheck_NaN1                        0x0800cd55   Thumb Code    10  dcheck1.o(x$fpl$dcheck1)
    __aeabi_ddiv                             0x0800cd65   Thumb Code     0  ddiv.o(x$fpl$ddiv)
    _ddiv                                    0x0800cd65   Thumb Code   552  ddiv.o(x$fpl$ddiv)
    __aeabi_d2uiz                            0x0800d015   Thumb Code     0  dfixu.o(x$fpl$dfixu)
    _dfixu                                   0x0800d015   Thumb Code    90  dfixu.o(x$fpl$dfixu)
    __aeabi_ui2d                             0x0800d06f   Thumb Code     0  dflt_clz.o(x$fpl$dfltu)
    _dfltu                                   0x0800d06f   Thumb Code    38  dflt_clz.o(x$fpl$dfltu)
    __fpl_dnaninf                            0x0800d095   Thumb Code   156  dnaninf.o(x$fpl$dnaninf)
    __fpl_dretinf                            0x0800d131   Thumb Code    12  dretinf.o(x$fpl$dretinf)
    __fpl_return_NaN                         0x0800d13d   Thumb Code   100  retnan.o(x$fpl$retnan)
    __ARM_scalbn                             0x0800d1a1   Thumb Code    92  scalbn.o(x$fpl$scalbn)
    __fpl_cmpreturn                          0x0800d1fd   Thumb Code    48  trapv.o(x$fpl$trapveneer)
    __I$use$fp                               0x0800d22c   Number         0  usenofp.o(x$fpl$usenofp)
    Region$$Table$$Base                      0x0800d240   Number         0  anon$$obj.o(Region$$Table)
    Region$$Table$$Limit                     0x0800d260   Number         0  anon$$obj.o(Region$$Table)
    SystemCoreClock                          0x20000000   Data           4  system_stm32f2xx.o(.data)
    AHBPrescTable                            0x20000004   Data          16  system_stm32f2xx.o(.data)
    __stdout                                 0x20000030   Data           4  driver_usart.o(.data)
    ikv_device_IsEnable                      0x200000ec   Data           1  igs_ikv.o(.data)
    ikvCommandState                          0x200000ed   Data           1  igs_ikv.o(.data)
    pid                                      0x200000f0   Data           2  igs_ikv.o(.data)
    vid                                      0x200000f2   Data           2  igs_ikv.o(.data)
    lock_ofs                                 0x200000f4   Data           2  igs_ikv.o(.data)
    igs_switch_buf                           0x20000109   Data           1  igs_gpio.o(.data)
    switch_buf_mask                          0x2000010a   Data           1  igs_gpio.o(.data)
    igs_gpio_in_buf                          0x2000010b   Data           2  igs_gpio.o(.data)
    in_buf_mask                              0x2000010d   Data           2  igs_gpio.o(.data)
    igs_gpio_out_buf                         0x2000010f   Data           3  igs_gpio.o(.data)
    out_buf_mask                             0x20000112   Data           3  igs_gpio.o(.data)
    input_map                                0x20000118   Data         144  igs_gpio.o(.data)
    switch_map                               0x200001a8   Data          96  igs_gpio.o(.data)
    output_map                               0x20000208   Data         240  igs_gpio.o(.data)
    igs_rx_ok                                0x200002f8   Data           1  igs_spi.o(.data)
    igs_tx_ok                                0x200002f9   Data           1  igs_spi.o(.data)
    queue_table                              0x20000364   Data          20  igs_queue.o(.data)
    pwm_out_table                            0x200003dc   Data          36  igs_pwm.o(.data)
    pwm_in_device                            0x20000400   Data          32  igs_pwm.o(.data)
    can_device                               0x20000424   Data           8  igs_can.o(.data)
    battery_device                           0x20000434   Data           8  igs_adc.o(.data)
    fan_device                               0x2000043c   Data          16  igs_fan.o(.data)
    scan_key_device                          0x20000458   Data          24  igs_scankey.o(.data)
    igs_protocol_rx_buffer                   0x20000e14   Data         256  igs_protocol.o(.bss)
    igs_protocol_tx_buffer                   0x20000f14   Data         256  igs_protocol.o(.bss)
    dispenser                                0x20001014   Data        1344  igs_dispenser.o(.bss)
    acceptor                                 0x20001554   Data         960  igs_acceptor.o(.bss)
    counter                                  0x20001914   Data         512  igs_counter.o(.bss)
    uartDevice                               0x20001b48   Data         132  igs_uart.o(.bss)
    uartHandler                              0x20001c18   Data          36  igs_uart.o(.bss)
    pwm_out_device                           0x2000201c   Data          24  igs_pwm.o(.bss)
    marquee_device                           0x20002078   Data         112  igs_marquee.o(.bss)
    handler                                  0x2001a3e8   Data          64  igs_handler.o(.bss)
    __libspace_start                         0x2001a428   Data          96  libspace.o(.bss)
    __temporary_stack_top$libspace           0x2001a488   Data           0  libspace.o(.bss)



==============================================================================

Memory Map of the image

  Image Entry point : 0x08005185

  Load Region LR_IROM1 (Base: 0x08005000, Size: 0x000086f8, Max: 0x0007b000, ABSOLUTE, COMPRESSED[0x00008420])

    Execution Region ER_IROM1 (Base: 0x08005000, Size: 0x00008260, Max: 0x0007b000, ABSOLUTE)

    Base Addr    Size         Type   Attr      Idx    E Section Name        Object

    0x08005000   0x00000184   Data   RO            3    RESET               startup_stm32f2xx.o
    0x08005184   0x00000008   Code   RO          307  * !!!main             c_w.l(__main.o)
    0x0800518c   0x00000034   Code   RO          453    !!!scatter          c_w.l(__scatter.o)
    0x080051c0   0x0000005a   Code   RO          452    !!dczerorl2         c_w.l(__dczerorl2.o)
    0x0800521a   0x00000002   PAD
    0x0800521c   0x0000001c   Code   RO          454    !!handler_zi        c_w.l(__scatter_zi.o)
    0x08005238   0x00000000   Code   RO          301    .ARM.Collect$$_printf_percent$$00000000  c_w.l(_printf_percent.o)
    0x08005238   0x00000006   Code   RO          298    .ARM.Collect$$_printf_percent$$00000013  c_w.l(_printf_c.o)
    0x0800523e   0x00000004   Code   RO          321    .ARM.Collect$$_printf_percent$$00000017  c_w.l(_printf_percent_end.o)
    0x08005242   0x00000002   Code   RO          351    .ARM.Collect$$libinit$$00000000  c_w.l(libinit.o)
    0x08005244   0x00000000   Code   RO          358    .ARM.Collect$$libinit$$00000002  c_w.l(libinit2.o)
    0x08005244   0x00000000   Code   RO          360    .ARM.Collect$$libinit$$00000004  c_w.l(libinit2.o)
    0x08005244   0x00000000   Code   RO          363    .ARM.Collect$$libinit$$0000000A  c_w.l(libinit2.o)
    0x08005244   0x00000000   Code   RO          365    .ARM.Collect$$libinit$$0000000C  c_w.l(libinit2.o)
    0x08005244   0x00000000   Code   RO          367    .ARM.Collect$$libinit$$0000000E  c_w.l(libinit2.o)
    0x08005244   0x00000000   Code   RO          370    .ARM.Collect$$libinit$$00000011  c_w.l(libinit2.o)
    0x08005244   0x00000000   Code   RO          372    .ARM.Collect$$libinit$$00000013  c_w.l(libinit2.o)
    0x08005244   0x00000000   Code   RO          374    .ARM.Collect$$libinit$$00000015  c_w.l(libinit2.o)
    0x08005244   0x00000000   Code   RO          376    .ARM.Collect$$libinit$$00000017  c_w.l(libinit2.o)
    0x08005244   0x00000000   Code   RO          378    .ARM.Collect$$libinit$$00000019  c_w.l(libinit2.o)
    0x08005244   0x00000000   Code   RO          380    .ARM.Collect$$libinit$$0000001B  c_w.l(libinit2.o)
    0x08005244   0x00000000   Code   RO          382    .ARM.Collect$$libinit$$0000001D  c_w.l(libinit2.o)
    0x08005244   0x00000000   Code   RO          384    .ARM.Collect$$libinit$$0000001F  c_w.l(libinit2.o)
    0x08005244   0x00000000   Code   RO          386    .ARM.Collect$$libinit$$00000021  c_w.l(libinit2.o)
    0x08005244   0x00000000   Code   RO          388    .ARM.Collect$$libinit$$00000023  c_w.l(libinit2.o)
    0x08005244   0x00000000   Code   RO          390    .ARM.Collect$$libinit$$00000025  c_w.l(libinit2.o)
    0x08005244   0x00000000   Code   RO          394    .ARM.Collect$$libinit$$0000002C  c_w.l(libinit2.o)
    0x08005244   0x00000000   Code   RO          396    .ARM.Collect$$libinit$$0000002E  c_w.l(libinit2.o)
    0x08005244   0x00000000   Code   RO          398    .ARM.Collect$$libinit$$00000030  c_w.l(libinit2.o)
    0x08005244   0x00000000   Code   RO          400    .ARM.Collect$$libinit$$00000032  c_w.l(libinit2.o)
    0x08005244   0x00000002   Code   RO          401    .ARM.Collect$$libinit$$00000033  c_w.l(libinit2.o)
    0x08005246   0x00000002   Code   RO          414    .ARM.Collect$$libshutdown$$00000000  c_w.l(libshutdown.o)
    0x08005248   0x00000000   Code   RO          421    .ARM.Collect$$libshutdown$$00000003  c_w.l(libshutdown2.o)
    0x08005248   0x00000000   Code   RO          424    .ARM.Collect$$libshutdown$$00000006  c_w.l(libshutdown2.o)
    0x08005248   0x00000000   Code   RO          427    .ARM.Collect$$libshutdown$$00000009  c_w.l(libshutdown2.o)
    0x08005248   0x00000000   Code   RO          429    .ARM.Collect$$libshutdown$$0000000B  c_w.l(libshutdown2.o)
    0x08005248   0x00000000   Code   RO          432    .ARM.Collect$$libshutdown$$0000000E  c_w.l(libshutdown2.o)
    0x08005248   0x00000002   Code   RO          433    .ARM.Collect$$libshutdown$$0000000F  c_w.l(libshutdown2.o)
    0x0800524a   0x00000000   Code   RO          317    .ARM.Collect$$rtentry$$00000000  c_w.l(__rtentry.o)
    0x0800524a   0x00000000   Code   RO          327    .ARM.Collect$$rtentry$$00000002  c_w.l(__rtentry2.o)
    0x0800524a   0x00000006   Code   RO          339    .ARM.Collect$$rtentry$$00000004  c_w.l(__rtentry4.o)
    0x08005250   0x00000000   Code   RO          329    .ARM.Collect$$rtentry$$00000009  c_w.l(__rtentry2.o)
    0x08005250   0x00000004   Code   RO          330    .ARM.Collect$$rtentry$$0000000A  c_w.l(__rtentry2.o)
    0x08005254   0x00000000   Code   RO          332    .ARM.Collect$$rtentry$$0000000C  c_w.l(__rtentry2.o)
    0x08005254   0x00000008   Code   RO          333    .ARM.Collect$$rtentry$$0000000D  c_w.l(__rtentry2.o)
    0x0800525c   0x00000002   Code   RO          355    .ARM.Collect$$rtexit$$00000000  c_w.l(rtexit.o)
    0x0800525e   0x00000000   Code   RO          403    .ARM.Collect$$rtexit$$00000002  c_w.l(rtexit2.o)
    0x0800525e   0x00000004   Code   RO          404    .ARM.Collect$$rtexit$$00000003  c_w.l(rtexit2.o)
    0x08005262   0x00000006   Code   RO          405    .ARM.Collect$$rtexit$$00000004  c_w.l(rtexit2.o)
    0x08005268   0x00000040   Code   RO            4    .text               startup_stm32f2xx.o
    0x080052a8   0x00000158   Code   RO            8    .text               system_stm32f2xx.o
    0x08005400   0x0000005c   Code   RO           13    .text               driver_bifgpio.o
    0x0800545c   0x00000054   Code   RO           18    .text               driver_led.o
    0x080054b0   0x000001dc   Code   RO           22    .text               driver_timer.o
    0x0800568c   0x00000130   Code   RO           28    .text               driver_usart.o
    0x080057bc   0x000000b0   Code   RO           33    .text               misc.o
    0x0800586c   0x00000218   Code   RO           37    .text               stm32f2xx_gpio.o
    0x08005a84   0x000003d0   Code   RO           41    .text               stm32f2xx_rcc.o
    0x08005e54   0x000009dc   Code   RO           46    .text               stm32f2xx_tim.o
    0x08006830   0x00000338   Code   RO           50    .text               stm32f2xx_usart.o
    0x08006b68   0x000002b4   Code   RO           54    .text               stm32f2xx_spi.o
    0x08006e1c   0x00000354   Code   RO           58    .text               stm32f2xx_adc.o
    0x08007170   0x00000708   Code   RO           62    .text               stm32f2xx_can.o
    0x08007878   0x00000394   Code   RO           66    .text               stm32f2xx_flash.o
    0x08007c0c   0x00000320   Code   RO           70    .text               stm32f2xx_dma.o
    0x08007f2c   0x00000140   Code   RO           71    .text               bif_addr_io.o
    0x0800806c   0x0000035a   Code   RO           76    .text               bif_driver.o
    0x080083c6   0x000001e0   Code   RO           77    .text               bif_protocol.o
    0x080085a6   0x0000007e   Code   RO           78    .text               optiga.o
    0x08008624   0x00000118   Code   RO           95    .text               optiga_nvm.o
    0x0800873c   0x0000065c   Code   RO           97    .text               optiga_async.o
    0x08008d98   0x0000003c   Code   RO          107    .text               main.o
    0x08008dd4   0x00000088   Code   RO          112    .text               igs_timer.o
    0x08008e5c   0x0000004e   Code   RO          117    .text               igs_init.o
    0x08008eaa   0x00000002   PAD
    0x08008eac   0x000000ec   Code   RO          118    .text               igs_task.o
    0x08008f98   0x0000038c   Code   RO          123    .text               igs_ikv.o
    0x08009324   0x000005cc   Code   RO          129    .text               igs_gpio.o
    0x080098f0   0x0000023c   Code   RO          134    .text               igs_spi.o
    0x08009b2c   0x000001cc   Code   RO          139    .text               igs_protocol.o
    0x08009cf8   0x00000018   Code   RO          145    .text               igs_pulsedevice.o
    0x08009d10   0x0000043e   Code   RO          149    .text               igs_dispenser.o
    0x0800a14e   0x00000002   PAD
    0x0800a150   0x000002a4   Code   RO          154    .text               igs_acceptor.o
    0x0800a3f4   0x000001ac   Code   RO          159    .text               igs_counter.o
    0x0800a5a0   0x00000120   Code   RO          161    .text               igs_queue.o
    0x0800a6c0   0x00000896   Code   RO          175    .text               igs_uart.o
    0x0800af56   0x00000002   PAD
    0x0800af58   0x000003d4   Code   RO          181    .text               igs_pwm.o
    0x0800b32c   0x000001e8   Code   RO          187    .text               igs_can.o
    0x0800b514   0x000003b0   Code   RO          193    .text               igs_marquee.o
    0x0800b8c4   0x00000158   Code   RO          199    .text               igs_adc.o
    0x0800ba1c   0x0000026c   Code   RO          204    .text               igs_fan.o
    0x0800bc88   0x00000034   Code   RO          209    .text               igs_malloc.o
    0x0800bcbc   0x00000258   Code   RO          215    .text               igs_scankey.o
    0x0800bf14   0x00000358   Code   RO          224    .text               igs_marquee_driver.o
    0x0800c26c   0x000000b8   Code   RO          225    .text               igs_command.o
    0x0800c324   0x00000280   Code   RO          231    .text               igs_handler.o
    0x0800c5a4   0x000001a0   Code   RO          236    .text               flash_if.o
    0x0800c744   0x000001e8   Code   RO          240    .text               igs_stm32_iap_app.o
    0x0800c92c   0x00000002   Code   RO          264    .text               c_w.l(use_no_semi_2.o)
    0x0800c92e   0x00000002   PAD
    0x0800c930   0x00000018   Code   RO          266    .text               c_w.l(noretval__2printf.o)
    0x0800c948   0x00000052   Code   RO          269    .text               c_w.l(_printf_str.o)
    0x0800c99a   0x00000002   PAD
    0x0800c99c   0x00000138   Code   RO          293    .text               c_w.l(__printf_flags_wp.o)
    0x0800cad4   0x0000008a   Code   RO          302    .text               c_w.l(rt_memcpy_v6.o)
    0x0800cb5e   0x00000064   Code   RO          303    .text               c_w.l(rt_memcpy_w.o)
    0x0800cbc2   0x00000044   Code   RO          304    .text               c_w.l(rt_memclr.o)
    0x0800cc06   0x0000004e   Code   RO          305    .text               c_w.l(rt_memclr_w.o)
    0x0800cc54   0x00000006   Code   RO          306    .text               c_w.l(heapauxi.o)
    0x0800cc5a   0x00000002   Code   RO          316    .text               c_w.l(use_no_semi.o)
    0x0800cc5c   0x0000002c   Code   RO          319    .text               c_w.l(_printf_char.o)
    0x0800cc88   0x00000024   Code   RO          320    .text               c_w.l(_printf_char_file.o)
    0x0800ccac   0x00000030   Code   RO          341    .text               c_w.l(_printf_char_common.o)
    0x0800ccdc   0x00000008   Code   RO          342    .text               c_w.l(ferror.o)
    0x0800cce4   0x0000004a   Code   RO          345    .text               c_w.l(sys_stackheap_outer.o)
    0x0800cd2e   0x0000000c   Code   RO          347    .text               c_w.l(exit.o)
    0x0800cd3a   0x00000002   PAD
    0x0800cd3c   0x00000008   Code   RO          353    .text               c_w.l(libspace.o)
    0x0800cd44   0x0000000e   Code   RO          292    i._is_digit         c_w.l(__printf_wp.o)
    0x0800cd52   0x00000002   PAD
    0x0800cd54   0x00000010   Code   RO          322    x$fpl$dcheck1       fz_ws.l(dcheck1.o)
    0x0800cd64   0x000002b0   Code   RO          309    x$fpl$ddiv          fz_ws.l(ddiv.o)
    0x0800d014   0x0000005a   Code   RO          310    x$fpl$dfixu         fz_ws.l(dfixu.o)
    0x0800d06e   0x00000026   Code   RO          312    x$fpl$dfltu         fz_ws.l(dflt_clz.o)
    0x0800d094   0x0000009c   Code   RO          323    x$fpl$dnaninf       fz_ws.l(dnaninf.o)
    0x0800d130   0x0000000c   Code   RO          324    x$fpl$dretinf       fz_ws.l(dretinf.o)
    0x0800d13c   0x00000064   Code   RO          344    x$fpl$retnan        fz_ws.l(retnan.o)
    0x0800d1a0   0x0000005c   Code   RO          315    x$fpl$scalbn        fz_ws.l(scalbn.o)
    0x0800d1fc   0x00000030   Code   RO          352    x$fpl$trapveneer    fz_ws.l(trapv.o)
    0x0800d22c   0x00000000   Code   RO          325    x$fpl$usenofp       fz_ws.l(usenofp.o)
    0x0800d22c   0x00000011   Data   RO          294    .constdata          c_w.l(__printf_flags_wp.o)
    0x0800d23d   0x00000003   PAD
    0x0800d240   0x00000020   Data   RO          450    Region$$Table       anon$$obj.o


    Execution Region RW_IRAM1 (Base: 0x20000000, Size: 0x0001aa88, Max: 0x00020000, ABSOLUTE, COMPRESSED[0x000001c0])

    Base Addr    Size         Type   Attr      Idx    E Section Name        Object

    0x20000000   0x00000014   Data   RW            9    .data               system_stm32f2xx.o
    0x20000014   0x00000008   Data   RW           14    .data               driver_bifgpio.o
    0x2000001c   0x00000014   Data   RW           24    .data               driver_timer.o
    0x20000030   0x00000004   Data   RW           29    .data               driver_usart.o
    0x20000034   0x00000010   Data   RW           42    .data               stm32f2xx_rcc.o
    0x20000044   0x00000054   Data   RW           72    .data               bif_addr_io.o
    0x20000098   0x00000040   Data   RW           99    .data               optiga_async.o
    0x200000d8   0x00000004   Data   RW          108    .data               main.o
    0x200000dc   0x00000004   Data   RW          113    .data               igs_timer.o
    0x200000e0   0x0000000c   Data   RW          119    .data               igs_task.o
    0x200000ec   0x0000001c   Data   RW          125    .data               igs_ikv.o
    0x20000108   0x000001f0   Data   RW          130    .data               igs_gpio.o
    0x200002f8   0x0000000c   Data   RW          135    .data               igs_spi.o
    0x20000304   0x0000000c   Data   RW          141    .data               igs_protocol.o
    0x20000310   0x0000001c   Data   RW          164    .data               igs_queue.o
    0x2000032c   0x0000001c   Data   RW          165    .data               igs_queue.o
    0x20000348   0x0000001c   Data   RW          166    .data               igs_queue.o
    0x20000364   0x00000014   Data   RW          167    .data               igs_queue.o
    0x20000378   0x00000004   Data   RW          168    .data               igs_queue.o
    0x2000037c   0x00000004   Data   RW          169    .data               igs_queue.o
    0x20000380   0x00000001   Data   RW          170    .data               igs_queue.o
    0x20000381   0x00000003   PAD
    0x20000384   0x00000004   Data   RW          171    .data               igs_queue.o
    0x20000388   0x00000050   Data   RW          177    .data               igs_uart.o
    0x200003d8   0x00000048   Data   RW          183    .data               igs_pwm.o
    0x20000420   0x0000000c   Data   RW          189    .data               igs_can.o
    0x2000042c   0x00000008   Data   RW          195    .data               igs_marquee.o
    0x20000434   0x00000008   Data   RW          200    .data               igs_adc.o
    0x2000043c   0x00000010   Data   RW          205    .data               igs_fan.o
    0x2000044c   0x00000004   Data   RW          211    .data               igs_malloc.o
    0x20000450   0x00000004   Data   RW          217    .data               igs_scankey.o
    0x20000454   0x00000003   Data   RW          218    .data               igs_scankey.o
    0x20000457   0x00000001   PAD
    0x20000458   0x00000018   Data   RW          219    .data               igs_scankey.o
    0x20000470   0x00000002   Data   RW          220    .data               igs_scankey.o
    0x20000472   0x00000002   PAD
    0x20000474   0x00000010   Data   RW          227    .data               igs_command.o
    0x20000484   0x00000014   Data   RW          241    .data               igs_stm32_iap_app.o
    0x20000498   0x0000004c   Zero   RW           23    .bss                driver_timer.o
    0x200004e4   0x0000000a   Zero   RW           96    .bss                optiga_nvm.o
    0x200004ee   0x0000001a   Zero   RW           98    .bss                optiga_async.o
    0x20000508   0x0000010c   Zero   RW          124    .bss                igs_ikv.o
    0x20000614   0x00000a00   Zero   RW          140    .bss                igs_protocol.o
    0x20001014   0x00000540   Zero   RW          150    .bss                igs_dispenser.o
    0x20001554   0x000003c0   Zero   RW          155    .bss                igs_acceptor.o
    0x20001914   0x00000200   Zero   RW          160    .bss                igs_counter.o
    0x20001b14   0x00000020   Zero   RW          162    .bss                igs_queue.o
    0x20001b34   0x00000011   Zero   RW          163    .bss                igs_queue.o
    0x20001b45   0x00000003   PAD
    0x20001b48   0x000004d4   Zero   RW          176    .bss                igs_uart.o
    0x2000201c   0x00000018   Zero   RW          182    .bss                igs_pwm.o
    0x20002034   0x00000044   Zero   RW          188    .bss                igs_can.o
    0x20002078   0x0000016f   Zero   RW          194    .bss                igs_marquee.o
    0x200021e7   0x00000001   PAD
    0x200021e8   0x00018000   Zero   RW          210    .bss                igs_malloc.o
    0x2001a1e8   0x00000100   Zero   RW          216    .bss                igs_scankey.o
    0x2001a2e8   0x00000100   Zero   RW          226    .bss                igs_command.o
    0x2001a3e8   0x00000040   Zero   RW          232    .bss                igs_handler.o
    0x2001a428   0x00000060   Zero   RW          354    .bss                c_w.l(libspace.o)
    0x2001a488   0x00000200   Zero   RW            2    HEAP                startup_stm32f2xx.o
    0x2001a688   0x00000400   Zero   RW            1    STACK               startup_stm32f2xx.o


==============================================================================

Image component sizes


      Code (inc. data)   RO Data    RW Data    ZI Data      Debug   Object Name

       320          6          0         84          0          0   bif_addr_io.o
       858          0          0          0          0          0   bif_driver.o
       480          0          0          0          0          0   bif_protocol.o
        92          8          0          8          0          0   driver_bifgpio.o
        84          6          0          0          0          0   driver_led.o
       476         18          0         20         76          0   driver_timer.o
       304         16          0          4          0          0   driver_usart.o
       416         50          0          0          0          0   flash_if.o
       676         14          0          0        960          0   igs_acceptor.o
       344         24          0          8          0          0   igs_adc.o
       488         28          0         12         68          0   igs_can.o
       184          8          0         16        256          0   igs_command.o
       428         14          0          0        512          0   igs_counter.o
      1086         14          0          0       1344          0   igs_dispenser.o
       620         34          0         16          0          0   igs_fan.o
      1484         40          0        496          0          0   igs_gpio.o
       640         12          0          0         64          0   igs_handler.o
       908         58          0         28        268          0   igs_ikv.o
        78          0          0          0          0          0   igs_init.o
        52         10          0          4      98304          0   igs_malloc.o
       944         24          0          8        367          0   igs_marquee.o
       856          0          0          0          0          0   igs_marquee_driver.o
       460         26          0         12       2560          0   igs_protocol.o
        24          0          0          0          0          0   igs_pulsedevice.o
       980         44          0         72         24          0   igs_pwm.o
       288          6          0        117         49          0   igs_queue.o
       600         16          0         33        256          0   igs_scankey.o
       572         26          0         12          0          0   igs_spi.o
       488         38          0         20          0          0   igs_stm32_iap_app.o
       236          6          0         12          0          0   igs_task.o
       136          6          0          4          0          0   igs_timer.o
      2198        130          0         80       1236          0   igs_uart.o
        60          6          0          4          0          0   main.o
       176         12          0          0          0          0   misc.o
       126          0          0          0          0          0   optiga.o
      1628        106          0         64         26          0   optiga_async.o
       280          6          0          0         10          0   optiga_nvm.o
        64         26        388          0       1536          0   startup_stm32f2xx.o
       852         20          0          0          0          0   stm32f2xx_adc.o
      1800         42          0          0          0          0   stm32f2xx_can.o
       800         32          0          0          0          0   stm32f2xx_dma.o
       916         22          0          0          0          0   stm32f2xx_flash.o
       536         38          0          0          0          0   stm32f2xx_gpio.o
       976         36          0         16          0          0   stm32f2xx_rcc.o
       692         20          0          0          0          0   stm32f2xx_spi.o
      2524         52          0          0          0          0   stm32f2xx_tim.o
       824         24          0          0          0          0   stm32f2xx_usart.o
       344         34          0         20          0          0   system_stm32f2xx.o

    ----------------------------------------------------------------------
     30404       1158        420       1176     107920          0   Object Totals
         0          0         32          0          0          0   (incl. Generated)
         6          0          0          6          4          0   (incl. Padding)

    ----------------------------------------------------------------------

      Code (inc. data)   RO Data    RW Data    ZI Data      Debug   Library Member Name

        90          0          0          0          0          0   __dczerorl2.o
         8          0          0          0          0          0   __main.o
       312          4         17          0          0          0   __printf_flags_wp.o
        14          0          0          0          0          0   __printf_wp.o
         0          0          0          0          0          0   __rtentry.o
        12          0          0          0          0          0   __rtentry2.o
         6          0          0          0          0          0   __rtentry4.o
        52          8          0          0          0          0   __scatter.o
        28          0          0          0          0          0   __scatter_zi.o
         6          0          0          0          0          0   _printf_c.o
        44          0          0          0          0          0   _printf_char.o
        48          6          0          0          0          0   _printf_char_common.o
        36          4          0          0          0          0   _printf_char_file.o
         0          0          0          0          0          0   _printf_percent.o
         4          0          0          0          0          0   _printf_percent_end.o
        82          0          0          0          0          0   _printf_str.o
        12          0          0          0          0          0   exit.o
         8          0          0          0          0          0   ferror.o
         6          0          0          0          0          0   heapauxi.o
         2          0          0          0          0          0   libinit.o
         2          0          0          0          0          0   libinit2.o
         2          0          0          0          0          0   libshutdown.o
         2          0          0          0          0          0   libshutdown2.o
         8          4          0          0         96          0   libspace.o
        24          4          0          0          0          0   noretval__2printf.o
        68          0          0          0          0          0   rt_memclr.o
        78          0          0          0          0          0   rt_memclr_w.o
       138          0          0          0          0          0   rt_memcpy_v6.o
       100          0          0          0          0          0   rt_memcpy_w.o
         2          0          0          0          0          0   rtexit.o
        10          0          0          0          0          0   rtexit2.o
        74          0          0          0          0          0   sys_stackheap_outer.o
         2          0          0          0          0          0   use_no_semi.o
         2          0          0          0          0          0   use_no_semi_2.o
        16          4          0          0          0          0   dcheck1.o
       688        140          0          0          0          0   ddiv.o
        90          4          0          0          0          0   dfixu.o
        38          0          0          0          0          0   dflt_clz.o
       156          4          0          0          0          0   dnaninf.o
        12          0          0          0          0          0   dretinf.o
       100          0          0          0          0          0   retnan.o
        92          0          0          0          0          0   scalbn.o
        48          0          0          0          0          0   trapv.o
         0          0          0          0          0          0   usenofp.o

    ----------------------------------------------------------------------
      2532        182         20          0         96          0   Library Totals
        10          0          3          0          0          0   (incl. Padding)

    ----------------------------------------------------------------------

      Code (inc. data)   RO Data    RW Data    ZI Data      Debug   Library Name

      1282         30         17          0         96          0   c_w.l
      1240        152          0          0          0          0   fz_ws.l

    ----------------------------------------------------------------------
      2532        182         20          0         96          0   Library Totals

    ----------------------------------------------------------------------

==============================================================================


      Code (inc. data)   RO Data    RW Data    ZI Data      Debug   

     32936       1340        440       1176     108016          0   Grand Totals
     32936       1340        440        448     108016          0   ELF Image Totals (compressed)
     32936       1340        440        448          0          0   ROM Totals

==============================================================================

    Total RO  Size (Code + RO Data)                33376 (  32.59kB)
    Total RW  Size (RW Data + ZI Data)            109192 ( 106.63kB)
    Total ROM Size (Code + RO Data + RW Data)      33824 (  33.03kB)

==============================================================================

