<html>
<body>
<pre>
<h1>µVision Build Log</h1>
<h2>Tool Versions:</h2>
IDE-Version: £gVision V5.13.0.0
Copyright (C) 2014 ARM Ltd and ARM Germany GmbH. All rights reserved.
License Information: Sheng-Wen Peng, IGS, LIC=WHYKP-MSRBS-VEFHA-1D3Z2-KGD9V-3171K
 
Tool Versions:
Toolchain:       MDK-ARM Standard  Version: 5.13.0.0
Toolchain Path:  D:\Keil_v5\ARM\ARMCC\Bin
C Compiler:      Armcc.exe V5.05 update 1 (build 106)
Assembler:       Armasm.exe V5.05 update 1 (build 106)
Linker/Locator:  ArmLink.exe V5.05 update 1 (build 106)
Library Manager: ArmAr.exe V5.05 update 1 (build 106)
Hex Converter:   FromElf.exe V5.05 update 1 (build 106)
CPU DLL:         SARMCM3.DLL V5.13.0.0
Dialog DLL:      DCM.DLL V1.13.1.0
Target DLL:      Segger\JL2CM3.dll V2.99.11.0
Dialog DLL:      TCM.DLL V1.14.4.0
 
<h2>Project:</h2>
D:\data\projects\stm32_bif_igs\project\uVision\stm32_bif.uvprojx
Project File Date:  04/19/2016

<h2>Output:</h2>
Rebuild target 'release'
assembling startup_stm32f2xx.s...
compiling system_stm32f2xx.c...
compiling driver_bifgpio.c...
compiling driver_led.c...
compiling driver_timer.c...
compiling driver_usart.c...
compiling misc.c...
compiling stm32f2xx_gpio.c...
compiling stm32f2xx_rcc.c...
compiling stm32f2xx_tim.c...
compiling stm32f2xx_usart.c...
compiling stm32f2xx_spi.c...
compiling stm32f2xx_adc.c...
compiling stm32f2xx_can.c...
compiling stm32f2xx_flash.c...
compiling stm32f2xx_dma.c...
compiling bif_addr_io.c...
compiling bif_driver.c...
compiling bif_protocol.c...
compiling bif_search.c...
compiling optiga.c...
compiling optiga_auth.c...
compiling optiga_crypto.c...
compiling optiga_curve.c...
compiling optiga_host.c...
compiling optiga_nvm.c...
compiling optiga_async.c...
compiling display_utils.c...
compiling main.c...
compiling igs_timer.c...
compiling igs_init.c...
compiling igs_task.c...
compiling igs_ikv.c...
compiling igs_gpio.c...
compiling igs_spi.c...
compiling igs_protocol.c...
compiling igs_pulseDevice.c...
compiling igs_dispenser.c...
compiling igs_acceptor.c...
compiling igs_counter.c...
compiling igs_queue.c...
compiling igs_uart.c...
compiling igs_pwm.c...
compiling igs_can.c...
compiling igs_marquee.c...
compiling igs_adc.c...
compiling igs_fan.c...
compiling igs_malloc.c...
compiling igs_scanKey.c...
compiling igs_marquee_driver.c...
compiling igs_command.c...
compiling igs_handler.c...
compiling flash_if.c...
compiling IGS_STM32_IAP_APP.c...
linking...
Program Size: Code=32936 RO-data=440 RW-data=1176 ZI-data=108016  
FromELF: creating hex file...
After Build - User command #1: D:\Keil_v5\ARM\ARMCC\bin\fromelf.exe --bin --output .\Output\stm32_m01_pc.bin .\Output\stm32_m01_pc.axf
".\Output\stm32_m01_pc.axf" - 0 Error(s), 0 Warning(s).

<h2>Collection of Component include folders:</h2>
  D:\data\projects\stm32_bif_igs\project\uVision\RTE
  D:\Keil_v5\ARM\PACK\Keil\STM32F2xx_DFP\2.0.0\Drivers\CMSIS\Device\ST\STM32F2xx\Include

<h2>Collection of Component Files used:</h2>
</pre>
</body>
</html>
